[2021-01-13T15:56:12.006-0600][0.016s] Heap region size: 1M
[2021-01-13T15:56:12.152-0600][0.162s] Using G1
[2021-01-13T15:56:12.152-0600][0.162s] Heap address: 0x00000000e0000000, size: 512 MB, Compressed Oops mode: 32-bit
[2021-01-13T15:56:12.724-0600][0.734s] GC(0) Pause Young (Normal) (G1 Evacuation Pause)
[2021-01-13T15:56:12.725-0600][0.735s] GC(0) Using 12 workers of 13 for evacuation
[2021-01-13T15:56:12.727-0600][0.737s] GC(0)   Pre Evacuate Collection Set: 0.0ms
[2021-01-13T15:56:12.727-0600][0.737s] GC(0)   Evacuate Collection Set: 2.1ms
[2021-01-13T15:56:12.727-0600][0.737s] GC(0)   Post Evacuate Collection Set: 0.3ms
[2021-01-13T15:56:12.727-0600][0.737s] GC(0)   Other: 0.7ms
[2021-01-13T15:56:12.727-0600][0.737s] GC(0) Eden regions: 30->0(304)
[2021-01-13T15:56:12.728-0600][0.738s] GC(0) Survivor regions: 0->3(4)
[2021-01-13T15:56:12.728-0600][0.738s] GC(0) Old regions: 0->0
[2021-01-13T15:56:12.728-0600][0.738s] GC(0) Humongous regions: 0->0
[2021-01-13T15:56:12.728-0600][0.738s] GC(0) Metaspace: 13062K->13062K(1060864K)
[2021-01-13T15:56:12.728-0600][0.738s] GC(0) Pause Young (Normal) (G1 Evacuation Pause) 30M->2M(512M) 3.762ms
[2021-01-13T15:56:12.728-0600][0.738s] GC(0) User=0.00s Sys=0.00s Real=0.00s
[2021-01-13T15:56:13.151-0600][1.161s] GC(1) Pause Young (Concurrent Start) (Metadata GC Threshold)
[2021-01-13T15:56:13.151-0600][1.161s] GC(1) Using 12 workers of 13 for evacuation
[2021-01-13T15:56:13.163-0600][1.173s] GC(1)   Pre Evacuate Collection Set: 0.0ms
[2021-01-13T15:56:13.163-0600][1.173s] GC(1)   Evacuate Collection Set: 10.8ms
[2021-01-13T15:56:13.163-0600][1.173s] GC(1)   Post Evacuate Collection Set: 0.4ms
[2021-01-13T15:56:13.163-0600][1.173s] GC(1)   Other: 0.2ms
[2021-01-13T15:56:13.163-0600][1.173s] GC(1) Eden regions: 40->0(57)
[2021-01-13T15:56:13.163-0600][1.173s] GC(1) Survivor regions: 3->12(39)
[2021-01-13T15:56:13.163-0600][1.173s] GC(1) Old regions: 0->0
[2021-01-13T15:56:13.163-0600][1.173s] GC(1) Humongous regions: 4->4
[2021-01-13T15:56:13.163-0600][1.173s] GC(1) Metaspace: 20730K->20730K(1069056K)
[2021-01-13T15:56:13.163-0600][1.173s] GC(1) Pause Young (Concurrent Start) (Metadata GC Threshold) 46M->15M(512M) 11.638ms
[2021-01-13T15:56:13.163-0600][1.173s] GC(1) User=0.19s Sys=0.00s Real=0.01s
[2021-01-13T15:56:13.163-0600][1.173s] GC(2) Concurrent Cycle
[2021-01-13T15:56:13.163-0600][1.173s] GC(2) Concurrent Clear Claimed Marks
[2021-01-13T15:56:13.163-0600][1.173s] GC(2) Concurrent Clear Claimed Marks 0.049ms
[2021-01-13T15:56:13.163-0600][1.173s] GC(2) Concurrent Scan Root Regions
[2021-01-13T15:56:13.165-0600][1.175s] GC(2) Concurrent Scan Root Regions 2.374ms
[2021-01-13T15:56:13.165-0600][1.175s] GC(2) Concurrent Mark (1.175s)
[2021-01-13T15:56:13.165-0600][1.175s] GC(2) Concurrent Mark From Roots
[2021-01-13T15:56:13.165-0600][1.175s] GC(2) Using 3 workers of 3 for marking
[2021-01-13T15:56:13.166-0600][1.176s] GC(2) Concurrent Mark From Roots 0.596ms
[2021-01-13T15:56:13.166-0600][1.176s] GC(2) Concurrent Preclean
[2021-01-13T15:56:13.166-0600][1.176s] GC(2) Concurrent Preclean 0.112ms
[2021-01-13T15:56:13.166-0600][1.176s] GC(2) Concurrent Mark (1.175s, 1.176s) 0.752ms
[2021-01-13T15:56:13.166-0600][1.176s] GC(2) Pause Remark
[2021-01-13T15:56:13.167-0600][1.177s] GC(2) Cleaned string and symbol table, strings: 10174 processed, 0 removed, symbols: 67875 processed, 17 removed
[2021-01-13T15:56:13.167-0600][1.177s] GC(2) Pause Remark 16M->16M(512M) 1.034ms
[2021-01-13T15:56:13.167-0600][1.177s] GC(2) User=0.00s Sys=0.00s Real=0.00s
[2021-01-13T15:56:13.167-0600][1.177s] GC(2) Concurrent Rebuild Remembered Sets
[2021-01-13T15:56:13.168-0600][1.178s] GC(2) Concurrent Rebuild Remembered Sets 1.221ms
[2021-01-13T15:56:13.169-0600][1.179s] GC(2) Pause Cleanup
[2021-01-13T15:56:13.169-0600][1.179s] GC(2) Pause Cleanup 16M->16M(512M) 0.086ms
[2021-01-13T15:56:13.169-0600][1.179s] GC(2) User=0.00s Sys=0.00s Real=0.00s
[2021-01-13T15:56:13.169-0600][1.179s] GC(2) Concurrent Cleanup for Next Mark
[2021-01-13T15:56:13.169-0600][1.179s] GC(2) Concurrent Cleanup for Next Mark 0.298ms
[2021-01-13T15:56:13.169-0600][1.179s] GC(2) Concurrent Cycle 6.277ms
[2021-01-13T15:56:13.981-0600][1.991s] GC(3) Pause Young (Normal) (G1 Evacuation Pause)
[2021-01-13T15:56:13.981-0600][1.991s] GC(3) Using 13 workers of 13 for evacuation
[2021-01-13T15:56:13.989-0600][1.999s] GC(3)   Pre Evacuate Collection Set: 0.0ms
[2021-01-13T15:56:13.989-0600][1.999s] GC(3)   Evacuate Collection Set: 6.9ms
[2021-01-13T15:56:13.989-0600][1.999s] GC(3)   Post Evacuate Collection Set: 0.6ms
[2021-01-13T15:56:13.989-0600][1.999s] GC(3)   Other: 0.2ms
[2021-01-13T15:56:13.989-0600][1.999s] GC(3) Eden regions: 44->0(70)
[2021-01-13T15:56:13.989-0600][1.999s] GC(3) Survivor regions: 12->7(7)
[2021-01-13T15:56:13.989-0600][1.999s] GC(3) Old regions: 0->13
[2021-01-13T15:56:13.989-0600][1.999s] GC(3) Humongous regions: 4->4
[2021-01-13T15:56:13.989-0600][1.999s] GC(3) Metaspace: 25818K->25818K(1073152K)
[2021-01-13T15:56:13.989-0600][1.999s] GC(3) Pause Young (Normal) (G1 Evacuation Pause) 59M->23M(512M) 7.874ms
[2021-01-13T15:56:13.989-0600][1.999s] GC(3) User=0.20s Sys=0.00s Real=0.01s
[2021-01-13T15:56:14.913-0600][2.923s] GC(4) Pause Young (Normal) (G1 Evacuation Pause)
[2021-01-13T15:56:14.913-0600][2.923s] GC(4) Using 13 workers of 13 for evacuation
[2021-01-13T15:56:14.916-0600][2.926s] GC(4)   Pre Evacuate Collection Set: 0.0ms
[2021-01-13T15:56:14.916-0600][2.926s] GC(4)   Evacuate Collection Set: 2.1ms
[2021-01-13T15:56:14.916-0600][2.926s] GC(4)   Post Evacuate Collection Set: 0.3ms
[2021-01-13T15:56:14.916-0600][2.926s] GC(4)   Other: 0.2ms
[2021-01-13T15:56:14.916-0600][2.926s] GC(4) Eden regions: 70->0(113)
[2021-01-13T15:56:14.916-0600][2.926s] GC(4) Survivor regions: 7->2(10)
[2021-01-13T15:56:14.916-0600][2.926s] GC(4) Old regions: 13->20
[2021-01-13T15:56:14.916-0600][2.926s] GC(4) Humongous regions: 4->4
[2021-01-13T15:56:14.916-0600][2.926s] GC(4) Metaspace: 34750K->34750K(1081344K)
[2021-01-13T15:56:14.916-0600][2.926s] GC(4) Pause Young (Normal) (G1 Evacuation Pause) 93M->25M(512M) 2.708ms
[2021-01-13T15:56:14.916-0600][2.926s] GC(4) User=0.00s Sys=0.00s Real=0.00s
[2021-01-13T15:56:14.929-0600][2.940s] GC(5) Pause Young (Concurrent Start) (Metadata GC Threshold)
[2021-01-13T15:56:14.929-0600][2.940s] GC(5) Using 13 workers of 13 for evacuation
[2021-01-13T15:56:14.931-0600][2.941s] GC(5)   Pre Evacuate Collection Set: 0.0ms
[2021-01-13T15:56:14.931-0600][2.941s] GC(5)   Evacuate Collection Set: 1.3ms
[2021-01-13T15:56:14.931-0600][2.941s] GC(5)   Post Evacuate Collection Set: 0.2ms
[2021-01-13T15:56:14.931-0600][2.941s] GC(5)   Other: 0.2ms
[2021-01-13T15:56:14.931-0600][2.941s] GC(5) Eden regions: 1->0(111)
[2021-01-13T15:56:14.931-0600][2.941s] GC(5) Survivor regions: 2->2(15)
[2021-01-13T15:56:14.931-0600][2.941s] GC(5) Old regions: 20->20
[2021-01-13T15:56:14.931-0600][2.941s] GC(5) Humongous regions: 4->4
[2021-01-13T15:56:14.931-0600][2.941s] GC(5) Metaspace: 35313K->35313K(1081344K)
[2021-01-13T15:56:14.931-0600][2.941s] GC(5) Pause Young (Concurrent Start) (Metadata GC Threshold) 25M->24M(512M) 1.777ms
[2021-01-13T15:56:14.931-0600][2.941s] GC(5) User=0.00s Sys=0.00s Real=0.00s
[2021-01-13T15:56:14.931-0600][2.941s] GC(6) Concurrent Cycle
[2021-01-13T15:56:14.931-0600][2.941s] GC(6) Concurrent Clear Claimed Marks
[2021-01-13T15:56:14.931-0600][2.941s] GC(6) Concurrent Clear Claimed Marks 0.021ms
[2021-01-13T15:56:14.931-0600][2.941s] GC(6) Concurrent Scan Root Regions
[2021-01-13T15:56:14.932-0600][2.943s] GC(6) Concurrent Scan Root Regions 1.016ms
[2021-01-13T15:56:14.932-0600][2.943s] GC(6) Concurrent Mark (2.943s)
[2021-01-13T15:56:14.932-0600][2.943s] GC(6) Concurrent Mark From Roots
[2021-01-13T15:56:14.932-0600][2.943s] GC(6) Using 3 workers of 3 for marking
[2021-01-13T15:56:14.954-0600][2.964s] GC(6) Concurrent Mark From Roots 21.874ms
[2021-01-13T15:56:14.954-0600][2.964s] GC(6) Concurrent Preclean
[2021-01-13T15:56:14.954-0600][2.965s] GC(6) Concurrent Preclean 0.204ms
[2021-01-13T15:56:14.954-0600][2.965s] GC(6) Concurrent Mark (2.943s, 2.965s) 22.157ms
[2021-01-13T15:56:14.954-0600][2.965s] GC(6) Pause Remark
[2021-01-13T15:56:14.956-0600][2.967s] GC(6) Cleaned string and symbol table, strings: 16790 processed, 26 removed, symbols: 115725 processed, 48 removed
[2021-01-13T15:56:14.957-0600][2.967s] GC(6) Pause Remark 27M->27M(512M) 2.038ms
[2021-01-13T15:56:14.957-0600][2.967s] GC(6) User=0.05s Sys=0.00s Real=0.00s
[2021-01-13T15:56:14.957-0600][2.967s] GC(6) Concurrent Rebuild Remembered Sets
[2021-01-13T15:56:14.961-0600][2.971s] GC(6) Concurrent Rebuild Remembered Sets 4.259ms
[2021-01-13T15:56:14.961-0600][2.971s] GC(6) Pause Cleanup
[2021-01-13T15:56:14.961-0600][2.971s] GC(6) Pause Cleanup 27M->27M(512M) 0.092ms
[2021-01-13T15:56:14.961-0600][2.972s] GC(6) User=0.00s Sys=0.00s Real=0.00s
[2021-01-13T15:56:14.961-0600][2.972s] GC(6) Concurrent Cleanup for Next Mark
[2021-01-13T15:56:14.961-0600][2.972s] GC(6) Concurrent Cleanup for Next Mark 0.346ms
[2021-01-13T15:56:14.962-0600][2.972s] GC(6) Concurrent Cycle 30.483ms
[2021-01-13T15:56:19.996-0600][8.006s] GC(7) Pause Young (Concurrent Start) (G1 Evacuation Pause)
[2021-01-13T15:56:19.996-0600][8.006s] GC(7) Using 13 workers of 13 for evacuation
[2021-01-13T15:56:20.001-0600][8.011s] GC(7)   Pre Evacuate Collection Set: 0.1ms
[2021-01-13T15:56:20.001-0600][8.011s] GC(7)   Evacuate Collection Set: 3.9ms
[2021-01-13T15:56:20.001-0600][8.011s] GC(7)   Post Evacuate Collection Set: 0.4ms
[2021-01-13T15:56:20.001-0600][8.011s] GC(7)   Other: 0.2ms
[2021-01-13T15:56:20.001-0600][8.011s] GC(7) Eden regions: 111->0(185)
[2021-01-13T15:56:20.001-0600][8.011s] GC(7) Survivor regions: 2->11(15)
[2021-01-13T15:56:20.001-0600][8.011s] GC(7) Old regions: 20->20
[2021-01-13T15:56:20.001-0600][8.011s] GC(7) Humongous regions: 6->5
[2021-01-13T15:56:20.001-0600][8.011s] GC(7) Metaspace: 43502K->43502K(1089536K)
[2021-01-13T15:56:20.001-0600][8.011s] GC(7) Pause Young (Concurrent Start) (G1 Evacuation Pause) 137M->34M(512M) 4.713ms
[2021-01-13T15:56:20.001-0600][8.011s] GC(7) User=0.00s Sys=0.00s Real=0.00s
[2021-01-13T15:56:20.001-0600][8.011s] GC(8) Concurrent Cycle
[2021-01-13T15:56:20.001-0600][8.011s] GC(8) Concurrent Clear Claimed Marks
[2021-01-13T15:56:20.001-0600][8.011s] GC(8) Concurrent Clear Claimed Marks 0.090ms
[2021-01-13T15:56:20.001-0600][8.011s] GC(8) Concurrent Scan Root Regions
[2021-01-13T15:56:20.004-0600][8.014s] GC(8) Concurrent Scan Root Regions 2.559ms
[2021-01-13T15:56:20.004-0600][8.014s] GC(8) Concurrent Mark (8.014s)
[2021-01-13T15:56:20.004-0600][8.014s] GC(8) Concurrent Mark From Roots
[2021-01-13T15:56:20.004-0600][8.014s] GC(8) Using 3 workers of 3 for marking
[2021-01-13T15:56:20.021-0600][8.031s] GC(8) Concurrent Mark From Roots 17.494ms
[2021-01-13T15:56:20.021-0600][8.031s] GC(8) Concurrent Preclean
[2021-01-13T15:56:20.022-0600][8.032s] GC(8) Concurrent Preclean 0.205ms
[2021-01-13T15:56:20.022-0600][8.032s] GC(8) Concurrent Mark (8.014s, 8.032s) 17.790ms
[2021-01-13T15:56:20.022-0600][8.032s] GC(8) Pause Remark
[2021-01-13T15:56:20.024-0600][8.034s] GC(8) Cleaned string and symbol table, strings: 20332 processed, 0 removed, symbols: 141053 processed, 71 removed
[2021-01-13T15:56:20.024-0600][8.034s] GC(8) Pause Remark 42M->42M(512M) 2.403ms
[2021-01-13T15:56:20.024-0600][8.034s] GC(8) User=0.00s Sys=0.00s Real=0.00s
[2021-01-13T15:56:20.024-0600][8.034s] GC(8) Concurrent Rebuild Remembered Sets
[2021-01-13T15:56:20.029-0600][8.039s] GC(8) Concurrent Rebuild Remembered Sets 4.665ms
[2021-01-13T15:56:20.029-0600][8.039s] GC(8) Pause Cleanup
[2021-01-13T15:56:20.029-0600][8.039s] GC(8) Pause Cleanup 43M->43M(512M) 0.090ms
[2021-01-13T15:56:20.029-0600][8.039s] GC(8) User=0.00s Sys=0.00s Real=0.00s
[2021-01-13T15:56:20.029-0600][8.039s] GC(8) Concurrent Cleanup for Next Mark
[2021-01-13T15:56:20.030-0600][8.040s] GC(8) Concurrent Cleanup for Next Mark 0.460ms
[2021-01-13T15:56:20.030-0600][8.040s] GC(8) Concurrent Cycle 28.561ms
[2021-01-13T15:56:20.226-0600][8.236s] GC(9) Pause Young (Normal) (G1 Evacuation Pause)
[2021-01-13T15:56:20.226-0600][8.236s] GC(9) Using 13 workers of 13 for evacuation
[2021-01-13T15:56:20.231-0600][8.241s] GC(9)   Pre Evacuate Collection Set: 0.0ms
[2021-01-13T15:56:20.231-0600][8.241s] GC(9)   Evacuate Collection Set: 4.3ms
[2021-01-13T15:56:20.231-0600][8.241s] GC(9)   Post Evacuate Collection Set: 0.4ms
[2021-01-13T15:56:20.231-0600][8.241s] GC(9)   Other: 0.2ms
[2021-01-13T15:56:20.231-0600][8.241s] GC(9) Eden regions: 185->0(295)
[2021-01-13T15:56:20.231-0600][8.241s] GC(9) Survivor regions: 11->12(25)
[2021-01-13T15:56:20.231-0600][8.241s] GC(9) Old regions: 20->20
[2021-01-13T15:56:20.232-0600][8.241s] GC(9) Humongous regions: 5->5
[2021-01-13T15:56:20.232-0600][8.242s] GC(9) Metaspace: 45676K->45676K(1091584K)
[2021-01-13T15:56:20.232-0600][8.242s] GC(9) Pause Young (Normal) (G1 Evacuation Pause) 219M->36M(512M) 5.158ms
[2021-01-13T15:56:20.232-0600][8.242s] GC(9) User=0.00s Sys=0.00s Real=0.01s
[2021-01-13T15:56:21.288-0600][9.298s] GC(10) Pause Young (Normal) (G1 Evacuation Pause)
[2021-01-13T15:56:21.288-0600][9.298s] GC(10) Using 13 workers of 13 for evacuation
[2021-01-13T15:56:21.297-0600][9.307s] GC(10)   Pre Evacuate Collection Set: 0.0ms
[2021-01-13T15:56:21.297-0600][9.307s] GC(10)   Evacuate Collection Set: 8.1ms
[2021-01-13T15:56:21.297-0600][9.307s] GC(10)   Post Evacuate Collection Set: 1.0ms
[2021-01-13T15:56:21.297-0600][9.308s] GC(10)   Other: 0.3ms
[2021-01-13T15:56:21.297-0600][9.308s] GC(10) Eden regions: 295->0(290)
[2021-01-13T15:56:21.297-0600][9.308s] GC(10) Survivor regions: 12->17(39)
[2021-01-13T15:56:21.297-0600][9.308s] GC(10) Old regions: 20->20
[2021-01-13T15:56:21.297-0600][9.308s] GC(10) Humongous regions: 5->5
[2021-01-13T15:56:21.297-0600][9.308s] GC(10) Metaspace: 52871K->52871K(1097728K)
[2021-01-13T15:56:21.297-0600][9.308s] GC(10) Pause Young (Normal) (G1 Evacuation Pause) 331M->40M(512M) 9.660ms
[2021-01-13T15:56:21.297-0600][9.308s] GC(10) User=0.00s Sys=0.00s Real=0.01s
