[2021-01-14T19:44:20.332-0600][0.017s] Heap region size: 1M
[2021-01-14T19:44:20.482-0600][0.166s] Using G1
[2021-01-14T19:44:20.482-0600][0.167s] Heap address: 0x00000000e0000000, size: 512 MB, Compressed Oops mode: 32-bit
[2021-01-14T19:44:21.074-0600][0.759s] GC(0) Pause Young (Normal) (G1 Evacuation Pause)
[2021-01-14T19:44:21.074-0600][0.759s] GC(0) Using 12 workers of 13 for evacuation
[2021-01-14T19:44:21.078-0600][0.762s] GC(0)   Pre Evacuate Collection Set: 0.0ms
[2021-01-14T19:44:21.078-0600][0.763s] GC(0)   Evacuate Collection Set: 2.5ms
[2021-01-14T19:44:21.078-0600][0.763s] GC(0)   Post Evacuate Collection Set: 0.4ms
[2021-01-14T19:44:21.078-0600][0.763s] GC(0)   Other: 0.8ms
[2021-01-14T19:44:21.078-0600][0.763s] GC(0) Eden regions: 30->0(304)
[2021-01-14T19:44:21.078-0600][0.763s] GC(0) Survivor regions: 0->3(4)
[2021-01-14T19:44:21.078-0600][0.763s] GC(0) Old regions: 0->0
[2021-01-14T19:44:21.078-0600][0.763s] GC(0) Humongous regions: 0->0
[2021-01-14T19:44:21.078-0600][0.763s] GC(0) Metaspace: 13063K->13063K(1060864K)
[2021-01-14T19:44:21.078-0600][0.763s] GC(0) Pause Young (Normal) (G1 Evacuation Pause) 30M->2M(512M) 4.593ms
[2021-01-14T19:44:21.078-0600][0.763s] GC(0) User=0.00s Sys=0.00s Real=0.00s
[2021-01-14T19:44:21.529-0600][1.214s] GC(1) Pause Young (Concurrent Start) (Metadata GC Threshold)
[2021-01-14T19:44:21.529-0600][1.214s] GC(1) Using 12 workers of 13 for evacuation
[2021-01-14T19:44:21.535-0600][1.220s] GC(1)   Pre Evacuate Collection Set: 0.0ms
[2021-01-14T19:44:21.535-0600][1.220s] GC(1)   Evacuate Collection Set: 5.3ms
[2021-01-14T19:44:21.535-0600][1.220s] GC(1)   Post Evacuate Collection Set: 0.4ms
[2021-01-14T19:44:21.536-0600][1.221s] GC(1)   Other: 0.2ms
[2021-01-14T19:44:21.536-0600][1.221s] GC(1) Eden regions: 40->0(58)
[2021-01-14T19:44:21.536-0600][1.221s] GC(1) Survivor regions: 3->12(39)
[2021-01-14T19:44:21.536-0600][1.221s] GC(1) Old regions: 0->0
[2021-01-14T19:44:21.536-0600][1.221s] GC(1) Humongous regions: 4->4
[2021-01-14T19:44:21.536-0600][1.221s] GC(1) Metaspace: 20734K->20734K(1069056K)
[2021-01-14T19:44:21.536-0600][1.221s] GC(1) Pause Young (Concurrent Start) (Metadata GC Threshold) 46M->15M(512M) 6.158ms
[2021-01-14T19:44:21.536-0600][1.221s] GC(1) User=0.00s Sys=0.00s Real=0.01s
[2021-01-14T19:44:21.536-0600][1.221s] GC(2) Concurrent Cycle
[2021-01-14T19:44:21.536-0600][1.221s] GC(2) Concurrent Clear Claimed Marks
[2021-01-14T19:44:21.536-0600][1.221s] GC(2) Concurrent Clear Claimed Marks 0.042ms
[2021-01-14T19:44:21.536-0600][1.221s] GC(2) Concurrent Scan Root Regions
[2021-01-14T19:44:21.538-0600][1.223s] GC(2) Concurrent Scan Root Regions 2.501ms
[2021-01-14T19:44:21.538-0600][1.223s] GC(2) Concurrent Mark (1.223s)
[2021-01-14T19:44:21.538-0600][1.223s] GC(2) Concurrent Mark From Roots
[2021-01-14T19:44:21.538-0600][1.223s] GC(2) Using 3 workers of 3 for marking
[2021-01-14T19:44:21.539-0600][1.224s] GC(2) Concurrent Mark From Roots 0.584ms
[2021-01-14T19:44:21.539-0600][1.224s] GC(2) Concurrent Preclean
[2021-01-14T19:44:21.539-0600][1.224s] GC(2) Concurrent Preclean 0.078ms
[2021-01-14T19:44:21.539-0600][1.224s] GC(2) Concurrent Mark (1.223s, 1.224s) 0.711ms
[2021-01-14T19:44:21.539-0600][1.224s] GC(2) Pause Remark
[2021-01-14T19:44:21.540-0600][1.225s] GC(2) Cleaned string and symbol table, strings: 10167 processed, 0 removed, symbols: 67875 processed, 18 removed
[2021-01-14T19:44:21.540-0600][1.225s] GC(2) Pause Remark 16M->16M(512M) 1.121ms
[2021-01-14T19:44:21.540-0600][1.225s] GC(2) User=0.00s Sys=0.00s Real=0.00s
[2021-01-14T19:44:21.540-0600][1.225s] GC(2) Concurrent Rebuild Remembered Sets
[2021-01-14T19:44:21.541-0600][1.226s] GC(2) Concurrent Rebuild Remembered Sets 1.223ms
[2021-01-14T19:44:21.542-0600][1.227s] GC(2) Pause Cleanup
[2021-01-14T19:44:21.542-0600][1.227s] GC(2) Pause Cleanup 16M->16M(512M) 0.064ms
[2021-01-14T19:44:21.542-0600][1.227s] GC(2) User=0.00s Sys=0.00s Real=0.00s
[2021-01-14T19:44:21.542-0600][1.227s] GC(2) Concurrent Cleanup for Next Mark
[2021-01-14T19:44:21.542-0600][1.227s] GC(2) Concurrent Cleanup for Next Mark 0.338ms
[2021-01-14T19:44:21.542-0600][1.227s] GC(2) Concurrent Cycle 6.427ms
[2021-01-14T19:44:22.386-0600][2.071s] GC(3) Pause Young (Normal) (G1 Evacuation Pause)
[2021-01-14T19:44:22.386-0600][2.071s] GC(3) Using 13 workers of 13 for evacuation
[2021-01-14T19:44:22.395-0600][2.080s] GC(3)   Pre Evacuate Collection Set: 0.0ms
[2021-01-14T19:44:22.395-0600][2.080s] GC(3)   Evacuate Collection Set: 7.1ms
[2021-01-14T19:44:22.395-0600][2.080s] GC(3)   Post Evacuate Collection Set: 0.9ms
[2021-01-14T19:44:22.395-0600][2.080s] GC(3)   Other: 0.3ms
[2021-01-14T19:44:22.395-0600][2.080s] GC(3) Eden regions: 47->0(72)
[2021-01-14T19:44:22.396-0600][2.080s] GC(3) Survivor regions: 12->8(8)
[2021-01-14T19:44:22.396-0600][2.080s] GC(3) Old regions: 0->12
[2021-01-14T19:44:22.396-0600][2.080s] GC(3) Humongous regions: 4->4
[2021-01-14T19:44:22.396-0600][2.080s] GC(3) Metaspace: 26113K->26113K(1073152K)
[2021-01-14T19:44:22.396-0600][2.080s] GC(3) Pause Young (Normal) (G1 Evacuation Pause) 62M->23M(512M) 8.515ms
[2021-01-14T19:44:22.396-0600][2.080s] GC(3) User=0.00s Sys=0.00s Real=0.01s
[2021-01-14T19:44:23.162-0600][2.846s] GC(4) Pause Young (Concurrent Start) (Metadata GC Threshold)
[2021-01-14T19:44:23.162-0600][2.846s] GC(4) Using 13 workers of 13 for evacuation
[2021-01-14T19:44:23.165-0600][2.850s] GC(4)   Pre Evacuate Collection Set: 0.0ms
[2021-01-14T19:44:23.165-0600][2.850s] GC(4)   Evacuate Collection Set: 2.7ms
[2021-01-14T19:44:23.165-0600][2.850s] GC(4)   Post Evacuate Collection Set: 0.4ms
[2021-01-14T19:44:23.165-0600][2.850s] GC(4)   Other: 0.2ms
[2021-01-14T19:44:23.165-0600][2.850s] GC(4) Eden regions: 71->0(110)
[2021-01-14T19:44:23.165-0600][2.850s] GC(4) Survivor regions: 8->2(10)
[2021-01-14T19:44:23.165-0600][2.850s] GC(4) Old regions: 12->20
[2021-01-14T19:44:23.166-0600][2.850s] GC(4) Humongous regions: 4->4
[2021-01-14T19:44:23.166-0600][2.850s] GC(4) Metaspace: 35366K->35366K(1081344K)
[2021-01-14T19:44:23.166-0600][2.850s] GC(4) Pause Young (Concurrent Start) (Metadata GC Threshold) 93M->25M(512M) 3.481ms
[2021-01-14T19:44:23.166-0600][2.850s] GC(4) User=0.22s Sys=0.00s Real=0.00s
[2021-01-14T19:44:23.166-0600][2.850s] GC(5) Concurrent Cycle
[2021-01-14T19:44:23.166-0600][2.850s] GC(5) Concurrent Clear Claimed Marks
[2021-01-14T19:44:23.166-0600][2.850s] GC(5) Concurrent Clear Claimed Marks 0.044ms
[2021-01-14T19:44:23.166-0600][2.850s] GC(5) Concurrent Scan Root Regions
[2021-01-14T19:44:23.167-0600][2.851s] GC(5) Concurrent Scan Root Regions 0.982ms
[2021-01-14T19:44:23.167-0600][2.851s] GC(5) Concurrent Mark (2.851s)
[2021-01-14T19:44:23.167-0600][2.851s] GC(5) Concurrent Mark From Roots
[2021-01-14T19:44:23.167-0600][2.851s] GC(5) Using 3 workers of 3 for marking
[2021-01-14T19:44:23.183-0600][2.867s] GC(5) Concurrent Mark From Roots 16.110ms
[2021-01-14T19:44:23.183-0600][2.867s] GC(5) Concurrent Preclean
[2021-01-14T19:44:23.183-0600][2.867s] GC(5) Concurrent Preclean 0.194ms
[2021-01-14T19:44:23.183-0600][2.867s] GC(5) Concurrent Mark (2.851s, 2.867s) 16.389ms
[2021-01-14T19:44:23.183-0600][2.868s] GC(5) Pause Remark
[2021-01-14T19:44:23.186-0600][2.870s] GC(5) Cleaned string and symbol table, strings: 16808 processed, 22 removed, symbols: 115288 processed, 43 removed
[2021-01-14T19:44:23.186-0600][2.870s] GC(5) Pause Remark 26M->26M(512M) 2.404ms
[2021-01-14T19:44:23.186-0600][2.870s] GC(5) User=0.00s Sys=0.00s Real=0.00s
[2021-01-14T19:44:23.186-0600][2.870s] GC(5) Concurrent Rebuild Remembered Sets
[2021-01-14T19:44:23.191-0600][2.876s] GC(5) Concurrent Rebuild Remembered Sets 5.350ms
[2021-01-14T19:44:23.191-0600][2.876s] GC(5) Pause Cleanup
[2021-01-14T19:44:23.191-0600][2.876s] GC(5) Pause Cleanup 27M->27M(512M) 0.103ms
[2021-01-14T19:44:23.191-0600][2.876s] GC(5) User=0.00s Sys=0.00s Real=0.00s
[2021-01-14T19:44:23.191-0600][2.876s] GC(5) Concurrent Cleanup for Next Mark
[2021-01-14T19:44:23.192-0600][2.876s] GC(5) Concurrent Cleanup for Next Mark 0.458ms
[2021-01-14T19:44:23.192-0600][2.876s] GC(5) Concurrent Cycle 26.362ms
[2021-01-14T19:44:28.275-0600][7.960s] GC(6) Pause Young (Normal) (GCLocker Initiated GC)
[2021-01-14T19:44:28.275-0600][7.960s] GC(6) Using 13 workers of 13 for evacuation
[2021-01-14T19:44:28.280-0600][7.964s] GC(6)   Pre Evacuate Collection Set: 0.0ms
[2021-01-14T19:44:28.280-0600][7.964s] GC(6)   Evacuate Collection Set: 3.8ms
[2021-01-14T19:44:28.280-0600][7.964s] GC(6)   Post Evacuate Collection Set: 0.5ms
[2021-01-14T19:44:28.280-0600][7.964s] GC(6)   Other: 0.2ms
[2021-01-14T19:44:28.280-0600][7.964s] GC(6) Eden regions: 110->0(161)
[2021-01-14T19:44:28.280-0600][7.964s] GC(6) Survivor regions: 2->11(14)
[2021-01-14T19:44:28.280-0600][7.964s] GC(6) Old regions: 20->20
[2021-01-14T19:44:28.280-0600][7.964s] GC(6) Humongous regions: 6->5
[2021-01-14T19:44:28.280-0600][7.964s] GC(6) Metaspace: 43455K->43455K(1089536K)
[2021-01-14T19:44:28.280-0600][7.964s] GC(6) Pause Young (Normal) (GCLocker Initiated GC) 137M->34M(512M) 4.581ms
[2021-01-14T19:44:28.280-0600][7.964s] GC(6) User=0.00s Sys=0.00s Real=0.00s
[2021-01-14T19:44:28.476-0600][8.160s] GC(7) Pause Young (Normal) (G1 Evacuation Pause)
[2021-01-14T19:44:28.476-0600][8.160s] GC(7) Using 13 workers of 13 for evacuation
[2021-01-14T19:44:28.480-0600][8.165s] GC(7)   Pre Evacuate Collection Set: 0.0ms
[2021-01-14T19:44:28.480-0600][8.165s] GC(7)   Evacuate Collection Set: 4.0ms
[2021-01-14T19:44:28.480-0600][8.165s] GC(7)   Post Evacuate Collection Set: 0.5ms
[2021-01-14T19:44:28.480-0600][8.165s] GC(7)   Other: 0.3ms
[2021-01-14T19:44:28.480-0600][8.165s] GC(7) Eden regions: 161->0(295)
[2021-01-14T19:44:28.480-0600][8.165s] GC(7) Survivor regions: 11->12(22)
[2021-01-14T19:44:28.480-0600][8.165s] GC(7) Old regions: 20->20
[2021-01-14T19:44:28.480-0600][8.165s] GC(7) Humongous regions: 5->5
[2021-01-14T19:44:28.480-0600][8.165s] GC(7) Metaspace: 45680K->45680K(1091584K)
[2021-01-14T19:44:28.480-0600][8.165s] GC(7) Pause Young (Normal) (G1 Evacuation Pause) 195M->36M(512M) 4.905ms
[2021-01-14T19:44:28.480-0600][8.165s] GC(7) User=0.23s Sys=0.00s Real=0.00s
[2021-01-14T19:44:29.322-0600][9.006s] GC(8) Pause Young (Normal) (G1 Evacuation Pause)
[2021-01-14T19:44:29.322-0600][9.007s] GC(8) Using 13 workers of 13 for evacuation
[2021-01-14T19:44:29.329-0600][9.014s] GC(8)   Pre Evacuate Collection Set: 0.0ms
[2021-01-14T19:44:29.329-0600][9.014s] GC(8)   Evacuate Collection Set: 6.4ms
[2021-01-14T19:44:29.330-0600][9.014s] GC(8)   Post Evacuate Collection Set: 1.0ms
[2021-01-14T19:44:29.330-0600][9.014s] GC(8)   Other: 0.3ms
[2021-01-14T19:44:29.330-0600][9.014s] GC(8) Eden regions: 295->0(292)
[2021-01-14T19:44:29.330-0600][9.014s] GC(8) Survivor regions: 12->15(39)
[2021-01-14T19:44:29.330-0600][9.014s] GC(8) Old regions: 20->20
[2021-01-14T19:44:29.330-0600][9.014s] GC(8) Humongous regions: 5->5
[2021-01-14T19:44:29.330-0600][9.014s] GC(8) Metaspace: 51132K->51132K(1095680K)
[2021-01-14T19:44:29.330-0600][9.014s] GC(8) Pause Young (Normal) (G1 Evacuation Pause) 331M->39M(512M) 7.828ms
[2021-01-14T19:44:29.330-0600][9.014s] GC(8) User=0.00s Sys=0.00s Real=0.01s
[2021-01-14T19:44:34.446-0600][14.130s] GC(9) Pause Young (Concurrent Start) (Metadata GC Threshold)
[2021-01-14T19:44:34.446-0600][14.130s] GC(9) Using 13 workers of 13 for evacuation
[2021-01-14T19:44:34.453-0600][14.138s] GC(9)   Pre Evacuate Collection Set: 0.0ms
[2021-01-14T19:44:34.454-0600][14.138s] GC(9)   Evacuate Collection Set: 6.7ms
[2021-01-14T19:44:34.454-0600][14.138s] GC(9)   Post Evacuate Collection Set: 0.6ms
[2021-01-14T19:44:34.454-0600][14.138s] GC(9)   Other: 0.2ms
[2021-01-14T19:44:34.454-0600][14.138s] GC(9) Eden regions: 131->0(283)
[2021-01-14T19:44:34.454-0600][14.138s] GC(9) Survivor regions: 15->24(39)
[2021-01-14T19:44:34.454-0600][14.138s] GC(9) Old regions: 20->20
[2021-01-14T19:44:34.454-0600][14.138s] GC(9) Humongous regions: 5->5
[2021-01-14T19:44:34.454-0600][14.138s] GC(9) Metaspace: 59187K->59187K(1103872K)
[2021-01-14T19:44:34.454-0600][14.138s] GC(9) Pause Young (Concurrent Start) (Metadata GC Threshold) 170M->48M(512M) 7.719ms
[2021-01-14T19:44:34.454-0600][14.138s] GC(9) User=0.00s Sys=0.00s Real=0.01s
[2021-01-14T19:44:34.454-0600][14.138s] GC(10) Concurrent Cycle
[2021-01-14T19:44:34.454-0600][14.138s] GC(10) Concurrent Clear Claimed Marks
[2021-01-14T19:44:34.454-0600][14.138s] GC(10) Concurrent Clear Claimed Marks 0.139ms
[2021-01-14T19:44:34.454-0600][14.138s] GC(10) Concurrent Scan Root Regions
[2021-01-14T19:44:34.459-0600][14.143s] GC(10) Concurrent Scan Root Regions 4.712ms
[2021-01-14T19:44:34.459-0600][14.143s] GC(10) Concurrent Mark (14.143s)
[2021-01-14T19:44:34.459-0600][14.143s] GC(10) Concurrent Mark From Roots
[2021-01-14T19:44:34.459-0600][14.143s] GC(10) Using 3 workers of 3 for marking
[2021-01-14T19:44:34.468-0600][14.153s] GC(10) Concurrent Mark From Roots 9.515ms
[2021-01-14T19:44:34.468-0600][14.153s] GC(10) Concurrent Preclean
[2021-01-14T19:44:34.468-0600][14.153s] GC(10) Concurrent Preclean 0.125ms
[2021-01-14T19:44:34.468-0600][14.153s] GC(10) Concurrent Mark (14.143s, 14.153s) 9.715ms
[2021-01-14T19:44:34.469-0600][14.153s] GC(10) Pause Remark
[2021-01-14T19:44:34.472-0600][14.156s] GC(10) Cleaned string and symbol table, strings: 28842 processed, 4 removed, symbols: 182427 processed, 654 removed
[2021-01-14T19:44:34.472-0600][14.156s] GC(10) Pause Remark 50M->50M(512M) 3.360ms
[2021-01-14T19:44:34.472-0600][14.156s] GC(10) User=0.00s Sys=0.00s Real=0.00s
[2021-01-14T19:44:34.472-0600][14.156s] GC(10) Concurrent Rebuild Remembered Sets
[2021-01-14T19:44:34.478-0600][14.162s] GC(10) Concurrent Rebuild Remembered Sets 5.694ms
[2021-01-14T19:44:34.478-0600][14.162s] GC(10) Pause Cleanup
[2021-01-14T19:44:34.478-0600][14.162s] GC(10) Pause Cleanup 51M->51M(512M) 0.133ms
[2021-01-14T19:44:34.478-0600][14.162s] GC(10) User=0.00s Sys=0.00s Real=0.00s
[2021-01-14T19:44:34.478-0600][14.162s] GC(10) Concurrent Cleanup for Next Mark
[2021-01-14T19:44:34.479-0600][14.163s] GC(10) Concurrent Cleanup for Next Mark 0.532ms
[2021-01-14T19:44:34.479-0600][14.163s] GC(10) Concurrent Cycle 24.893ms
[2021-01-14T19:57:37.364-0600][797.049s] GC(11) Pause Young (Normal) (G1 Evacuation Pause)
[2021-01-14T19:57:37.364-0600][797.049s] GC(11) Using 13 workers of 13 for evacuation
[2021-01-14T19:57:37.378-0600][797.063s] GC(11)   Pre Evacuate Collection Set: 0.0ms
[2021-01-14T19:57:37.378-0600][797.063s] GC(11)   Evacuate Collection Set: 11.9ms
[2021-01-14T19:57:37.378-0600][797.063s] GC(11)   Post Evacuate Collection Set: 2.0ms
[2021-01-14T19:57:37.378-0600][797.063s] GC(11)   Other: 0.2ms
[2021-01-14T19:57:37.378-0600][797.063s] GC(11) Eden regions: 283->0(281)
[2021-01-14T19:57:37.379-0600][797.063s] GC(11) Survivor regions: 24->26(39)
[2021-01-14T19:57:37.379-0600][797.063s] GC(11) Old regions: 20->29
[2021-01-14T19:57:37.379-0600][797.063s] GC(11) Humongous regions: 8->8
[2021-01-14T19:57:37.379-0600][797.063s] GC(11) Metaspace: 70315K->70315K(1112064K)
[2021-01-14T19:57:37.379-0600][797.063s] GC(11) Pause Young (Normal) (G1 Evacuation Pause) 334M->62M(512M) 14.301ms
[2021-01-14T19:57:37.379-0600][797.063s] GC(11) User=0.25s Sys=0.00s Real=0.01s
