[2021-01-13T16:10:16.561-0600][0.017s] Heap region size: 1M
[2021-01-13T16:10:16.707-0600][0.163s] Using G1
[2021-01-13T16:10:16.707-0600][0.163s] Heap address: 0x00000000e0000000, size: 512 MB, Compressed Oops mode: 32-bit
[2021-01-13T16:10:17.322-0600][0.778s] GC(0) Pause Young (Normal) (G1 Evacuation Pause)
[2021-01-13T16:10:17.322-0600][0.778s] GC(0) Using 12 workers of 13 for evacuation
[2021-01-13T16:10:17.325-0600][0.781s] GC(0)   Pre Evacuate Collection Set: 0.0ms
[2021-01-13T16:10:17.325-0600][0.781s] GC(0)   Evacuate Collection Set: 2.1ms
[2021-01-13T16:10:17.325-0600][0.781s] GC(0)   Post Evacuate Collection Set: 0.3ms
[2021-01-13T16:10:17.325-0600][0.781s] GC(0)   Other: 0.9ms
[2021-01-13T16:10:17.325-0600][0.781s] GC(0) Eden regions: 30->0(304)
[2021-01-13T16:10:17.326-0600][0.782s] GC(0) Survivor regions: 0->3(4)
[2021-01-13T16:10:17.326-0600][0.782s] GC(0) Old regions: 0->0
[2021-01-13T16:10:17.326-0600][0.782s] GC(0) Humongous regions: 0->0
[2021-01-13T16:10:17.326-0600][0.782s] GC(0) Metaspace: 13063K->13063K(1060864K)
[2021-01-13T16:10:17.326-0600][0.782s] GC(0) Pause Young (Normal) (G1 Evacuation Pause) 30M->2M(512M) 4.135ms
[2021-01-13T16:10:17.326-0600][0.782s] GC(0) User=0.00s Sys=0.00s Real=0.00s
[2021-01-13T16:10:17.758-0600][1.214s] GC(1) Pause Young (Concurrent Start) (Metadata GC Threshold)
[2021-01-13T16:10:17.758-0600][1.214s] GC(1) Using 12 workers of 13 for evacuation
[2021-01-13T16:10:17.763-0600][1.219s] GC(1)   Pre Evacuate Collection Set: 0.0ms
[2021-01-13T16:10:17.763-0600][1.219s] GC(1)   Evacuate Collection Set: 4.5ms
[2021-01-13T16:10:17.763-0600][1.219s] GC(1)   Post Evacuate Collection Set: 0.4ms
[2021-01-13T16:10:17.763-0600][1.219s] GC(1)   Other: 0.2ms
[2021-01-13T16:10:17.763-0600][1.219s] GC(1) Eden regions: 40->0(58)
[2021-01-13T16:10:17.763-0600][1.219s] GC(1) Survivor regions: 3->12(39)
[2021-01-13T16:10:17.763-0600][1.219s] GC(1) Old regions: 0->0
[2021-01-13T16:10:17.763-0600][1.219s] GC(1) Humongous regions: 4->4
[2021-01-13T16:10:17.763-0600][1.219s] GC(1) Metaspace: 20734K->20734K(1069056K)
[2021-01-13T16:10:17.763-0600][1.219s] GC(1) Pause Young (Concurrent Start) (Metadata GC Threshold) 46M->15M(512M) 5.286ms
[2021-01-13T16:10:17.763-0600][1.219s] GC(1) User=0.00s Sys=0.00s Real=0.01s
[2021-01-13T16:10:17.763-0600][1.220s] GC(2) Concurrent Cycle
[2021-01-13T16:10:17.763-0600][1.220s] GC(2) Concurrent Clear Claimed Marks
[2021-01-13T16:10:17.763-0600][1.220s] GC(2) Concurrent Clear Claimed Marks 0.049ms
[2021-01-13T16:10:17.763-0600][1.220s] GC(2) Concurrent Scan Root Regions
[2021-01-13T16:10:17.766-0600][1.222s] GC(2) Concurrent Scan Root Regions 2.520ms
[2021-01-13T16:10:17.766-0600][1.222s] GC(2) Concurrent Mark (1.222s)
[2021-01-13T16:10:17.766-0600][1.222s] GC(2) Concurrent Mark From Roots
[2021-01-13T16:10:17.766-0600][1.222s] GC(2) Using 3 workers of 3 for marking
[2021-01-13T16:10:17.767-0600][1.223s] GC(2) Concurrent Mark From Roots 0.640ms
[2021-01-13T16:10:17.767-0600][1.223s] GC(2) Concurrent Preclean
[2021-01-13T16:10:17.767-0600][1.223s] GC(2) Concurrent Preclean 0.111ms
[2021-01-13T16:10:17.767-0600][1.223s] GC(2) Concurrent Mark (1.222s, 1.223s) 0.798ms
[2021-01-13T16:10:17.767-0600][1.223s] GC(2) Pause Remark
[2021-01-13T16:10:17.768-0600][1.224s] GC(2) Cleaned string and symbol table, strings: 10175 processed, 0 removed, symbols: 67890 processed, 18 removed
[2021-01-13T16:10:17.768-0600][1.224s] GC(2) Pause Remark 16M->16M(512M) 1.141ms
[2021-01-13T16:10:17.768-0600][1.224s] GC(2) User=0.19s Sys=0.00s Real=0.00s
[2021-01-13T16:10:17.768-0600][1.224s] GC(2) Concurrent Rebuild Remembered Sets
[2021-01-13T16:10:17.770-0600][1.226s] GC(2) Concurrent Rebuild Remembered Sets 1.574ms
[2021-01-13T16:10:17.770-0600][1.226s] GC(2) Pause Cleanup
[2021-01-13T16:10:17.770-0600][1.226s] GC(2) Pause Cleanup 16M->16M(512M) 0.079ms
[2021-01-13T16:10:17.770-0600][1.226s] GC(2) User=0.00s Sys=0.00s Real=0.00s
[2021-01-13T16:10:17.770-0600][1.226s] GC(2) Concurrent Cleanup for Next Mark
[2021-01-13T16:10:17.770-0600][1.226s] GC(2) Concurrent Cleanup for Next Mark 0.356ms
[2021-01-13T16:10:17.770-0600][1.227s] GC(2) Concurrent Cycle 7.025ms
[2021-01-13T16:10:18.623-0600][2.079s] GC(3) Pause Young (Normal) (G1 Evacuation Pause)
[2021-01-13T16:10:18.623-0600][2.079s] GC(3) Using 13 workers of 13 for evacuation
[2021-01-13T16:10:18.631-0600][2.087s] GC(3)   Pre Evacuate Collection Set: 0.0ms
[2021-01-13T16:10:18.631-0600][2.087s] GC(3)   Evacuate Collection Set: 7.0ms
[2021-01-13T16:10:18.631-0600][2.087s] GC(3)   Post Evacuate Collection Set: 0.6ms
[2021-01-13T16:10:18.631-0600][2.087s] GC(3)   Other: 0.3ms
[2021-01-13T16:10:18.631-0600][2.087s] GC(3) Eden regions: 48->0(72)
[2021-01-13T16:10:18.631-0600][2.087s] GC(3) Survivor regions: 12->8(8)
[2021-01-13T16:10:18.631-0600][2.087s] GC(3) Old regions: 0->12
[2021-01-13T16:10:18.631-0600][2.087s] GC(3) Humongous regions: 4->4
[2021-01-13T16:10:18.631-0600][2.087s] GC(3) Metaspace: 26252K->26252K(1073152K)
[2021-01-13T16:10:18.631-0600][2.087s] GC(3) Pause Young (Normal) (G1 Evacuation Pause) 63M->23M(512M) 8.099ms
[2021-01-13T16:10:18.631-0600][2.087s] GC(3) User=0.22s Sys=0.00s Real=0.01s
[2021-01-13T16:10:19.350-0600][2.805s] GC(4) Pause Young (Concurrent Start) (Metadata GC Threshold)
[2021-01-13T16:10:19.350-0600][2.805s] GC(4) Using 13 workers of 13 for evacuation
[2021-01-13T16:10:19.354-0600][2.810s] GC(4)   Pre Evacuate Collection Set: 0.1ms
[2021-01-13T16:10:19.354-0600][2.810s] GC(4)   Evacuate Collection Set: 3.9ms
[2021-01-13T16:10:19.354-0600][2.810s] GC(4)   Post Evacuate Collection Set: 0.4ms
[2021-01-13T16:10:19.354-0600][2.810s] GC(4)   Other: 0.3ms
[2021-01-13T16:10:19.354-0600][2.810s] GC(4) Eden regions: 70->0(109)
[2021-01-13T16:10:19.354-0600][2.810s] GC(4) Survivor regions: 8->2(10)
[2021-01-13T16:10:19.354-0600][2.810s] GC(4) Old regions: 12->20
[2021-01-13T16:10:19.354-0600][2.810s] GC(4) Humongous regions: 4->4
[2021-01-13T16:10:19.354-0600][2.810s] GC(4) Metaspace: 35366K->35366K(1081344K)
[2021-01-13T16:10:19.354-0600][2.810s] GC(4) Pause Young (Concurrent Start) (Metadata GC Threshold) 93M->24M(512M) 4.807ms
[2021-01-13T16:10:19.354-0600][2.810s] GC(4) User=0.00s Sys=0.00s Real=0.01s
[2021-01-13T16:10:19.354-0600][2.810s] GC(5) Concurrent Cycle
[2021-01-13T16:10:19.354-0600][2.810s] GC(5) Concurrent Clear Claimed Marks
[2021-01-13T16:10:19.354-0600][2.810s] GC(5) Concurrent Clear Claimed Marks 0.044ms
[2021-01-13T16:10:19.354-0600][2.810s] GC(5) Concurrent Scan Root Regions
[2021-01-13T16:10:19.355-0600][2.811s] GC(5) Concurrent Scan Root Regions 0.915ms
[2021-01-13T16:10:19.355-0600][2.811s] GC(5) Concurrent Mark (2.811s)
[2021-01-13T16:10:19.355-0600][2.811s] GC(5) Concurrent Mark From Roots
[2021-01-13T16:10:19.355-0600][2.811s] GC(5) Using 3 workers of 3 for marking
[2021-01-13T16:10:19.372-0600][2.828s] GC(5) Concurrent Mark From Roots 17.024ms
[2021-01-13T16:10:19.372-0600][2.828s] GC(5) Concurrent Preclean
[2021-01-13T16:10:19.373-0600][2.828s] GC(5) Concurrent Preclean 0.184ms
[2021-01-13T16:10:19.373-0600][2.828s] GC(5) Concurrent Mark (2.811s, 2.828s) 17.289ms
[2021-01-13T16:10:19.373-0600][2.829s] GC(5) Pause Remark
[2021-01-13T16:10:19.375-0600][2.831s] GC(5) Cleaned string and symbol table, strings: 16805 processed, 22 removed, symbols: 115059 processed, 43 removed
[2021-01-13T16:10:19.375-0600][2.831s] GC(5) Pause Remark 25M->25M(512M) 2.425ms
[2021-01-13T16:10:19.375-0600][2.831s] GC(5) User=0.00s Sys=0.00s Real=0.00s
[2021-01-13T16:10:19.375-0600][2.831s] GC(5) Concurrent Rebuild Remembered Sets
[2021-01-13T16:10:19.380-0600][2.836s] GC(5) Concurrent Rebuild Remembered Sets 5.014ms
[2021-01-13T16:10:19.381-0600][2.836s] GC(5) Pause Cleanup
[2021-01-13T16:10:19.381-0600][2.836s] GC(5) Pause Cleanup 26M->26M(512M) 0.089ms
[2021-01-13T16:10:19.381-0600][2.837s] GC(5) User=0.00s Sys=0.00s Real=0.00s
[2021-01-13T16:10:19.381-0600][2.837s] GC(5) Concurrent Cleanup for Next Mark
[2021-01-13T16:10:19.381-0600][2.837s] GC(5) Concurrent Cleanup for Next Mark 0.359ms
[2021-01-13T16:10:19.381-0600][2.837s] GC(5) Concurrent Cycle 26.996ms
[2021-01-13T16:10:24.448-0600][7.904s] GC(6) Pause Young (Normal) (GCLocker Initiated GC)
[2021-01-13T16:10:24.448-0600][7.904s] GC(6) Using 13 workers of 13 for evacuation
[2021-01-13T16:10:24.453-0600][7.909s] GC(6)   Pre Evacuate Collection Set: 0.0ms
[2021-01-13T16:10:24.453-0600][7.909s] GC(6)   Evacuate Collection Set: 3.7ms
[2021-01-13T16:10:24.453-0600][7.909s] GC(6)   Post Evacuate Collection Set: 0.4ms
[2021-01-13T16:10:24.453-0600][7.909s] GC(6)   Other: 0.2ms
[2021-01-13T16:10:24.453-0600][7.909s] GC(6) Eden regions: 109->0(158)
[2021-01-13T16:10:24.453-0600][7.909s] GC(6) Survivor regions: 2->10(14)
[2021-01-13T16:10:24.453-0600][7.909s] GC(6) Old regions: 20->20
[2021-01-13T16:10:24.453-0600][7.909s] GC(6) Humongous regions: 6->5
[2021-01-13T16:10:24.453-0600][7.909s] GC(6) Metaspace: 43434K->43434K(1089536K)
[2021-01-13T16:10:24.453-0600][7.909s] GC(6) Pause Young (Normal) (GCLocker Initiated GC) 135M->34M(512M) 4.562ms
[2021-01-13T16:10:24.453-0600][7.909s] GC(6) User=0.00s Sys=0.00s Real=0.01s
[2021-01-13T16:10:24.648-0600][8.104s] GC(7) Pause Young (Normal) (G1 Evacuation Pause)
[2021-01-13T16:10:24.648-0600][8.104s] GC(7) Using 13 workers of 13 for evacuation
[2021-01-13T16:10:24.652-0600][8.108s] GC(7)   Pre Evacuate Collection Set: 0.0ms
[2021-01-13T16:10:24.652-0600][8.108s] GC(7)   Evacuate Collection Set: 3.6ms
[2021-01-13T16:10:24.652-0600][8.108s] GC(7)   Post Evacuate Collection Set: 0.4ms
[2021-01-13T16:10:24.652-0600][8.108s] GC(7)   Other: 0.2ms
[2021-01-13T16:10:24.652-0600][8.108s] GC(7) Eden regions: 158->0(229)
[2021-01-13T16:10:24.652-0600][8.108s] GC(7) Survivor regions: 10->12(21)
[2021-01-13T16:10:24.652-0600][8.108s] GC(7) Old regions: 20->20
[2021-01-13T16:10:24.652-0600][8.108s] GC(7) Humongous regions: 5->5
[2021-01-13T16:10:24.652-0600][8.108s] GC(7) Metaspace: 45685K->45685K(1091584K)
[2021-01-13T16:10:24.652-0600][8.108s] GC(7) Pause Young (Normal) (G1 Evacuation Pause) 192M->35M(512M) 4.349ms
[2021-01-13T16:10:24.652-0600][8.108s] GC(7) User=0.00s Sys=0.00s Real=0.00s
[2021-01-13T16:10:25.112-0600][8.568s] GC(8) Pause Young (Normal) (G1 Evacuation Pause)
[2021-01-13T16:10:25.112-0600][8.568s] GC(8) Using 13 workers of 13 for evacuation
[2021-01-13T16:10:25.117-0600][8.573s] GC(8)   Pre Evacuate Collection Set: 0.0ms
[2021-01-13T16:10:25.117-0600][8.573s] GC(8)   Evacuate Collection Set: 4.5ms
[2021-01-13T16:10:25.117-0600][8.573s] GC(8)   Post Evacuate Collection Set: 0.5ms
[2021-01-13T16:10:25.117-0600][8.574s] GC(8)   Other: 0.2ms
[2021-01-13T16:10:25.117-0600][8.574s] GC(8) Eden regions: 229->0(294)
[2021-01-13T16:10:25.117-0600][8.574s] GC(8) Survivor regions: 12->13(31)
[2021-01-13T16:10:25.117-0600][8.574s] GC(8) Old regions: 20->20
[2021-01-13T16:10:25.117-0600][8.574s] GC(8) Humongous regions: 5->5
[2021-01-13T16:10:25.117-0600][8.574s] GC(8) Metaspace: 48891K->48891K(1093632K)
[2021-01-13T16:10:25.117-0600][8.574s] GC(8) Pause Young (Normal) (G1 Evacuation Pause) 264M->36M(512M) 5.420ms
[2021-01-13T16:10:25.117-0600][8.574s] GC(8) User=0.00s Sys=0.00s Real=0.01s
[2021-01-13T16:10:30.547-0600][14.004s] GC(9) Pause Young (Concurrent Start) (Metadata GC Threshold)
[2021-01-13T16:10:30.547-0600][14.004s] GC(9) Using 13 workers of 13 for evacuation
[2021-01-13T16:10:30.556-0600][14.012s] GC(9)   Pre Evacuate Collection Set: 0.0ms
[2021-01-13T16:10:30.556-0600][14.012s] GC(9)   Evacuate Collection Set: 7.6ms
[2021-01-13T16:10:30.556-0600][14.012s] GC(9)   Post Evacuate Collection Set: 0.7ms
[2021-01-13T16:10:30.556-0600][14.012s] GC(9)   Other: 0.2ms
[2021-01-13T16:10:30.556-0600][14.012s] GC(9) Eden regions: 211->0(282)
[2021-01-13T16:10:30.556-0600][14.012s] GC(9) Survivor regions: 13->25(39)
[2021-01-13T16:10:30.556-0600][14.012s] GC(9) Old regions: 20->20
[2021-01-13T16:10:30.556-0600][14.012s] GC(9) Humongous regions: 5->5
[2021-01-13T16:10:30.556-0600][14.012s] GC(9) Metaspace: 59195K->59195K(1101824K)
[2021-01-13T16:10:30.556-0600][14.012s] GC(9) Pause Young (Concurrent Start) (Metadata GC Threshold) 247M->49M(512M) 8.733ms
[2021-01-13T16:10:30.556-0600][14.012s] GC(9) User=0.25s Sys=0.00s Real=0.01s
[2021-01-13T16:10:30.556-0600][14.012s] GC(10) Concurrent Cycle
[2021-01-13T16:10:30.556-0600][14.012s] GC(10) Concurrent Clear Claimed Marks
[2021-01-13T16:10:30.556-0600][14.012s] GC(10) Concurrent Clear Claimed Marks 0.088ms
[2021-01-13T16:10:30.556-0600][14.012s] GC(10) Concurrent Scan Root Regions
[2021-01-13T16:10:30.561-0600][14.017s] GC(10) Concurrent Scan Root Regions 4.874ms
[2021-01-13T16:10:30.561-0600][14.017s] GC(10) Concurrent Mark (14.017s)
[2021-01-13T16:10:30.561-0600][14.017s] GC(10) Concurrent Mark From Roots
[2021-01-13T16:10:30.561-0600][14.017s] GC(10) Using 3 workers of 3 for marking
[2021-01-13T16:10:30.570-0600][14.027s] GC(10) Concurrent Mark From Roots 9.110ms
[2021-01-13T16:10:30.570-0600][14.027s] GC(10) Concurrent Preclean
[2021-01-13T16:10:30.571-0600][14.027s] GC(10) Concurrent Preclean 0.212ms
[2021-01-13T16:10:30.571-0600][14.027s] GC(10) Concurrent Mark (14.017s, 14.027s) 9.415ms
[2021-01-13T16:10:30.571-0600][14.027s] GC(10) Pause Remark
[2021-01-13T16:10:30.574-0600][14.030s] GC(10) Cleaned string and symbol table, strings: 29421 processed, 4 removed, symbols: 182219 processed, 642 removed
[2021-01-13T16:10:30.574-0600][14.031s] GC(10) Pause Remark 51M->51M(512M) 3.676ms
[2021-01-13T16:10:30.574-0600][14.031s] GC(10) User=0.00s Sys=0.00s Real=0.00s
[2021-01-13T16:10:30.574-0600][14.031s] GC(10) Concurrent Rebuild Remembered Sets
[2021-01-13T16:10:30.579-0600][14.036s] GC(10) Concurrent Rebuild Remembered Sets 5.041ms
[2021-01-13T16:10:30.580-0600][14.036s] GC(10) Pause Cleanup
[2021-01-13T16:10:30.580-0600][14.036s] GC(10) Pause Cleanup 52M->52M(512M) 0.100ms
[2021-01-13T16:10:30.580-0600][14.036s] GC(10) User=0.00s Sys=0.00s Real=0.00s
[2021-01-13T16:10:30.580-0600][14.036s] GC(10) Concurrent Cleanup for Next Mark
[2021-01-13T16:10:30.580-0600][14.036s] GC(10) Concurrent Cleanup for Next Mark 0.386ms
[2021-01-13T16:10:30.580-0600][14.036s] GC(10) Concurrent Cycle 24.179ms
