[2021-01-18T11:00:15.742-0600][0.016s] Heap region size: 1M
[2021-01-18T11:00:15.887-0600][0.160s] Using G1
[2021-01-18T11:00:15.887-0600][0.160s] Heap address: 0x00000000e0000000, size: 512 MB, Compressed Oops mode: 32-bit
[2021-01-18T11:00:17.536-0600][1.810s] GC(0) Pause Young (Normal) (G1 Evacuation Pause)
[2021-01-18T11:00:17.536-0600][1.810s] GC(0) Using 12 workers of 13 for evacuation
[2021-01-18T11:00:17.539-0600][1.813s] GC(0)   Pre Evacuate Collection Set: 0.0ms
[2021-01-18T11:00:17.539-0600][1.813s] GC(0)   Evacuate Collection Set: 2.2ms
[2021-01-18T11:00:17.539-0600][1.813s] GC(0)   Post Evacuate Collection Set: 0.3ms
[2021-01-18T11:00:17.539-0600][1.813s] GC(0)   Other: 0.8ms
[2021-01-18T11:00:17.539-0600][1.813s] GC(0) Eden regions: 30->0(304)
[2021-01-18T11:00:17.540-0600][1.813s] GC(0) Survivor regions: 0->3(4)
[2021-01-18T11:00:17.540-0600][1.813s] GC(0) Old regions: 0->0
[2021-01-18T11:00:17.540-0600][1.813s] GC(0) Humongous regions: 0->0
[2021-01-18T11:00:17.540-0600][1.813s] GC(0) Metaspace: 13045K->13045K(1060864K)
[2021-01-18T11:00:17.540-0600][1.813s] GC(0) Pause Young (Normal) (G1 Evacuation Pause) 30M->2M(512M) 3.940ms
[2021-01-18T11:00:17.540-0600][1.814s] GC(0) User=0.00s Sys=0.00s Real=0.00s
[2021-01-18T11:00:17.968-0600][2.242s] GC(1) Pause Young (Concurrent Start) (Metadata GC Threshold)
[2021-01-18T11:00:17.968-0600][2.242s] GC(1) Using 12 workers of 13 for evacuation
[2021-01-18T11:00:17.974-0600][2.248s] GC(1)   Pre Evacuate Collection Set: 0.0ms
[2021-01-18T11:00:17.974-0600][2.248s] GC(1)   Evacuate Collection Set: 5.3ms
[2021-01-18T11:00:17.974-0600][2.248s] GC(1)   Post Evacuate Collection Set: 0.4ms
[2021-01-18T11:00:17.974-0600][2.248s] GC(1)   Other: 0.2ms
[2021-01-18T11:00:17.974-0600][2.248s] GC(1) Eden regions: 40->0(58)
[2021-01-18T11:00:17.974-0600][2.248s] GC(1) Survivor regions: 3->12(39)
[2021-01-18T11:00:17.974-0600][2.248s] GC(1) Old regions: 0->0
[2021-01-18T11:00:17.974-0600][2.248s] GC(1) Humongous regions: 4->4
[2021-01-18T11:00:17.974-0600][2.248s] GC(1) Metaspace: 20740K->20740K(1069056K)
[2021-01-18T11:00:17.974-0600][2.248s] GC(1) Pause Young (Concurrent Start) (Metadata GC Threshold) 46M->15M(512M) 6.067ms
[2021-01-18T11:00:17.974-0600][2.248s] GC(1) User=0.00s Sys=0.00s Real=0.01s
[2021-01-18T11:00:17.974-0600][2.248s] GC(2) Concurrent Cycle
[2021-01-18T11:00:17.974-0600][2.248s] GC(2) Concurrent Clear Claimed Marks
[2021-01-18T11:00:17.974-0600][2.248s] GC(2) Concurrent Clear Claimed Marks 0.045ms
[2021-01-18T11:00:17.974-0600][2.248s] GC(2) Concurrent Scan Root Regions
[2021-01-18T11:00:17.977-0600][2.251s] GC(2) Concurrent Scan Root Regions 2.832ms
[2021-01-18T11:00:17.977-0600][2.251s] GC(2) Concurrent Mark (2.251s)
[2021-01-18T11:00:17.977-0600][2.251s] GC(2) Concurrent Mark From Roots
[2021-01-18T11:00:17.977-0600][2.251s] GC(2) Using 3 workers of 3 for marking
[2021-01-18T11:00:17.978-0600][2.251s] GC(2) Concurrent Mark From Roots 0.568ms
[2021-01-18T11:00:17.978-0600][2.251s] GC(2) Concurrent Preclean
[2021-01-18T11:00:17.978-0600][2.252s] GC(2) Concurrent Preclean 0.073ms
[2021-01-18T11:00:17.978-0600][2.252s] GC(2) Concurrent Mark (2.251s, 2.252s) 0.682ms
[2021-01-18T11:00:17.978-0600][2.252s] GC(2) Pause Remark
[2021-01-18T11:00:17.979-0600][2.253s] GC(2) Cleaned string and symbol table, strings: 10175 processed, 0 removed, symbols: 67907 processed, 17 removed
[2021-01-18T11:00:17.979-0600][2.253s] GC(2) Pause Remark 16M->16M(512M) 1.282ms
[2021-01-18T11:00:17.979-0600][2.253s] GC(2) User=0.00s Sys=0.00s Real=0.00s
[2021-01-18T11:00:17.979-0600][2.253s] GC(2) Concurrent Rebuild Remembered Sets
[2021-01-18T11:00:17.980-0600][2.254s] GC(2) Concurrent Rebuild Remembered Sets 1.202ms
[2021-01-18T11:00:17.980-0600][2.254s] GC(2) Pause Cleanup
[2021-01-18T11:00:17.980-0600][2.254s] GC(2) Pause Cleanup 16M->16M(512M) 0.076ms
[2021-01-18T11:00:17.980-0600][2.254s] GC(2) User=0.00s Sys=0.00s Real=0.00s
[2021-01-18T11:00:17.980-0600][2.254s] GC(2) Concurrent Cleanup for Next Mark
[2021-01-18T11:00:17.981-0600][2.255s] GC(2) Concurrent Cleanup for Next Mark 0.449ms
[2021-01-18T11:00:17.981-0600][2.255s] GC(2) Concurrent Cycle 7.020ms
[2021-01-18T11:00:18.843-0600][3.116s] GC(3) Pause Young (Normal) (G1 Evacuation Pause)
[2021-01-18T11:00:18.843-0600][3.116s] GC(3) Using 13 workers of 13 for evacuation
[2021-01-18T11:00:18.850-0600][3.123s] GC(3)   Pre Evacuate Collection Set: 0.0ms
[2021-01-18T11:00:18.851-0600][3.124s] GC(3)   Evacuate Collection Set: 6.4ms
[2021-01-18T11:00:18.851-0600][3.124s] GC(3)   Post Evacuate Collection Set: 0.6ms
[2021-01-18T11:00:18.851-0600][3.124s] GC(3)   Other: 0.2ms
[2021-01-18T11:00:18.851-0600][3.124s] GC(3) Eden regions: 48->0(74)
[2021-01-18T11:00:18.851-0600][3.124s] GC(3) Survivor regions: 12->8(8)
[2021-01-18T11:00:18.851-0600][3.124s] GC(3) Old regions: 0->12
[2021-01-18T11:00:18.851-0600][3.124s] GC(3) Humongous regions: 4->4
[2021-01-18T11:00:18.851-0600][3.124s] GC(3) Metaspace: 26423K->26423K(1073152K)
[2021-01-18T11:00:18.851-0600][3.124s] GC(3) Pause Young (Normal) (G1 Evacuation Pause) 63M->23M(512M) 7.442ms
[2021-01-18T11:00:18.851-0600][3.124s] GC(3) User=0.14s Sys=0.06s Real=0.01s
[2021-01-18T11:00:19.576-0600][3.849s] GC(4) Pause Young (Concurrent Start) (Metadata GC Threshold)
[2021-01-18T11:00:19.576-0600][3.849s] GC(4) Using 13 workers of 13 for evacuation
[2021-01-18T11:00:19.579-0600][3.852s] GC(4)   Pre Evacuate Collection Set: 0.0ms
[2021-01-18T11:00:19.579-0600][3.852s] GC(4)   Evacuate Collection Set: 2.4ms
[2021-01-18T11:00:19.579-0600][3.852s] GC(4)   Post Evacuate Collection Set: 0.3ms
[2021-01-18T11:00:19.579-0600][3.852s] GC(4)   Other: 0.2ms
[2021-01-18T11:00:19.579-0600][3.852s] GC(4) Eden regions: 63->0(103)
[2021-01-18T11:00:19.579-0600][3.852s] GC(4) Survivor regions: 8->2(11)
[2021-01-18T11:00:19.579-0600][3.852s] GC(4) Old regions: 12->20
[2021-01-18T11:00:19.579-0600][3.852s] GC(4) Humongous regions: 4->4
[2021-01-18T11:00:19.579-0600][3.852s] GC(4) Metaspace: 35318K->35318K(1081344K)
[2021-01-18T11:00:19.579-0600][3.852s] GC(4) Pause Young (Concurrent Start) (Metadata GC Threshold) 85M->24M(512M) 3.124ms
[2021-01-18T11:00:19.579-0600][3.852s] GC(4) User=0.22s Sys=0.00s Real=0.00s
[2021-01-18T11:00:19.579-0600][3.852s] GC(5) Concurrent Cycle
[2021-01-18T11:00:19.579-0600][3.853s] GC(5) Concurrent Clear Claimed Marks
[2021-01-18T11:00:19.579-0600][3.853s] GC(5) Concurrent Clear Claimed Marks 0.062ms
[2021-01-18T11:00:19.579-0600][3.853s] GC(5) Concurrent Scan Root Regions
[2021-01-18T11:00:19.580-0600][3.854s] GC(5) Concurrent Scan Root Regions 0.981ms
[2021-01-18T11:00:19.580-0600][3.854s] GC(5) Concurrent Mark (3.854s)
[2021-01-18T11:00:19.580-0600][3.854s] GC(5) Concurrent Mark From Roots
[2021-01-18T11:00:19.580-0600][3.854s] GC(5) Using 3 workers of 3 for marking
[2021-01-18T11:00:19.595-0600][3.868s] GC(5) Concurrent Mark From Roots 14.201ms
[2021-01-18T11:00:19.595-0600][3.868s] GC(5) Concurrent Preclean
[2021-01-18T11:00:19.595-0600][3.868s] GC(5) Concurrent Preclean 0.155ms
[2021-01-18T11:00:19.595-0600][3.868s] GC(5) Concurrent Mark (3.854s, 3.868s) 14.431ms
[2021-01-18T11:00:19.595-0600][3.868s] GC(5) Pause Remark
[2021-01-18T11:00:19.597-0600][3.870s] GC(5) Cleaned string and symbol table, strings: 16654 processed, 22 removed, symbols: 114547 processed, 43 removed
[2021-01-18T11:00:19.597-0600][3.870s] GC(5) Pause Remark 25M->25M(512M) 1.978ms
[2021-01-18T11:00:19.597-0600][3.870s] GC(5) User=0.00s Sys=0.00s Real=0.00s
[2021-01-18T11:00:19.597-0600][3.870s] GC(5) Concurrent Rebuild Remembered Sets
[2021-01-18T11:00:19.603-0600][3.876s] GC(5) Concurrent Rebuild Remembered Sets 6.150ms
[2021-01-18T11:00:19.603-0600][3.876s] GC(5) Pause Cleanup
[2021-01-18T11:00:19.603-0600][3.877s] GC(5) Pause Cleanup 26M->26M(512M) 0.079ms
[2021-01-18T11:00:19.603-0600][3.877s] GC(5) User=0.00s Sys=0.00s Real=0.00s
[2021-01-18T11:00:19.603-0600][3.877s] GC(5) Concurrent Cleanup for Next Mark
[2021-01-18T11:00:19.604-0600][3.877s] GC(5) Concurrent Cleanup for Next Mark 0.372ms
[2021-01-18T11:00:19.604-0600][3.877s] GC(5) Concurrent Cycle 24.509ms
[2021-01-18T11:00:24.691-0600][8.964s] GC(6) Pause Young (Normal) (G1 Evacuation Pause)
[2021-01-18T11:00:24.691-0600][8.964s] GC(6) Using 13 workers of 13 for evacuation
[2021-01-18T11:00:24.694-0600][8.967s] GC(6)   Pre Evacuate Collection Set: 0.0ms
[2021-01-18T11:00:24.694-0600][8.967s] GC(6)   Evacuate Collection Set: 2.8ms
[2021-01-18T11:00:24.694-0600][8.967s] GC(6)   Post Evacuate Collection Set: 0.4ms
[2021-01-18T11:00:24.694-0600][8.967s] GC(6)   Other: 0.1ms
[2021-01-18T11:00:24.694-0600][8.967s] GC(6) Eden regions: 103->0(160)
[2021-01-18T11:00:24.694-0600][8.967s] GC(6) Survivor regions: 2->7(14)
[2021-01-18T11:00:24.694-0600][8.967s] GC(6) Old regions: 20->20
[2021-01-18T11:00:24.694-0600][8.967s] GC(6) Humongous regions: 4->4
[2021-01-18T11:00:24.694-0600][8.967s] GC(6) Metaspace: 43028K->43028K(1089536K)
[2021-01-18T11:00:24.694-0600][8.968s] GC(6) Pause Young (Normal) (G1 Evacuation Pause) 127M->29M(512M) 3.434ms
[2021-01-18T11:00:24.694-0600][8.968s] GC(6) User=0.00s Sys=0.00s Real=0.00s
[2021-01-18T11:00:25.025-0600][9.298s] GC(7) Pause Young (Normal) (G1 Evacuation Pause)
[2021-01-18T11:00:25.025-0600][9.298s] GC(7) Using 13 workers of 13 for evacuation
[2021-01-18T11:00:25.029-0600][9.302s] GC(7)   Pre Evacuate Collection Set: 0.0ms
[2021-01-18T11:00:25.029-0600][9.302s] GC(7)   Evacuate Collection Set: 2.9ms
[2021-01-18T11:00:25.029-0600][9.302s] GC(7)   Post Evacuate Collection Set: 0.3ms
[2021-01-18T11:00:25.029-0600][9.302s] GC(7)   Other: 0.2ms
[2021-01-18T11:00:25.029-0600][9.302s] GC(7) Eden regions: 160->0(240)
[2021-01-18T11:00:25.029-0600][9.302s] GC(7) Survivor regions: 7->11(21)
[2021-01-18T11:00:25.029-0600][9.302s] GC(7) Old regions: 20->20
[2021-01-18T11:00:25.029-0600][9.302s] GC(7) Humongous regions: 6->5
[2021-01-18T11:00:25.029-0600][9.302s] GC(7) Metaspace: 45542K->45542K(1091584K)
[2021-01-18T11:00:25.029-0600][9.302s] GC(7) Pause Young (Normal) (G1 Evacuation Pause) 191M->34M(512M) 3.594ms
[2021-01-18T11:00:25.029-0600][9.302s] GC(7) User=0.00s Sys=0.00s Real=0.00s
[2021-01-18T11:00:25.747-0600][10.021s] GC(8) Pause Young (Normal) (G1 Evacuation Pause)
[2021-01-18T11:00:25.748-0600][10.021s] GC(8) Using 13 workers of 13 for evacuation
[2021-01-18T11:00:25.752-0600][10.026s] GC(8)   Pre Evacuate Collection Set: 0.0ms
[2021-01-18T11:00:25.752-0600][10.026s] GC(8)   Evacuate Collection Set: 4.1ms
[2021-01-18T11:00:25.752-0600][10.026s] GC(8)   Post Evacuate Collection Set: 0.4ms
[2021-01-18T11:00:25.752-0600][10.026s] GC(8)   Other: 0.2ms
[2021-01-18T11:00:25.752-0600][10.026s] GC(8) Eden regions: 240->0(293)
[2021-01-18T11:00:25.752-0600][10.026s] GC(8) Survivor regions: 11->14(32)
[2021-01-18T11:00:25.752-0600][10.026s] GC(8) Old regions: 20->20
[2021-01-18T11:00:25.752-0600][10.026s] GC(8) Humongous regions: 5->5
[2021-01-18T11:00:25.752-0600][10.026s] GC(8) Metaspace: 50747K->50747K(1095680K)
[2021-01-18T11:00:25.752-0600][10.026s] GC(8) Pause Young (Normal) (G1 Evacuation Pause) 274M->38M(512M) 4.956ms
[2021-01-18T11:00:25.752-0600][10.026s] GC(8) User=0.20s Sys=0.00s Real=0.01s
[2021-01-18T11:00:30.986-0600][15.260s] GC(9) Pause Young (Concurrent Start) (Metadata GC Threshold)
[2021-01-18T11:00:30.986-0600][15.260s] GC(9) Using 13 workers of 13 for evacuation
[2021-01-18T11:00:30.994-0600][15.268s] GC(9)   Pre Evacuate Collection Set: 0.1ms
[2021-01-18T11:00:30.994-0600][15.268s] GC(9)   Evacuate Collection Set: 7.3ms
[2021-01-18T11:00:30.995-0600][15.268s] GC(9)   Post Evacuate Collection Set: 0.8ms
[2021-01-18T11:00:30.995-0600][15.268s] GC(9)   Other: 0.2ms
[2021-01-18T11:00:30.995-0600][15.268s] GC(9) Eden regions: 163->0(281)
[2021-01-18T11:00:30.995-0600][15.268s] GC(9) Survivor regions: 14->26(39)
[2021-01-18T11:00:30.995-0600][15.268s] GC(9) Old regions: 20->20
[2021-01-18T11:00:30.995-0600][15.268s] GC(9) Humongous regions: 5->5
[2021-01-18T11:00:30.995-0600][15.268s] GC(9) Metaspace: 59281K->59281K(1101824K)
[2021-01-18T11:00:30.995-0600][15.268s] GC(9) Pause Young (Concurrent Start) (Metadata GC Threshold) 200M->49M(512M) 8.569ms
[2021-01-18T11:00:30.995-0600][15.268s] GC(9) User=0.00s Sys=0.00s Real=0.01s
[2021-01-18T11:00:30.995-0600][15.268s] GC(10) Concurrent Cycle
[2021-01-18T11:00:30.995-0600][15.268s] GC(10) Concurrent Clear Claimed Marks
[2021-01-18T11:00:30.995-0600][15.268s] GC(10) Concurrent Clear Claimed Marks 0.078ms
[2021-01-18T11:00:30.995-0600][15.268s] GC(10) Concurrent Scan Root Regions
[2021-01-18T11:00:31.000-0600][15.274s] GC(10) Concurrent Scan Root Regions 5.433ms
[2021-01-18T11:00:31.000-0600][15.274s] GC(10) Concurrent Mark (15.274s)
[2021-01-18T11:00:31.000-0600][15.274s] GC(10) Concurrent Mark From Roots
[2021-01-18T11:00:31.000-0600][15.274s] GC(10) Using 3 workers of 3 for marking
[2021-01-18T11:00:31.010-0600][15.283s] GC(10) Concurrent Mark From Roots 9.684ms
[2021-01-18T11:00:31.010-0600][15.284s] GC(10) Concurrent Preclean
[2021-01-18T11:00:31.010-0600][15.284s] GC(10) Concurrent Preclean 0.164ms
[2021-01-18T11:00:31.010-0600][15.284s] GC(10) Concurrent Mark (15.274s, 15.284s) 9.932ms
[2021-01-18T11:00:31.010-0600][15.284s] GC(10) Pause Remark
[2021-01-18T11:00:31.014-0600][15.288s] GC(10) Cleaned string and symbol table, strings: 28787 processed, 4 removed, symbols: 182313 processed, 653 removed
[2021-01-18T11:00:31.014-0600][15.288s] GC(10) Pause Remark 51M->51M(512M) 3.917ms
[2021-01-18T11:00:31.014-0600][15.288s] GC(10) User=0.00s Sys=0.00s Real=0.00s
[2021-01-18T11:00:31.014-0600][15.288s] GC(10) Concurrent Rebuild Remembered Sets
[2021-01-18T11:00:31.021-0600][15.294s] GC(10) Concurrent Rebuild Remembered Sets 6.510ms
[2021-01-18T11:00:31.021-0600][15.295s] GC(10) Pause Cleanup
[2021-01-18T11:00:31.021-0600][15.295s] GC(10) Pause Cleanup 52M->52M(512M) 0.099ms
[2021-01-18T11:00:31.021-0600][15.295s] GC(10) User=0.00s Sys=0.00s Real=0.00s
[2021-01-18T11:00:31.021-0600][15.295s] GC(10) Concurrent Cleanup for Next Mark
[2021-01-18T11:00:31.022-0600][15.295s] GC(10) Concurrent Cleanup for Next Mark 0.461ms
[2021-01-18T11:00:31.022-0600][15.295s] GC(10) Concurrent Cycle 27.050ms
