[2021-01-14T20:49:35.087-0600][0.016s] Heap region size: 1M
[2021-01-14T20:49:35.234-0600][0.163s] Using G1
[2021-01-14T20:49:35.234-0600][0.163s] Heap address: 0x00000000e0000000, size: 512 MB, Compressed Oops mode: 32-bit
[2021-01-14T20:49:35.795-0600][0.723s] GC(0) Pause Young (Normal) (G1 Evacuation Pause)
[2021-01-14T20:49:35.796-0600][0.723s] GC(0) Using 12 workers of 13 for evacuation
[2021-01-14T20:49:35.798-0600][0.726s] GC(0)   Pre Evacuate Collection Set: 0.0ms
[2021-01-14T20:49:35.798-0600][0.726s] GC(0)   Evacuate Collection Set: 2.2ms
[2021-01-14T20:49:35.798-0600][0.726s] GC(0)   Post Evacuate Collection Set: 0.4ms
[2021-01-14T20:49:35.798-0600][0.726s] GC(0)   Other: 0.9ms
[2021-01-14T20:49:35.798-0600][0.726s] GC(0) Eden regions: 30->0(304)
[2021-01-14T20:49:35.799-0600][0.727s] GC(0) Survivor regions: 0->3(4)
[2021-01-14T20:49:35.799-0600][0.727s] GC(0) Old regions: 0->0
[2021-01-14T20:49:35.799-0600][0.727s] GC(0) Humongous regions: 0->0
[2021-01-14T20:49:35.799-0600][0.727s] GC(0) Metaspace: 13064K->13064K(1060864K)
[2021-01-14T20:49:35.799-0600][0.727s] GC(0) Pause Young (Normal) (G1 Evacuation Pause) 30M->2M(512M) 4.229ms
[2021-01-14T20:49:35.799-0600][0.727s] GC(0) User=0.00s Sys=0.00s Real=0.00s
[2021-01-14T20:49:36.219-0600][1.147s] GC(1) Pause Young (Concurrent Start) (Metadata GC Threshold)
[2021-01-14T20:49:36.219-0600][1.147s] GC(1) Using 12 workers of 13 for evacuation
[2021-01-14T20:49:36.230-0600][1.158s] GC(1)   Pre Evacuate Collection Set: 0.0ms
[2021-01-14T20:49:36.230-0600][1.158s] GC(1)   Evacuate Collection Set: 10.9ms
[2021-01-14T20:49:36.231-0600][1.158s] GC(1)   Post Evacuate Collection Set: 0.4ms
[2021-01-14T20:49:36.231-0600][1.158s] GC(1)   Other: 0.2ms
[2021-01-14T20:49:36.231-0600][1.158s] GC(1) Eden regions: 40->0(57)
[2021-01-14T20:49:36.231-0600][1.158s] GC(1) Survivor regions: 3->12(39)
[2021-01-14T20:49:36.231-0600][1.158s] GC(1) Old regions: 0->0
[2021-01-14T20:49:36.231-0600][1.158s] GC(1) Humongous regions: 4->4
[2021-01-14T20:49:36.231-0600][1.158s] GC(1) Metaspace: 20734K->20734K(1069056K)
[2021-01-14T20:49:36.231-0600][1.158s] GC(1) Pause Young (Concurrent Start) (Metadata GC Threshold) 46M->15M(512M) 11.778ms
[2021-01-14T20:49:36.231-0600][1.159s] GC(1) User=0.19s Sys=0.00s Real=0.01s
[2021-01-14T20:49:36.231-0600][1.159s] GC(2) Concurrent Cycle
[2021-01-14T20:49:36.231-0600][1.159s] GC(2) Concurrent Clear Claimed Marks
[2021-01-14T20:49:36.231-0600][1.159s] GC(2) Concurrent Clear Claimed Marks 0.044ms
[2021-01-14T20:49:36.231-0600][1.159s] GC(2) Concurrent Scan Root Regions
[2021-01-14T20:49:36.233-0600][1.161s] GC(2) Concurrent Scan Root Regions 2.427ms
[2021-01-14T20:49:36.233-0600][1.161s] GC(2) Concurrent Mark (1.161s)
[2021-01-14T20:49:36.233-0600][1.161s] GC(2) Concurrent Mark From Roots
[2021-01-14T20:49:36.233-0600][1.161s] GC(2) Using 3 workers of 3 for marking
[2021-01-14T20:49:36.234-0600][1.162s] GC(2) Concurrent Mark From Roots 0.569ms
[2021-01-14T20:49:36.234-0600][1.162s] GC(2) Concurrent Preclean
[2021-01-14T20:49:36.234-0600][1.162s] GC(2) Concurrent Preclean 0.078ms
[2021-01-14T20:49:36.234-0600][1.162s] GC(2) Concurrent Mark (1.161s, 1.162s) 0.688ms
[2021-01-14T20:49:36.234-0600][1.162s] GC(2) Pause Remark
[2021-01-14T20:49:36.235-0600][1.163s] GC(2) Cleaned string and symbol table, strings: 10166 processed, 0 removed, symbols: 67875 processed, 18 removed
[2021-01-14T20:49:36.235-0600][1.163s] GC(2) Pause Remark 16M->16M(512M) 1.030ms
[2021-01-14T20:49:36.235-0600][1.163s] GC(2) User=0.00s Sys=0.00s Real=0.00s
[2021-01-14T20:49:36.235-0600][1.163s] GC(2) Concurrent Rebuild Remembered Sets
[2021-01-14T20:49:36.236-0600][1.164s] GC(2) Concurrent Rebuild Remembered Sets 1.239ms
[2021-01-14T20:49:36.237-0600][1.164s] GC(2) Pause Cleanup
[2021-01-14T20:49:36.237-0600][1.164s] GC(2) Pause Cleanup 16M->16M(512M) 0.065ms
[2021-01-14T20:49:36.237-0600][1.164s] GC(2) User=0.00s Sys=0.00s Real=0.00s
[2021-01-14T20:49:36.237-0600][1.165s] GC(2) Concurrent Cleanup for Next Mark
[2021-01-14T20:49:36.237-0600][1.165s] GC(2) Concurrent Cleanup for Next Mark 0.350ms
[2021-01-14T20:49:36.237-0600][1.165s] GC(2) Concurrent Cycle 6.419ms
[2021-01-14T20:49:37.034-0600][1.962s] GC(3) Pause Young (Normal) (G1 Evacuation Pause)
[2021-01-14T20:49:37.034-0600][1.962s] GC(3) Using 13 workers of 13 for evacuation
[2021-01-14T20:49:37.042-0600][1.969s] GC(3)   Pre Evacuate Collection Set: 0.0ms
[2021-01-14T20:49:37.042-0600][1.970s] GC(3)   Evacuate Collection Set: 6.8ms
[2021-01-14T20:49:37.042-0600][1.970s] GC(3)   Post Evacuate Collection Set: 0.6ms
[2021-01-14T20:49:37.042-0600][1.970s] GC(3)   Other: 0.2ms
[2021-01-14T20:49:37.042-0600][1.970s] GC(3) Eden regions: 44->0(70)
[2021-01-14T20:49:37.042-0600][1.970s] GC(3) Survivor regions: 12->7(7)
[2021-01-14T20:49:37.042-0600][1.970s] GC(3) Old regions: 0->12
[2021-01-14T20:49:37.042-0600][1.970s] GC(3) Humongous regions: 4->4
[2021-01-14T20:49:37.042-0600][1.970s] GC(3) Metaspace: 25829K->25829K(1073152K)
[2021-01-14T20:49:37.042-0600][1.970s] GC(3) Pause Young (Normal) (G1 Evacuation Pause) 59M->22M(512M) 7.766ms
[2021-01-14T20:49:37.042-0600][1.970s] GC(3) User=0.20s Sys=0.00s Real=0.01s
[2021-01-14T20:49:37.777-0600][2.705s] GC(4) Pause Young (Concurrent Start) (Metadata GC Threshold)
[2021-01-14T20:49:37.777-0600][2.705s] GC(4) Using 13 workers of 13 for evacuation
[2021-01-14T20:49:37.780-0600][2.708s] GC(4)   Pre Evacuate Collection Set: 0.0ms
[2021-01-14T20:49:37.780-0600][2.708s] GC(4)   Evacuate Collection Set: 2.6ms
[2021-01-14T20:49:37.780-0600][2.708s] GC(4)   Post Evacuate Collection Set: 0.4ms
[2021-01-14T20:49:37.780-0600][2.708s] GC(4)   Other: 0.2ms
[2021-01-14T20:49:37.780-0600][2.708s] GC(4) Eden regions: 68->0(106)
[2021-01-14T20:49:37.780-0600][2.708s] GC(4) Survivor regions: 7->2(10)
[2021-01-14T20:49:37.780-0600][2.708s] GC(4) Old regions: 12->20
[2021-01-14T20:49:37.780-0600][2.708s] GC(4) Humongous regions: 4->4
[2021-01-14T20:49:37.780-0600][2.708s] GC(4) Metaspace: 35290K->35290K(1081344K)
[2021-01-14T20:49:37.780-0600][2.708s] GC(4) Pause Young (Concurrent Start) (Metadata GC Threshold) 90M->25M(512M) 3.368ms
[2021-01-14T20:49:37.780-0600][2.708s] GC(4) User=0.00s Sys=0.00s Real=0.00s
[2021-01-14T20:49:37.780-0600][2.708s] GC(5) Concurrent Cycle
[2021-01-14T20:49:37.780-0600][2.708s] GC(5) Concurrent Clear Claimed Marks
[2021-01-14T20:49:37.780-0600][2.708s] GC(5) Concurrent Clear Claimed Marks 0.038ms
[2021-01-14T20:49:37.780-0600][2.708s] GC(5) Concurrent Scan Root Regions
[2021-01-14T20:49:37.781-0600][2.709s] GC(5) Concurrent Scan Root Regions 1.181ms
[2021-01-14T20:49:37.781-0600][2.709s] GC(5) Concurrent Mark (2.709s)
[2021-01-14T20:49:37.781-0600][2.709s] GC(5) Concurrent Mark From Roots
[2021-01-14T20:49:37.781-0600][2.709s] GC(5) Using 3 workers of 3 for marking
[2021-01-14T20:49:37.798-0600][2.726s] GC(5) Concurrent Mark From Roots 17.035ms
[2021-01-14T20:49:37.798-0600][2.726s] GC(5) Concurrent Preclean
[2021-01-14T20:49:37.799-0600][2.727s] GC(5) Concurrent Preclean 0.240ms
[2021-01-14T20:49:37.799-0600][2.727s] GC(5) Concurrent Mark (2.709s, 2.727s) 17.385ms
[2021-01-14T20:49:37.799-0600][2.727s] GC(5) Pause Remark
[2021-01-14T20:49:37.801-0600][2.729s] GC(5) Cleaned string and symbol table, strings: 16797 processed, 22 removed, symbols: 114971 processed, 43 removed
[2021-01-14T20:49:37.801-0600][2.729s] GC(5) Pause Remark 26M->26M(512M) 2.217ms
[2021-01-14T20:49:37.801-0600][2.729s] GC(5) User=0.00s Sys=0.00s Real=0.00s
[2021-01-14T20:49:37.801-0600][2.729s] GC(5) Concurrent Rebuild Remembered Sets
[2021-01-14T20:49:37.807-0600][2.735s] GC(5) Concurrent Rebuild Remembered Sets 5.731ms
[2021-01-14T20:49:37.807-0600][2.735s] GC(5) Pause Cleanup
[2021-01-14T20:49:37.807-0600][2.735s] GC(5) Pause Cleanup 26M->26M(512M) 0.131ms
[2021-01-14T20:49:37.807-0600][2.735s] GC(5) User=0.00s Sys=0.00s Real=0.00s
[2021-01-14T20:49:37.807-0600][2.735s] GC(5) Concurrent Cleanup for Next Mark
[2021-01-14T20:49:37.808-0600][2.736s] GC(5) Concurrent Cleanup for Next Mark 0.457ms
[2021-01-14T20:49:37.808-0600][2.736s] GC(5) Concurrent Cycle 27.957ms
[2021-01-14T20:49:42.868-0600][7.796s] GC(6) Pause Young (Concurrent Start) (G1 Evacuation Pause)
[2021-01-14T20:49:42.868-0600][7.796s] GC(6) Using 13 workers of 13 for evacuation
[2021-01-14T20:49:42.873-0600][7.801s] GC(6)   Pre Evacuate Collection Set: 0.1ms
[2021-01-14T20:49:42.873-0600][7.801s] GC(6)   Evacuate Collection Set: 4.0ms
[2021-01-14T20:49:42.873-0600][7.801s] GC(6)   Post Evacuate Collection Set: 0.5ms
[2021-01-14T20:49:42.873-0600][7.801s] GC(6)   Other: 0.2ms
[2021-01-14T20:49:42.873-0600][7.801s] GC(6) Eden regions: 106->0(147)
[2021-01-14T20:49:42.873-0600][7.801s] GC(6) Survivor regions: 2->11(14)
[2021-01-14T20:49:42.873-0600][7.801s] GC(6) Old regions: 20->20
[2021-01-14T20:49:42.873-0600][7.801s] GC(6) Humongous regions: 6->5
[2021-01-14T20:49:42.873-0600][7.801s] GC(6) Metaspace: 43261K->43261K(1089536K)
[2021-01-14T20:49:42.873-0600][7.801s] GC(6) Pause Young (Concurrent Start) (G1 Evacuation Pause) 133M->34M(512M) 4.927ms
[2021-01-14T20:49:42.873-0600][7.801s] GC(6) User=0.00s Sys=0.00s Real=0.00s
[2021-01-14T20:49:42.873-0600][7.801s] GC(7) Concurrent Cycle
[2021-01-14T20:49:42.873-0600][7.801s] GC(7) Concurrent Clear Claimed Marks
[2021-01-14T20:49:42.873-0600][7.801s] GC(7) Concurrent Clear Claimed Marks 0.065ms
[2021-01-14T20:49:42.873-0600][7.801s] GC(7) Concurrent Scan Root Regions
[2021-01-14T20:49:42.875-0600][7.803s] GC(7) Concurrent Scan Root Regions 2.146ms
[2021-01-14T20:49:42.875-0600][7.803s] GC(7) Concurrent Mark (7.803s)
[2021-01-14T20:49:42.875-0600][7.803s] GC(7) Concurrent Mark From Roots
[2021-01-14T20:49:42.876-0600][7.803s] GC(7) Using 3 workers of 3 for marking
[2021-01-14T20:49:42.887-0600][7.814s] GC(7) Concurrent Mark From Roots 11.016ms
[2021-01-14T20:49:42.887-0600][7.814s] GC(7) Concurrent Preclean
[2021-01-14T20:49:42.887-0600][7.815s] GC(7) Concurrent Preclean 0.146ms
[2021-01-14T20:49:42.887-0600][7.815s] GC(7) Concurrent Mark (7.803s, 7.815s) 11.243ms
[2021-01-14T20:49:42.887-0600][7.815s] GC(7) Pause Remark
[2021-01-14T20:49:42.889-0600][7.817s] GC(7) Cleaned string and symbol table, strings: 20121 processed, 4 removed, symbols: 139720 processed, 64 removed
[2021-01-14T20:49:42.889-0600][7.817s] GC(7) Pause Remark 38M->38M(512M) 2.400ms
[2021-01-14T20:49:42.889-0600][7.817s] GC(7) User=0.00s Sys=0.00s Real=0.00s
[2021-01-14T20:49:42.889-0600][7.817s] GC(7) Concurrent Rebuild Remembered Sets
[2021-01-14T20:49:42.894-0600][7.822s] GC(7) Concurrent Rebuild Remembered Sets 4.935ms
[2021-01-14T20:49:42.894-0600][7.822s] GC(7) Pause Cleanup
[2021-01-14T20:49:42.895-0600][7.822s] GC(7) Pause Cleanup 39M->39M(512M) 0.095ms
[2021-01-14T20:49:42.895-0600][7.823s] GC(7) User=0.00s Sys=0.00s Real=0.00s
[2021-01-14T20:49:42.895-0600][7.823s] GC(7) Concurrent Cleanup for Next Mark
[2021-01-14T20:49:42.895-0600][7.823s] GC(7) Concurrent Cleanup for Next Mark 0.393ms
[2021-01-14T20:49:42.895-0600][7.823s] GC(7) Concurrent Cycle 21.945ms
[2021-01-14T20:49:43.054-0600][7.981s] GC(8) Pause Young (Normal) (G1 Evacuation Pause)
[2021-01-14T20:49:43.054-0600][7.982s] GC(8) Using 13 workers of 13 for evacuation
[2021-01-14T20:49:43.057-0600][7.985s] GC(8)   Pre Evacuate Collection Set: 0.0ms
[2021-01-14T20:49:43.058-0600][7.985s] GC(8)   Evacuate Collection Set: 3.3ms
[2021-01-14T20:49:43.058-0600][7.986s] GC(8)   Post Evacuate Collection Set: 0.4ms
[2021-01-14T20:49:43.058-0600][7.986s] GC(8)   Other: 0.2ms
[2021-01-14T20:49:43.058-0600][7.986s] GC(8) Eden regions: 147->0(294)
[2021-01-14T20:49:43.058-0600][7.986s] GC(8) Survivor regions: 11->13(20)
[2021-01-14T20:49:43.058-0600][7.986s] GC(8) Old regions: 20->20
[2021-01-14T20:49:43.058-0600][7.986s] GC(8) Humongous regions: 5->5
[2021-01-14T20:49:43.058-0600][7.986s] GC(8) Metaspace: 45661K->45661K(1091584K)
[2021-01-14T20:49:43.058-0600][7.986s] GC(8) Pause Young (Normal) (G1 Evacuation Pause) 181M->36M(512M) 4.157ms
[2021-01-14T20:49:43.058-0600][7.986s] GC(8) User=0.23s Sys=0.02s Real=0.00s
[2021-01-14T20:49:43.838-0600][8.766s] GC(9) Pause Young (Normal) (G1 Evacuation Pause)
[2021-01-14T20:49:43.838-0600][8.766s] GC(9) Using 13 workers of 13 for evacuation
[2021-01-14T20:49:43.845-0600][8.773s] GC(9)   Pre Evacuate Collection Set: 0.0ms
[2021-01-14T20:49:43.845-0600][8.773s] GC(9)   Evacuate Collection Set: 6.2ms
[2021-01-14T20:49:43.845-0600][8.773s] GC(9)   Post Evacuate Collection Set: 0.6ms
[2021-01-14T20:49:43.845-0600][8.773s] GC(9)   Other: 0.2ms
[2021-01-14T20:49:43.845-0600][8.773s] GC(9) Eden regions: 294->0(292)
[2021-01-14T20:49:43.845-0600][8.773s] GC(9) Survivor regions: 13->15(39)
[2021-01-14T20:49:43.845-0600][8.773s] GC(9) Old regions: 20->20
[2021-01-14T20:49:43.845-0600][8.773s] GC(9) Humongous regions: 5->5
[2021-01-14T20:49:43.845-0600][8.773s] GC(9) Metaspace: 50979K->50979K(1095680K)
[2021-01-14T20:49:43.845-0600][8.773s] GC(9) Pause Young (Normal) (G1 Evacuation Pause) 330M->38M(512M) 7.212ms
[2021-01-14T20:49:43.845-0600][8.773s] GC(9) User=0.00s Sys=0.00s Real=0.01s
[2021-01-14T20:59:19.479-0600][584.407s] GC(10) Pause Young (Normal) (G1 Evacuation Pause)
[2021-01-14T20:59:19.479-0600][584.407s] GC(10) Using 13 workers of 13 for evacuation
[2021-01-14T20:59:19.491-0600][584.419s] GC(10)   Pre Evacuate Collection Set: 0.0ms
[2021-01-14T20:59:19.491-0600][584.419s] GC(10)   Evacuate Collection Set: 10.6ms
[2021-01-14T20:59:19.491-0600][584.419s] GC(10)   Post Evacuate Collection Set: 0.9ms
[2021-01-14T20:59:19.491-0600][584.419s] GC(10)   Other: 0.2ms
[2021-01-14T20:59:19.491-0600][584.419s] GC(10) Eden regions: 292->0(273)
[2021-01-14T20:59:19.491-0600][584.419s] GC(10) Survivor regions: 15->34(39)
[2021-01-14T20:59:19.491-0600][584.419s] GC(10) Old regions: 20->20
[2021-01-14T20:59:19.491-0600][584.419s] GC(10) Humongous regions: 16->16
[2021-01-14T20:59:19.491-0600][584.419s] GC(10) Metaspace: 68990K->68990K(1112064K)
[2021-01-14T20:59:19.491-0600][584.419s] GC(10) Pause Young (Normal) (G1 Evacuation Pause) 341M->68M(512M) 11.840ms
[2021-01-14T20:59:19.491-0600][584.419s] GC(10) User=0.00s Sys=0.00s Real=0.01s
