[2021-01-13T11:33:58.444-0600][0.017s] Heap region size: 1M
[2021-01-13T11:33:58.590-0600][0.163s] Using G1
[2021-01-13T11:33:58.590-0600][0.163s] Heap address: 0x00000000e0000000, size: 512 MB, Compressed Oops mode: 32-bit
[2021-01-13T11:33:59.153-0600][0.725s] GC(0) Pause Young (Normal) (G1 Evacuation Pause)
[2021-01-13T11:33:59.154-0600][0.726s] GC(0) Using 12 workers of 13 for evacuation
[2021-01-13T11:33:59.157-0600][0.729s] GC(0)   Pre Evacuate Collection Set: 0.0ms
[2021-01-13T11:33:59.157-0600][0.729s] GC(0)   Evacuate Collection Set: 2.2ms
[2021-01-13T11:33:59.157-0600][0.729s] GC(0)   Post Evacuate Collection Set: 0.3ms
[2021-01-13T11:33:59.157-0600][0.729s] GC(0)   Other: 0.8ms
[2021-01-13T11:33:59.157-0600][0.729s] GC(0) Eden regions: 30->0(304)
[2021-01-13T11:33:59.157-0600][0.729s] GC(0) Survivor regions: 0->3(4)
[2021-01-13T11:33:59.157-0600][0.729s] GC(0) Old regions: 0->0
[2021-01-13T11:33:59.157-0600][0.729s] GC(0) Humongous regions: 0->0
[2021-01-13T11:33:59.157-0600][0.729s] GC(0) Metaspace: 13088K->13088K(1060864K)
[2021-01-13T11:33:59.157-0600][0.729s] GC(0) Pause Young (Normal) (G1 Evacuation Pause) 30M->2M(512M) 4.010ms
[2021-01-13T11:33:59.157-0600][0.729s] GC(0) User=0.00s Sys=0.00s Real=0.00s
[2021-01-13T11:33:59.579-0600][1.152s] GC(1) Pause Young (Concurrent Start) (Metadata GC Threshold)
[2021-01-13T11:33:59.579-0600][1.152s] GC(1) Using 12 workers of 13 for evacuation
[2021-01-13T11:33:59.585-0600][1.158s] GC(1)   Pre Evacuate Collection Set: 0.0ms
[2021-01-13T11:33:59.585-0600][1.158s] GC(1)   Evacuate Collection Set: 5.2ms
[2021-01-13T11:33:59.585-0600][1.158s] GC(1)   Post Evacuate Collection Set: 0.4ms
[2021-01-13T11:33:59.585-0600][1.158s] GC(1)   Other: 0.2ms
[2021-01-13T11:33:59.585-0600][1.158s] GC(1) Eden regions: 41->0(58)
[2021-01-13T11:33:59.585-0600][1.158s] GC(1) Survivor regions: 3->12(39)
[2021-01-13T11:33:59.585-0600][1.158s] GC(1) Old regions: 0->0
[2021-01-13T11:33:59.585-0600][1.158s] GC(1) Humongous regions: 4->4
[2021-01-13T11:33:59.585-0600][1.158s] GC(1) Metaspace: 20734K->20734K(1069056K)
[2021-01-13T11:33:59.586-0600][1.158s] GC(1) Pause Young (Concurrent Start) (Metadata GC Threshold) 46M->15M(512M) 6.065ms
[2021-01-13T11:33:59.586-0600][1.158s] GC(1) User=0.19s Sys=0.00s Real=0.01s
[2021-01-13T11:33:59.586-0600][1.158s] GC(2) Concurrent Cycle
[2021-01-13T11:33:59.586-0600][1.158s] GC(2) Concurrent Clear Claimed Marks
[2021-01-13T11:33:59.586-0600][1.158s] GC(2) Concurrent Clear Claimed Marks 0.052ms
[2021-01-13T11:33:59.586-0600][1.158s] GC(2) Concurrent Scan Root Regions
[2021-01-13T11:33:59.588-0600][1.160s] GC(2) Concurrent Scan Root Regions 2.418ms
[2021-01-13T11:33:59.588-0600][1.160s] GC(2) Concurrent Mark (1.160s)
[2021-01-13T11:33:59.588-0600][1.160s] GC(2) Concurrent Mark From Roots
[2021-01-13T11:33:59.588-0600][1.160s] GC(2) Using 3 workers of 3 for marking
[2021-01-13T11:33:59.589-0600][1.161s] GC(2) Concurrent Mark From Roots 0.579ms
[2021-01-13T11:33:59.589-0600][1.161s] GC(2) Concurrent Preclean
[2021-01-13T11:33:59.589-0600][1.161s] GC(2) Concurrent Preclean 0.112ms
[2021-01-13T11:33:59.589-0600][1.161s] GC(2) Concurrent Mark (1.160s, 1.161s) 0.736ms
[2021-01-13T11:33:59.589-0600][1.161s] GC(2) Pause Remark
[2021-01-13T11:33:59.590-0600][1.162s] GC(2) Cleaned string and symbol table, strings: 10167 processed, 0 removed, symbols: 67875 processed, 18 removed
[2021-01-13T11:33:59.590-0600][1.162s] GC(2) Pause Remark 16M->16M(512M) 1.095ms
[2021-01-13T11:33:59.590-0600][1.162s] GC(2) User=0.00s Sys=0.00s Real=0.00s
[2021-01-13T11:33:59.590-0600][1.162s] GC(2) Concurrent Rebuild Remembered Sets
[2021-01-13T11:33:59.591-0600][1.164s] GC(2) Concurrent Rebuild Remembered Sets 1.203ms
[2021-01-13T11:33:59.592-0600][1.164s] GC(2) Pause Cleanup
[2021-01-13T11:33:59.592-0600][1.164s] GC(2) Pause Cleanup 16M->16M(512M) 0.073ms
[2021-01-13T11:33:59.592-0600][1.164s] GC(2) User=0.00s Sys=0.00s Real=0.00s
[2021-01-13T11:33:59.592-0600][1.164s] GC(2) Concurrent Cleanup for Next Mark
[2021-01-13T11:33:59.592-0600][1.164s] GC(2) Concurrent Cleanup for Next Mark 0.324ms
[2021-01-13T11:33:59.592-0600][1.164s] GC(2) Concurrent Cycle 6.489ms
[2021-01-13T11:34:00.444-0600][2.016s] GC(3) Pause Young (Normal) (G1 Evacuation Pause)
[2021-01-13T11:34:00.444-0600][2.016s] GC(3) Using 13 workers of 13 for evacuation
[2021-01-13T11:34:00.451-0600][2.024s] GC(3)   Pre Evacuate Collection Set: 0.0ms
[2021-01-13T11:34:00.452-0600][2.024s] GC(3)   Evacuate Collection Set: 6.9ms
[2021-01-13T11:34:00.452-0600][2.024s] GC(3)   Post Evacuate Collection Set: 0.6ms
[2021-01-13T11:34:00.452-0600][2.024s] GC(3)   Other: 0.2ms
[2021-01-13T11:34:00.452-0600][2.024s] GC(3) Eden regions: 48->0(72)
[2021-01-13T11:34:00.452-0600][2.024s] GC(3) Survivor regions: 12->8(8)
[2021-01-13T11:34:00.452-0600][2.024s] GC(3) Old regions: 0->12
[2021-01-13T11:34:00.452-0600][2.024s] GC(3) Humongous regions: 4->4
[2021-01-13T11:34:00.452-0600][2.024s] GC(3) Metaspace: 26379K->26379K(1073152K)
[2021-01-13T11:34:00.452-0600][2.024s] GC(3) Pause Young (Normal) (G1 Evacuation Pause) 63M->23M(512M) 7.963ms
[2021-01-13T11:34:00.452-0600][2.024s] GC(3) User=0.00s Sys=0.00s Real=0.01s
[2021-01-13T11:34:01.069-0600][2.642s] GC(4) Pause Young (Concurrent Start) (Metadata GC Threshold)
[2021-01-13T11:34:01.069-0600][2.642s] GC(4) Using 13 workers of 13 for evacuation
[2021-01-13T11:34:01.072-0600][2.645s] GC(4)   Pre Evacuate Collection Set: 0.0ms
[2021-01-13T11:34:01.072-0600][2.645s] GC(4)   Evacuate Collection Set: 2.6ms
[2021-01-13T11:34:01.072-0600][2.645s] GC(4)   Post Evacuate Collection Set: 0.3ms
[2021-01-13T11:34:01.072-0600][2.645s] GC(4)   Other: 0.2ms
[2021-01-13T11:34:01.072-0600][2.645s] GC(4) Eden regions: 62->0(101)
[2021-01-13T11:34:01.072-0600][2.645s] GC(4) Survivor regions: 8->2(10)
[2021-01-13T11:34:01.073-0600][2.645s] GC(4) Old regions: 12->20
[2021-01-13T11:34:01.073-0600][2.645s] GC(4) Humongous regions: 4->4
[2021-01-13T11:34:01.073-0600][2.645s] GC(4) Metaspace: 35303K->35303K(1081344K)
[2021-01-13T11:34:01.073-0600][2.645s] GC(4) Pause Young (Concurrent Start) (Metadata GC Threshold) 85M->25M(512M) 3.298ms
[2021-01-13T11:34:01.073-0600][2.645s] GC(4) User=0.00s Sys=0.00s Real=0.00s
[2021-01-13T11:34:01.073-0600][2.645s] GC(5) Concurrent Cycle
[2021-01-13T11:34:01.073-0600][2.645s] GC(5) Concurrent Clear Claimed Marks
[2021-01-13T11:34:01.073-0600][2.645s] GC(5) Concurrent Clear Claimed Marks 0.041ms
[2021-01-13T11:34:01.073-0600][2.645s] GC(5) Concurrent Scan Root Regions
[2021-01-13T11:34:01.074-0600][2.646s] GC(5) Concurrent Scan Root Regions 1.136ms
[2021-01-13T11:34:01.074-0600][2.646s] GC(5) Concurrent Mark (2.646s)
[2021-01-13T11:34:01.074-0600][2.646s] GC(5) Concurrent Mark From Roots
[2021-01-13T11:34:01.074-0600][2.646s] GC(5) Using 3 workers of 3 for marking
[2021-01-13T11:34:01.091-0600][2.663s] GC(5) Concurrent Mark From Roots 16.744ms
[2021-01-13T11:34:01.091-0600][2.663s] GC(5) Concurrent Preclean
[2021-01-13T11:34:01.091-0600][2.664s] GC(5) Concurrent Preclean 0.279ms
[2021-01-13T11:34:01.091-0600][2.664s] GC(5) Concurrent Mark (2.646s, 2.664s) 17.120ms
[2021-01-13T11:34:01.091-0600][2.664s] GC(5) Pause Remark
[2021-01-13T11:34:01.093-0600][2.666s] GC(5) Cleaned string and symbol table, strings: 16807 processed, 22 removed, symbols: 115073 processed, 43 removed
[2021-01-13T11:34:01.093-0600][2.666s] GC(5) Pause Remark 26M->26M(512M) 2.103ms
[2021-01-13T11:34:01.093-0600][2.666s] GC(5) User=0.00s Sys=0.00s Real=0.00s
[2021-01-13T11:34:01.093-0600][2.666s] GC(5) Concurrent Rebuild Remembered Sets
[2021-01-13T11:34:01.099-0600][2.672s] GC(5) Concurrent Rebuild Remembered Sets 5.800ms
[2021-01-13T11:34:01.099-0600][2.672s] GC(5) Pause Cleanup
[2021-01-13T11:34:01.099-0600][2.672s] GC(5) Pause Cleanup 27M->27M(512M) 0.095ms
[2021-01-13T11:34:01.099-0600][2.672s] GC(5) User=0.00s Sys=0.00s Real=0.00s
[2021-01-13T11:34:01.100-0600][2.672s] GC(5) Concurrent Cleanup for Next Mark
[2021-01-13T11:34:01.100-0600][2.673s] GC(5) Concurrent Cleanup for Next Mark 0.541ms
[2021-01-13T11:34:01.100-0600][2.673s] GC(5) Concurrent Cycle 27.483ms
[2021-01-13T11:34:06.126-0600][7.699s] GC(6) Pause Young (Concurrent Start) (G1 Evacuation Pause)
[2021-01-13T11:34:06.126-0600][7.699s] GC(6) Using 13 workers of 13 for evacuation
[2021-01-13T11:34:06.130-0600][7.703s] GC(6)   Pre Evacuate Collection Set: 0.0ms
[2021-01-13T11:34:06.130-0600][7.703s] GC(6)   Evacuate Collection Set: 3.6ms
[2021-01-13T11:34:06.130-0600][7.703s] GC(6)   Post Evacuate Collection Set: 0.4ms
[2021-01-13T11:34:06.130-0600][7.703s] GC(6)   Other: 0.2ms
[2021-01-13T11:34:06.130-0600][7.703s] GC(6) Eden regions: 101->0(157)
[2021-01-13T11:34:06.130-0600][7.703s] GC(6) Survivor regions: 2->9(13)
[2021-01-13T11:34:06.130-0600][7.703s] GC(6) Old regions: 20->20
[2021-01-13T11:34:06.130-0600][7.703s] GC(6) Humongous regions: 5->5
[2021-01-13T11:34:06.130-0600][7.703s] GC(6) Metaspace: 42845K->42845K(1087488K)
[2021-01-13T11:34:06.130-0600][7.703s] GC(6) Pause Young (Concurrent Start) (G1 Evacuation Pause) 127M->33M(512M) 4.432ms
[2021-01-13T11:34:06.130-0600][7.703s] GC(6) User=0.13s Sys=0.02s Real=0.00s
[2021-01-13T11:34:06.130-0600][7.703s] GC(7) Concurrent Cycle
[2021-01-13T11:34:06.131-0600][7.703s] GC(7) Concurrent Clear Claimed Marks
[2021-01-13T11:34:06.131-0600][7.704s] GC(7) Concurrent Clear Claimed Marks 0.096ms
[2021-01-13T11:34:06.131-0600][7.704s] GC(7) Concurrent Scan Root Regions
[2021-01-13T11:34:06.132-0600][7.705s] GC(7) Concurrent Scan Root Regions 1.791ms
[2021-01-13T11:34:06.133-0600][7.705s] GC(7) Concurrent Mark (7.705s)
[2021-01-13T11:34:06.133-0600][7.705s] GC(7) Concurrent Mark From Roots
[2021-01-13T11:34:06.133-0600][7.705s] GC(7) Using 3 workers of 3 for marking
[2021-01-13T11:34:06.143-0600][7.716s] GC(7) Concurrent Mark From Roots 10.136ms
[2021-01-13T11:34:06.143-0600][7.716s] GC(7) Concurrent Preclean
[2021-01-13T11:34:06.143-0600][7.716s] GC(7) Concurrent Preclean 0.168ms
[2021-01-13T11:34:06.143-0600][7.716s] GC(7) Concurrent Mark (7.705s, 7.716s) 10.381ms
[2021-01-13T11:34:06.143-0600][7.716s] GC(7) Pause Remark
[2021-01-13T11:34:06.145-0600][7.718s] GC(7) Cleaned string and symbol table, strings: 19870 processed, 4 removed, symbols: 138323 processed, 65 removed
[2021-01-13T11:34:06.145-0600][7.718s] GC(7) Pause Remark 36M->36M(512M) 2.341ms
[2021-01-13T11:34:06.145-0600][7.718s] GC(7) User=0.00s Sys=0.00s Real=0.00s
[2021-01-13T11:34:06.145-0600][7.718s] GC(7) Concurrent Rebuild Remembered Sets
[2021-01-13T11:34:06.151-0600][7.723s] GC(7) Concurrent Rebuild Remembered Sets 5.184ms
[2021-01-13T11:34:06.151-0600][7.724s] GC(7) Pause Cleanup
[2021-01-13T11:34:06.151-0600][7.724s] GC(7) Pause Cleanup 37M->37M(512M) 0.104ms
[2021-01-13T11:34:06.151-0600][7.724s] GC(7) User=0.00s Sys=0.00s Real=0.00s
[2021-01-13T11:34:06.151-0600][7.724s] GC(7) Concurrent Cleanup for Next Mark
[2021-01-13T11:34:06.152-0600][7.724s] GC(7) Concurrent Cleanup for Next Mark 0.567ms
[2021-01-13T11:34:06.152-0600][7.724s] GC(7) Concurrent Cycle 21.110ms
[2021-01-13T11:34:06.391-0600][7.964s] GC(8) Pause Young (Normal) (G1 Evacuation Pause)
[2021-01-13T11:34:06.391-0600][7.964s] GC(8) Using 13 workers of 13 for evacuation
[2021-01-13T11:34:06.395-0600][7.968s] GC(8)   Pre Evacuate Collection Set: 0.0ms
[2021-01-13T11:34:06.395-0600][7.968s] GC(8)   Evacuate Collection Set: 3.7ms
[2021-01-13T11:34:06.395-0600][7.968s] GC(8)   Post Evacuate Collection Set: 0.5ms
[2021-01-13T11:34:06.395-0600][7.968s] GC(8)   Other: 0.2ms
[2021-01-13T11:34:06.395-0600][7.968s] GC(8) Eden regions: 157->0(225)
[2021-01-13T11:34:06.395-0600][7.968s] GC(8) Survivor regions: 9->13(21)
[2021-01-13T11:34:06.395-0600][7.968s] GC(8) Old regions: 20->20
[2021-01-13T11:34:06.395-0600][7.968s] GC(8) Humongous regions: 6->5
[2021-01-13T11:34:06.395-0600][7.968s] GC(8) Metaspace: 45649K->45649K(1091584K)
[2021-01-13T11:34:06.395-0600][7.968s] GC(8) Pause Young (Normal) (G1 Evacuation Pause) 191M->36M(512M) 4.647ms
[2021-01-13T11:34:06.395-0600][7.968s] GC(8) User=0.22s Sys=0.02s Real=0.00s
[2021-01-13T11:34:06.851-0600][8.424s] GC(9) Pause Young (Normal) (G1 Evacuation Pause)
[2021-01-13T11:34:06.851-0600][8.424s] GC(9) Using 13 workers of 13 for evacuation
[2021-01-13T11:34:06.856-0600][8.429s] GC(9)   Pre Evacuate Collection Set: 0.0ms
[2021-01-13T11:34:06.856-0600][8.429s] GC(9)   Evacuate Collection Set: 4.1ms
[2021-01-13T11:34:06.856-0600][8.429s] GC(9)   Post Evacuate Collection Set: 0.6ms
[2021-01-13T11:34:06.856-0600][8.429s] GC(9)   Other: 0.2ms
[2021-01-13T11:34:06.856-0600][8.429s] GC(9) Eden regions: 225->0(294)
[2021-01-13T11:34:06.856-0600][8.429s] GC(9) Survivor regions: 13->13(30)
[2021-01-13T11:34:06.856-0600][8.429s] GC(9) Old regions: 20->20
[2021-01-13T11:34:06.856-0600][8.429s] GC(9) Humongous regions: 5->5
[2021-01-13T11:34:06.856-0600][8.429s] GC(9) Metaspace: 48026K->48026K(1093632K)
[2021-01-13T11:34:06.856-0600][8.429s] GC(9) Pause Young (Normal) (G1 Evacuation Pause) 261M->36M(512M) 5.120ms
[2021-01-13T11:34:06.856-0600][8.429s] GC(9) User=0.00s Sys=0.00s Real=0.00s
[2021-01-13T11:52:07.918-0600][1089.491s] GC(10) Pause Young (Normal) (G1 Evacuation Pause)
[2021-01-13T11:52:07.919-0600][1089.491s] GC(10) Using 13 workers of 13 for evacuation
[2021-01-13T11:52:07.932-0600][1089.504s] GC(10)   Pre Evacuate Collection Set: 0.0ms
[2021-01-13T11:52:07.932-0600][1089.504s] GC(10)   Evacuate Collection Set: 11.6ms
[2021-01-13T11:52:07.932-0600][1089.504s] GC(10)   Post Evacuate Collection Set: 1.2ms
[2021-01-13T11:52:07.932-0600][1089.504s] GC(10)   Other: 0.3ms
[2021-01-13T11:52:07.932-0600][1089.504s] GC(10) Eden regions: 294->0(279)
[2021-01-13T11:52:07.932-0600][1089.504s] GC(10) Survivor regions: 13->28(39)
[2021-01-13T11:52:07.932-0600][1089.504s] GC(10) Old regions: 20->20
[2021-01-13T11:52:07.932-0600][1089.504s] GC(10) Humongous regions: 5->5
[2021-01-13T11:52:07.932-0600][1089.505s] GC(10) Metaspace: 63954K->63954K(1107968K)
[2021-01-13T11:52:07.932-0600][1089.505s] GC(10) Pause Young (Normal) (G1 Evacuation Pause) 330M->52M(512M) 13.244ms
[2021-01-13T11:52:07.932-0600][1089.505s] GC(10) User=0.17s Sys=0.03s Real=0.01s
