[2021-01-14T19:21:59.371-0600][0.019s] Heap region size: 1M
[2021-01-14T19:21:59.520-0600][0.168s] Using G1
[2021-01-14T19:21:59.520-0600][0.168s] Heap address: 0x00000000e0000000, size: 512 MB, Compressed Oops mode: 32-bit
[2021-01-14T19:22:00.151-0600][0.799s] GC(0) Pause Young (Normal) (G1 Evacuation Pause)
[2021-01-14T19:22:00.152-0600][0.800s] GC(0) Using 12 workers of 13 for evacuation
[2021-01-14T19:22:00.155-0600][0.803s] GC(0)   Pre Evacuate Collection Set: 0.0ms
[2021-01-14T19:22:00.155-0600][0.803s] GC(0)   Evacuate Collection Set: 2.4ms
[2021-01-14T19:22:00.155-0600][0.803s] GC(0)   Post Evacuate Collection Set: 0.5ms
[2021-01-14T19:22:00.155-0600][0.803s] GC(0)   Other: 1.0ms
[2021-01-14T19:22:00.155-0600][0.803s] GC(0) Eden regions: 30->0(304)
[2021-01-14T19:22:00.156-0600][0.804s] GC(0) Survivor regions: 0->3(4)
[2021-01-14T19:22:00.156-0600][0.804s] GC(0) Old regions: 0->0
[2021-01-14T19:22:00.156-0600][0.804s] GC(0) Humongous regions: 0->0
[2021-01-14T19:22:00.156-0600][0.804s] GC(0) Metaspace: 13004K->13004K(1060864K)
[2021-01-14T19:22:00.156-0600][0.804s] GC(0) Pause Young (Normal) (G1 Evacuation Pause) 30M->2M(512M) 4.594ms
[2021-01-14T19:22:00.156-0600][0.804s] GC(0) User=0.00s Sys=0.00s Real=0.00s
[2021-01-14T19:22:00.635-0600][1.283s] GC(1) Pause Young (Concurrent Start) (Metadata GC Threshold)
[2021-01-14T19:22:00.635-0600][1.283s] GC(1) Using 12 workers of 13 for evacuation
[2021-01-14T19:22:00.647-0600][1.295s] GC(1)   Pre Evacuate Collection Set: 0.0ms
[2021-01-14T19:22:00.647-0600][1.295s] GC(1)   Evacuate Collection Set: 11.4ms
[2021-01-14T19:22:00.647-0600][1.295s] GC(1)   Post Evacuate Collection Set: 0.6ms
[2021-01-14T19:22:00.648-0600][1.296s] GC(1)   Other: 0.2ms
[2021-01-14T19:22:00.648-0600][1.296s] GC(1) Eden regions: 41->0(58)
[2021-01-14T19:22:00.648-0600][1.296s] GC(1) Survivor regions: 3->12(39)
[2021-01-14T19:22:00.648-0600][1.296s] GC(1) Old regions: 0->0
[2021-01-14T19:22:00.648-0600][1.296s] GC(1) Humongous regions: 4->4
[2021-01-14T19:22:00.648-0600][1.296s] GC(1) Metaspace: 20734K->20734K(1069056K)
[2021-01-14T19:22:00.648-0600][1.296s] GC(1) Pause Young (Concurrent Start) (Metadata GC Threshold) 47M->15M(512M) 12.382ms
[2021-01-14T19:22:00.648-0600][1.296s] GC(1) User=0.00s Sys=0.00s Real=0.01s
[2021-01-14T19:22:00.648-0600][1.296s] GC(2) Concurrent Cycle
[2021-01-14T19:22:00.648-0600][1.296s] GC(2) Concurrent Clear Claimed Marks
[2021-01-14T19:22:00.648-0600][1.296s] GC(2) Concurrent Clear Claimed Marks 0.039ms
[2021-01-14T19:22:00.648-0600][1.296s] GC(2) Concurrent Scan Root Regions
[2021-01-14T19:22:00.650-0600][1.298s] GC(2) Concurrent Scan Root Regions 2.580ms
[2021-01-14T19:22:00.650-0600][1.298s] GC(2) Concurrent Mark (1.298s)
[2021-01-14T19:22:00.650-0600][1.298s] GC(2) Concurrent Mark From Roots
[2021-01-14T19:22:00.650-0600][1.298s] GC(2) Using 3 workers of 3 for marking
[2021-01-14T19:22:00.651-0600][1.299s] GC(2) Concurrent Mark From Roots 0.657ms
[2021-01-14T19:22:00.651-0600][1.299s] GC(2) Concurrent Preclean
[2021-01-14T19:22:00.651-0600][1.299s] GC(2) Concurrent Preclean 0.091ms
[2021-01-14T19:22:00.651-0600][1.299s] GC(2) Concurrent Mark (1.298s, 1.299s) 0.803ms
[2021-01-14T19:22:00.651-0600][1.299s] GC(2) Pause Remark
[2021-01-14T19:22:00.652-0600][1.300s] GC(2) Cleaned string and symbol table, strings: 10172 processed, 0 removed, symbols: 67875 processed, 18 removed
[2021-01-14T19:22:00.653-0600][1.301s] GC(2) Pause Remark 16M->16M(512M) 1.148ms
[2021-01-14T19:22:00.653-0600][1.301s] GC(2) User=0.00s Sys=0.00s Real=0.00s
[2021-01-14T19:22:00.653-0600][1.301s] GC(2) Concurrent Rebuild Remembered Sets
[2021-01-14T19:22:00.654-0600][1.302s] GC(2) Concurrent Rebuild Remembered Sets 1.249ms
[2021-01-14T19:22:00.654-0600][1.302s] GC(2) Pause Cleanup
[2021-01-14T19:22:00.654-0600][1.302s] GC(2) Pause Cleanup 16M->16M(512M) 0.083ms
[2021-01-14T19:22:00.654-0600][1.302s] GC(2) User=0.00s Sys=0.00s Real=0.00s
[2021-01-14T19:22:00.654-0600][1.302s] GC(2) Concurrent Cleanup for Next Mark
[2021-01-14T19:22:00.655-0600][1.303s] GC(2) Concurrent Cleanup for Next Mark 0.396ms
[2021-01-14T19:22:00.655-0600][1.303s] GC(2) Concurrent Cycle 6.984ms
[2021-01-14T19:22:01.517-0600][2.165s] GC(3) Pause Young (Normal) (G1 Evacuation Pause)
[2021-01-14T19:22:01.518-0600][2.165s] GC(3) Using 13 workers of 13 for evacuation
[2021-01-14T19:22:01.525-0600][2.173s] GC(3)   Pre Evacuate Collection Set: 0.0ms
[2021-01-14T19:22:01.525-0600][2.173s] GC(3)   Evacuate Collection Set: 6.5ms
[2021-01-14T19:22:01.525-0600][2.173s] GC(3)   Post Evacuate Collection Set: 0.7ms
[2021-01-14T19:22:01.525-0600][2.173s] GC(3)   Other: 0.3ms
[2021-01-14T19:22:01.525-0600][2.173s] GC(3) Eden regions: 46->0(71)
[2021-01-14T19:22:01.525-0600][2.173s] GC(3) Survivor regions: 12->8(8)
[2021-01-14T19:22:01.525-0600][2.173s] GC(3) Old regions: 0->12
[2021-01-14T19:22:01.525-0600][2.173s] GC(3) Humongous regions: 4->4
[2021-01-14T19:22:01.525-0600][2.173s] GC(3) Metaspace: 26186K->26186K(1073152K)
[2021-01-14T19:22:01.525-0600][2.173s] GC(3) Pause Young (Normal) (G1 Evacuation Pause) 61M->23M(512M) 7.692ms
[2021-01-14T19:22:01.525-0600][2.173s] GC(3) User=0.20s Sys=0.00s Real=0.01s
[2021-01-14T19:22:02.242-0600][2.890s] GC(4) Pause Young (Concurrent Start) (Metadata GC Threshold)
[2021-01-14T19:22:02.242-0600][2.890s] GC(4) Using 13 workers of 13 for evacuation
[2021-01-14T19:22:02.246-0600][2.894s] GC(4)   Pre Evacuate Collection Set: 0.0ms
[2021-01-14T19:22:02.246-0600][2.894s] GC(4)   Evacuate Collection Set: 3.2ms
[2021-01-14T19:22:02.246-0600][2.894s] GC(4)   Post Evacuate Collection Set: 0.4ms
[2021-01-14T19:22:02.246-0600][2.894s] GC(4)   Other: 0.2ms
[2021-01-14T19:22:02.246-0600][2.894s] GC(4) Eden regions: 65->0(104)
[2021-01-14T19:22:02.246-0600][2.894s] GC(4) Survivor regions: 8->2(10)
[2021-01-14T19:22:02.246-0600][2.894s] GC(4) Old regions: 12->20
[2021-01-14T19:22:02.246-0600][2.894s] GC(4) Humongous regions: 4->4
[2021-01-14T19:22:02.246-0600][2.894s] GC(4) Metaspace: 35274K->35274K(1081344K)
[2021-01-14T19:22:02.246-0600][2.894s] GC(4) Pause Young (Concurrent Start) (Metadata GC Threshold) 87M->25M(512M) 3.986ms
[2021-01-14T19:22:02.246-0600][2.894s] GC(4) User=0.00s Sys=0.00s Real=0.00s
[2021-01-14T19:22:02.246-0600][2.894s] GC(5) Concurrent Cycle
[2021-01-14T19:22:02.246-0600][2.894s] GC(5) Concurrent Clear Claimed Marks
[2021-01-14T19:22:02.246-0600][2.895s] GC(5) Concurrent Clear Claimed Marks 0.063ms
[2021-01-14T19:22:02.246-0600][2.895s] GC(5) Concurrent Scan Root Regions
[2021-01-14T19:22:02.247-0600][2.896s] GC(5) Concurrent Scan Root Regions 1.020ms
[2021-01-14T19:22:02.247-0600][2.896s] GC(5) Concurrent Mark (2.896s)
[2021-01-14T19:22:02.247-0600][2.896s] GC(5) Concurrent Mark From Roots
[2021-01-14T19:22:02.247-0600][2.896s] GC(5) Using 3 workers of 3 for marking
[2021-01-14T19:22:02.264-0600][2.912s] GC(5) Concurrent Mark From Roots 16.843ms
[2021-01-14T19:22:02.264-0600][2.913s] GC(5) Concurrent Preclean
[2021-01-14T19:22:02.264-0600][2.913s] GC(5) Concurrent Preclean 0.150ms
[2021-01-14T19:22:02.264-0600][2.913s] GC(5) Concurrent Mark (2.896s, 2.913s) 17.079ms
[2021-01-14T19:22:02.264-0600][2.913s] GC(5) Pause Remark
[2021-01-14T19:22:02.267-0600][2.915s] GC(5) Cleaned string and symbol table, strings: 16776 processed, 22 removed, symbols: 115011 processed, 43 removed
[2021-01-14T19:22:02.267-0600][2.915s] GC(5) Pause Remark 26M->26M(512M) 2.418ms
[2021-01-14T19:22:02.267-0600][2.915s] GC(5) User=0.00s Sys=0.00s Real=0.00s
[2021-01-14T19:22:02.267-0600][2.915s] GC(5) Concurrent Rebuild Remembered Sets
[2021-01-14T19:22:02.272-0600][2.920s] GC(5) Concurrent Rebuild Remembered Sets 5.008ms
[2021-01-14T19:22:02.272-0600][2.920s] GC(5) Pause Cleanup
[2021-01-14T19:22:02.272-0600][2.921s] GC(5) Pause Cleanup 26M->26M(512M) 0.105ms
[2021-01-14T19:22:02.272-0600][2.921s] GC(5) User=0.00s Sys=0.00s Real=0.00s
[2021-01-14T19:22:02.272-0600][2.921s] GC(5) Concurrent Cleanup for Next Mark
[2021-01-14T19:22:02.273-0600][2.921s] GC(5) Concurrent Cleanup for Next Mark 0.464ms
[2021-01-14T19:22:02.273-0600][2.921s] GC(5) Concurrent Cycle 26.672ms
[2021-01-14T19:22:07.352-0600][8.000s] GC(6) Pause Young (Concurrent Start) (G1 Evacuation Pause)
[2021-01-14T19:22:07.352-0600][8.000s] GC(6) Using 13 workers of 13 for evacuation
[2021-01-14T19:22:07.358-0600][8.006s] GC(6)   Pre Evacuate Collection Set: 0.1ms
[2021-01-14T19:22:07.358-0600][8.006s] GC(6)   Evacuate Collection Set: 5.4ms
[2021-01-14T19:22:07.358-0600][8.006s] GC(6)   Post Evacuate Collection Set: 0.7ms
[2021-01-14T19:22:07.358-0600][8.006s] GC(6)   Other: 0.3ms
[2021-01-14T19:22:07.358-0600][8.006s] GC(6) Eden regions: 104->0(146)
[2021-01-14T19:22:07.358-0600][8.006s] GC(6) Survivor regions: 2->9(14)
[2021-01-14T19:22:07.358-0600][8.006s] GC(6) Old regions: 20->20
[2021-01-14T19:22:07.358-0600][8.006s] GC(6) Humongous regions: 5->5
[2021-01-14T19:22:07.358-0600][8.006s] GC(6) Metaspace: 43182K->43182K(1089536K)
[2021-01-14T19:22:07.358-0600][8.006s] GC(6) Pause Young (Concurrent Start) (G1 Evacuation Pause) 130M->33M(512M) 6.667ms
[2021-01-14T19:22:07.358-0600][8.006s] GC(6) User=0.00s Sys=0.00s Real=0.01s
[2021-01-14T19:22:07.359-0600][8.006s] GC(7) Concurrent Cycle
[2021-01-14T19:22:07.359-0600][8.006s] GC(7) Concurrent Clear Claimed Marks
[2021-01-14T19:22:07.359-0600][8.007s] GC(7) Concurrent Clear Claimed Marks 0.094ms
[2021-01-14T19:22:07.359-0600][8.007s] GC(7) Concurrent Scan Root Regions
[2021-01-14T19:22:07.361-0600][8.009s] GC(7) Concurrent Scan Root Regions 2.366ms
[2021-01-14T19:22:07.361-0600][8.009s] GC(7) Concurrent Mark (8.009s)
[2021-01-14T19:22:07.361-0600][8.009s] GC(7) Concurrent Mark From Roots
[2021-01-14T19:22:07.361-0600][8.009s] GC(7) Using 3 workers of 3 for marking
[2021-01-14T19:22:07.377-0600][8.025s] GC(7) Concurrent Mark From Roots 15.502ms
[2021-01-14T19:22:07.377-0600][8.025s] GC(7) Concurrent Preclean
[2021-01-14T19:22:07.377-0600][8.025s] GC(7) Concurrent Preclean 0.256ms
[2021-01-14T19:22:07.377-0600][8.025s] GC(7) Concurrent Mark (8.009s, 8.025s) 15.878ms
[2021-01-14T19:22:07.379-0600][8.027s] GC(7) Pause Remark
[2021-01-14T19:22:07.382-0600][8.030s] GC(7) Cleaned string and symbol table, strings: 20005 processed, 4 removed, symbols: 139086 processed, 65 removed
[2021-01-14T19:22:07.382-0600][8.030s] GC(7) Pause Remark 38M->38M(512M) 3.546ms
[2021-01-14T19:22:07.382-0600][8.030s] GC(7) User=0.00s Sys=0.00s Real=0.00s
[2021-01-14T19:22:07.382-0600][8.030s] GC(7) Concurrent Rebuild Remembered Sets
[2021-01-14T19:22:07.389-0600][8.037s] GC(7) Concurrent Rebuild Remembered Sets 6.955ms
[2021-01-14T19:22:07.389-0600][8.037s] GC(7) Pause Cleanup
[2021-01-14T19:22:07.389-0600][8.037s] GC(7) Pause Cleanup 39M->39M(512M) 0.116ms
[2021-01-14T19:22:07.389-0600][8.037s] GC(7) User=0.00s Sys=0.00s Real=0.00s
[2021-01-14T19:22:07.389-0600][8.037s] GC(7) Concurrent Cleanup for Next Mark
[2021-01-14T19:22:07.390-0600][8.038s] GC(7) Concurrent Cleanup for Next Mark 0.550ms
[2021-01-14T19:22:07.390-0600][8.038s] GC(7) Concurrent Cycle 31.595ms
[2021-01-14T19:22:07.628-0600][8.276s] GC(8) Pause Young (Normal) (G1 Evacuation Pause)
[2021-01-14T19:22:07.628-0600][8.276s] GC(8) Using 13 workers of 13 for evacuation
[2021-01-14T19:22:07.633-0600][8.280s] GC(8)   Pre Evacuate Collection Set: 0.0ms
[2021-01-14T19:22:07.633-0600][8.281s] GC(8)   Evacuate Collection Set: 3.6ms
[2021-01-14T19:22:07.633-0600][8.281s] GC(8)   Post Evacuate Collection Set: 0.5ms
[2021-01-14T19:22:07.633-0600][8.281s] GC(8)   Other: 0.2ms
[2021-01-14T19:22:07.633-0600][8.281s] GC(8) Eden regions: 146->0(251)
[2021-01-14T19:22:07.633-0600][8.281s] GC(8) Survivor regions: 9->11(20)
[2021-01-14T19:22:07.633-0600][8.281s] GC(8) Old regions: 20->20
[2021-01-14T19:22:07.633-0600][8.281s] GC(8) Humongous regions: 6->5
[2021-01-14T19:22:07.633-0600][8.281s] GC(8) Metaspace: 45702K->45702K(1091584K)
[2021-01-14T19:22:07.633-0600][8.281s] GC(8) Pause Young (Normal) (G1 Evacuation Pause) 180M->35M(512M) 4.476ms
[2021-01-14T19:22:07.633-0600][8.281s] GC(8) User=0.05s Sys=0.02s Real=0.00s
