[2021-01-13T12:41:39.507-0600][0.017s] Heap region size: 1M
[2021-01-13T12:41:39.652-0600][0.161s] Using G1
[2021-01-13T12:41:39.652-0600][0.162s] Heap address: 0x00000000e0000000, size: 512 MB, Compressed Oops mode: 32-bit
[2021-01-13T12:41:40.241-0600][0.751s] GC(0) Pause Young (Normal) (G1 Evacuation Pause)
[2021-01-13T12:41:40.242-0600][0.752s] GC(0) Using 12 workers of 13 for evacuation
[2021-01-13T12:41:40.244-0600][0.754s] GC(0)   Pre Evacuate Collection Set: 0.0ms
[2021-01-13T12:41:40.245-0600][0.754s] GC(0)   Evacuate Collection Set: 2.2ms
[2021-01-13T12:41:40.245-0600][0.755s] GC(0)   Post Evacuate Collection Set: 0.4ms
[2021-01-13T12:41:40.245-0600][0.755s] GC(0)   Other: 1.0ms
[2021-01-13T12:41:40.245-0600][0.755s] GC(0) Eden regions: 30->0(304)
[2021-01-13T12:41:40.245-0600][0.755s] GC(0) Survivor regions: 0->3(4)
[2021-01-13T12:41:40.245-0600][0.755s] GC(0) Old regions: 0->0
[2021-01-13T12:41:40.245-0600][0.755s] GC(0) Humongous regions: 0->0
[2021-01-13T12:41:40.245-0600][0.755s] GC(0) Metaspace: 12959K->12959K(1060864K)
[2021-01-13T12:41:40.245-0600][0.755s] GC(0) Pause Young (Normal) (G1 Evacuation Pause) 30M->2M(512M) 4.430ms
[2021-01-13T12:41:40.245-0600][0.755s] GC(0) User=0.00s Sys=0.00s Real=0.00s
[2021-01-13T12:41:40.724-0600][1.234s] GC(1) Pause Young (Concurrent Start) (Metadata GC Threshold)
[2021-01-13T12:41:40.724-0600][1.234s] GC(1) Using 12 workers of 13 for evacuation
[2021-01-13T12:41:40.735-0600][1.245s] GC(1)   Pre Evacuate Collection Set: 0.0ms
[2021-01-13T12:41:40.735-0600][1.245s] GC(1)   Evacuate Collection Set: 10.6ms
[2021-01-13T12:41:40.735-0600][1.245s] GC(1)   Post Evacuate Collection Set: 0.5ms
[2021-01-13T12:41:40.735-0600][1.245s] GC(1)   Other: 0.2ms
[2021-01-13T12:41:40.735-0600][1.245s] GC(1) Eden regions: 41->0(58)
[2021-01-13T12:41:40.735-0600][1.245s] GC(1) Survivor regions: 3->12(39)
[2021-01-13T12:41:40.735-0600][1.245s] GC(1) Old regions: 0->0
[2021-01-13T12:41:40.735-0600][1.245s] GC(1) Humongous regions: 4->4
[2021-01-13T12:41:40.735-0600][1.245s] GC(1) Metaspace: 20733K->20733K(1069056K)
[2021-01-13T12:41:40.735-0600][1.245s] GC(1) Pause Young (Concurrent Start) (Metadata GC Threshold) 47M->15M(512M) 11.504ms
[2021-01-13T12:41:40.735-0600][1.245s] GC(1) User=0.00s Sys=0.00s Real=0.01s
[2021-01-13T12:41:40.735-0600][1.245s] GC(2) Concurrent Cycle
[2021-01-13T12:41:40.735-0600][1.245s] GC(2) Concurrent Clear Claimed Marks
[2021-01-13T12:41:40.735-0600][1.245s] GC(2) Concurrent Clear Claimed Marks 0.048ms
[2021-01-13T12:41:40.735-0600][1.245s] GC(2) Concurrent Scan Root Regions
[2021-01-13T12:41:40.738-0600][1.248s] GC(2) Concurrent Scan Root Regions 2.424ms
[2021-01-13T12:41:40.738-0600][1.248s] GC(2) Concurrent Mark (1.248s)
[2021-01-13T12:41:40.738-0600][1.248s] GC(2) Concurrent Mark From Roots
[2021-01-13T12:41:40.738-0600][1.248s] GC(2) Using 3 workers of 3 for marking
[2021-01-13T12:41:40.738-0600][1.248s] GC(2) Concurrent Mark From Roots 0.558ms
[2021-01-13T12:41:40.738-0600][1.248s] GC(2) Concurrent Preclean
[2021-01-13T12:41:40.739-0600][1.249s] GC(2) Concurrent Preclean 0.113ms
[2021-01-13T12:41:40.739-0600][1.249s] GC(2) Concurrent Mark (1.248s, 1.249s) 0.716ms
[2021-01-13T12:41:40.739-0600][1.249s] GC(2) Pause Remark
[2021-01-13T12:41:40.740-0600][1.250s] GC(2) Cleaned string and symbol table, strings: 10172 processed, 0 removed, symbols: 67875 processed, 18 removed
[2021-01-13T12:41:40.740-0600][1.250s] GC(2) Pause Remark 16M->16M(512M) 1.131ms
[2021-01-13T12:41:40.740-0600][1.250s] GC(2) User=0.00s Sys=0.00s Real=0.00s
[2021-01-13T12:41:40.740-0600][1.250s] GC(2) Concurrent Rebuild Remembered Sets
[2021-01-13T12:41:40.741-0600][1.251s] GC(2) Concurrent Rebuild Remembered Sets 1.201ms
[2021-01-13T12:41:40.741-0600][1.251s] GC(2) Pause Cleanup
[2021-01-13T12:41:40.741-0600][1.251s] GC(2) Pause Cleanup 16M->16M(512M) 0.067ms
[2021-01-13T12:41:40.741-0600][1.251s] GC(2) User=0.00s Sys=0.00s Real=0.00s
[2021-01-13T12:41:40.741-0600][1.251s] GC(2) Concurrent Cleanup for Next Mark
[2021-01-13T12:41:40.742-0600][1.252s] GC(2) Concurrent Cleanup for Next Mark 0.369ms
[2021-01-13T12:41:40.742-0600][1.252s] GC(2) Concurrent Cycle 6.525ms
[2021-01-13T12:41:41.579-0600][2.089s] GC(3) Pause Young (Normal) (G1 Evacuation Pause)
[2021-01-13T12:41:41.579-0600][2.089s] GC(3) Using 13 workers of 13 for evacuation
[2021-01-13T12:41:41.587-0600][2.097s] GC(3)   Pre Evacuate Collection Set: 0.0ms
[2021-01-13T12:41:41.587-0600][2.097s] GC(3)   Evacuate Collection Set: 6.6ms
[2021-01-13T12:41:41.587-0600][2.097s] GC(3)   Post Evacuate Collection Set: 0.6ms
[2021-01-13T12:41:41.587-0600][2.097s] GC(3)   Other: 0.2ms
[2021-01-13T12:41:41.587-0600][2.097s] GC(3) Eden regions: 46->0(71)
[2021-01-13T12:41:41.587-0600][2.097s] GC(3) Survivor regions: 12->8(8)
[2021-01-13T12:41:41.587-0600][2.097s] GC(3) Old regions: 0->12
[2021-01-13T12:41:41.587-0600][2.097s] GC(3) Humongous regions: 4->4
[2021-01-13T12:41:41.587-0600][2.097s] GC(3) Metaspace: 26108K->26108K(1073152K)
[2021-01-13T12:41:41.587-0600][2.097s] GC(3) Pause Young (Normal) (G1 Evacuation Pause) 61M->23M(512M) 7.573ms
[2021-01-13T12:41:41.587-0600][2.097s] GC(3) User=0.16s Sys=0.05s Real=0.01s
[2021-01-13T12:41:42.488-0600][2.998s] GC(4) Pause Young (Normal) (G1 Evacuation Pause)
[2021-01-13T12:41:42.488-0600][2.998s] GC(4) Using 13 workers of 13 for evacuation
[2021-01-13T12:41:42.491-0600][3.001s] GC(4)   Pre Evacuate Collection Set: 0.0ms
[2021-01-13T12:41:42.491-0600][3.001s] GC(4)   Evacuate Collection Set: 2.2ms
[2021-01-13T12:41:42.491-0600][3.001s] GC(4)   Post Evacuate Collection Set: 0.3ms
[2021-01-13T12:41:42.491-0600][3.001s] GC(4)   Other: 0.2ms
[2021-01-13T12:41:42.491-0600][3.001s] GC(4) Eden regions: 71->0(114)
[2021-01-13T12:41:42.491-0600][3.001s] GC(4) Survivor regions: 8->2(10)
[2021-01-13T12:41:42.491-0600][3.001s] GC(4) Old regions: 12->20
[2021-01-13T12:41:42.491-0600][3.001s] GC(4) Humongous regions: 4->4
[2021-01-13T12:41:42.491-0600][3.001s] GC(4) Metaspace: 34668K->34668K(1081344K)
[2021-01-13T12:41:42.491-0600][3.001s] GC(4) Pause Young (Normal) (G1 Evacuation Pause) 94M->25M(512M) 2.839ms
[2021-01-13T12:41:42.491-0600][3.001s] GC(4) User=0.00s Sys=0.00s Real=0.00s
[2021-01-13T12:41:42.514-0600][3.024s] GC(5) Pause Young (Concurrent Start) (Metadata GC Threshold)
[2021-01-13T12:41:42.514-0600][3.024s] GC(5) Using 13 workers of 13 for evacuation
[2021-01-13T12:41:42.515-0600][3.026s] GC(5)   Pre Evacuate Collection Set: 0.0ms
[2021-01-13T12:41:42.515-0600][3.026s] GC(5)   Evacuate Collection Set: 1.2ms
[2021-01-13T12:41:42.515-0600][3.026s] GC(5)   Post Evacuate Collection Set: 0.2ms
[2021-01-13T12:41:42.516-0600][3.026s] GC(5)   Other: 0.1ms
[2021-01-13T12:41:42.516-0600][3.026s] GC(5) Eden regions: 3->0(117)
[2021-01-13T12:41:42.516-0600][3.026s] GC(5) Survivor regions: 2->2(15)
[2021-01-13T12:41:42.516-0600][3.026s] GC(5) Old regions: 20->20
[2021-01-13T12:41:42.516-0600][3.026s] GC(5) Humongous regions: 4->4
[2021-01-13T12:41:42.516-0600][3.026s] GC(5) Metaspace: 35354K->35354K(1081344K)
[2021-01-13T12:41:42.516-0600][3.026s] GC(5) Pause Young (Concurrent Start) (Metadata GC Threshold) 28M->24M(512M) 1.712ms
[2021-01-13T12:41:42.516-0600][3.026s] GC(5) User=0.00s Sys=0.00s Real=0.00s
[2021-01-13T12:41:42.516-0600][3.026s] GC(6) Concurrent Cycle
[2021-01-13T12:41:42.516-0600][3.026s] GC(6) Concurrent Clear Claimed Marks
[2021-01-13T12:41:42.516-0600][3.026s] GC(6) Concurrent Clear Claimed Marks 0.021ms
[2021-01-13T12:41:42.516-0600][3.026s] GC(6) Concurrent Scan Root Regions
[2021-01-13T12:41:42.517-0600][3.027s] GC(6) Concurrent Scan Root Regions 0.844ms
[2021-01-13T12:41:42.517-0600][3.027s] GC(6) Concurrent Mark (3.027s)
[2021-01-13T12:41:42.517-0600][3.027s] GC(6) Concurrent Mark From Roots
[2021-01-13T12:41:42.517-0600][3.027s] GC(6) Using 3 workers of 3 for marking
[2021-01-13T12:41:42.526-0600][3.036s] GC(6) Concurrent Mark From Roots 9.170ms
[2021-01-13T12:41:42.526-0600][3.036s] GC(6) Concurrent Preclean
[2021-01-13T12:41:42.526-0600][3.036s] GC(6) Concurrent Preclean 0.157ms
[2021-01-13T12:41:42.526-0600][3.036s] GC(6) Concurrent Mark (3.027s, 3.036s) 9.396ms
[2021-01-13T12:41:42.526-0600][3.037s] GC(6) Pause Remark
[2021-01-13T12:41:42.528-0600][3.038s] GC(6) Cleaned string and symbol table, strings: 16729 processed, 26 removed, symbols: 114618 processed, 43 removed
[2021-01-13T12:41:42.528-0600][3.039s] GC(6) Pause Remark 25M->25M(512M) 2.085ms
[2021-01-13T12:41:42.528-0600][3.039s] GC(6) User=0.00s Sys=0.00s Real=0.00s
[2021-01-13T12:41:42.528-0600][3.039s] GC(6) Concurrent Rebuild Remembered Sets
[2021-01-13T12:41:42.533-0600][3.043s] GC(6) Concurrent Rebuild Remembered Sets 4.721ms
[2021-01-13T12:41:42.533-0600][3.044s] GC(6) Pause Cleanup
[2021-01-13T12:41:42.533-0600][3.044s] GC(6) Pause Cleanup 26M->26M(512M) 0.092ms
[2021-01-13T12:41:42.533-0600][3.044s] GC(6) User=0.00s Sys=0.00s Real=0.00s
[2021-01-13T12:41:42.534-0600][3.044s] GC(6) Concurrent Cleanup for Next Mark
[2021-01-13T12:41:42.534-0600][3.044s] GC(6) Concurrent Cleanup for Next Mark 0.428ms
[2021-01-13T12:41:42.534-0600][3.044s] GC(6) Concurrent Cycle 18.326ms
[2021-01-13T12:41:48.619-0600][9.129s] GC(7) Pause Young (Normal) (G1 Evacuation Pause)
[2021-01-13T12:41:48.619-0600][9.129s] GC(7) Using 13 workers of 13 for evacuation
[2021-01-13T12:41:48.623-0600][9.133s] GC(7)   Pre Evacuate Collection Set: 0.0ms
[2021-01-13T12:41:48.623-0600][9.133s] GC(7)   Evacuate Collection Set: 3.2ms
[2021-01-13T12:41:48.623-0600][9.133s] GC(7)   Post Evacuate Collection Set: 0.5ms
[2021-01-13T12:41:48.623-0600][9.133s] GC(7)   Other: 0.2ms
[2021-01-13T12:41:48.623-0600][9.133s] GC(7) Eden regions: 117->0(217)
[2021-01-13T12:41:48.623-0600][9.133s] GC(7) Survivor regions: 2->11(15)
[2021-01-13T12:41:48.623-0600][9.133s] GC(7) Old regions: 20->20
[2021-01-13T12:41:48.623-0600][9.133s] GC(7) Humongous regions: 6->5
[2021-01-13T12:41:48.623-0600][9.133s] GC(7) Metaspace: 43911K->43911K(1089536K)
[2021-01-13T12:41:48.623-0600][9.133s] GC(7) Pause Young (Normal) (G1 Evacuation Pause) 143M->34M(512M) 3.998ms
[2021-01-13T12:41:48.623-0600][9.133s] GC(7) User=0.00s Sys=0.00s Real=0.00s
[2021-01-13T12:41:48.815-0600][9.325s] GC(8) Pause Young (Normal) (G1 Evacuation Pause)
[2021-01-13T12:41:48.815-0600][9.325s] GC(8) Using 13 workers of 13 for evacuation
[2021-01-13T12:41:48.819-0600][9.330s] GC(8)   Pre Evacuate Collection Set: 0.0ms
[2021-01-13T12:41:48.819-0600][9.330s] GC(8)   Evacuate Collection Set: 3.8ms
[2021-01-13T12:41:48.819-0600][9.330s] GC(8)   Post Evacuate Collection Set: 0.6ms
[2021-01-13T12:41:48.819-0600][9.330s] GC(8)   Other: 0.3ms
[2021-01-13T12:41:48.819-0600][9.330s] GC(8) Eden regions: 217->0(272)
[2021-01-13T12:41:48.819-0600][9.330s] GC(8) Survivor regions: 11->12(29)
[2021-01-13T12:41:48.819-0600][9.330s] GC(8) Old regions: 20->20
[2021-01-13T12:41:48.819-0600][9.330s] GC(8) Humongous regions: 5->5
[2021-01-13T12:41:48.819-0600][9.330s] GC(8) Metaspace: 45678K->45678K(1091584K)
[2021-01-13T12:41:48.819-0600][9.330s] GC(8) Pause Young (Normal) (G1 Evacuation Pause) 251M->36M(512M) 4.791ms
[2021-01-13T12:41:48.819-0600][9.330s] GC(8) User=0.00s Sys=0.00s Real=0.00s
[2021-01-13T12:41:54.158-0600][14.668s] GC(9) Pause Young (Normal) (G1 Evacuation Pause)
[2021-01-13T12:41:54.158-0600][14.668s] GC(9) Using 13 workers of 13 for evacuation
[2021-01-13T12:41:54.165-0600][14.675s] GC(9)   Pre Evacuate Collection Set: 0.0ms
[2021-01-13T12:41:54.165-0600][14.675s] GC(9)   Evacuate Collection Set: 5.7ms
[2021-01-13T12:41:54.165-0600][14.675s] GC(9)   Post Evacuate Collection Set: 0.7ms
[2021-01-13T12:41:54.165-0600][14.675s] GC(9)   Other: 0.3ms
[2021-01-13T12:41:54.165-0600][14.675s] GC(9) Eden regions: 272->0(290)
[2021-01-13T12:41:54.165-0600][14.675s] GC(9) Survivor regions: 12->17(36)
[2021-01-13T12:41:54.165-0600][14.675s] GC(9) Old regions: 20->20
[2021-01-13T12:41:54.165-0600][14.675s] GC(9) Humongous regions: 5->5
[2021-01-13T12:41:54.165-0600][14.675s] GC(9) Metaspace: 53179K->53179K(1097728K)
[2021-01-13T12:41:54.165-0600][14.675s] GC(9) Pause Young (Normal) (G1 Evacuation Pause) 308M->41M(512M) 6.816ms
[2021-01-13T12:41:54.165-0600][14.675s] GC(9) User=0.00s Sys=0.00s Real=0.01s
[2021-01-13T12:41:54.755-0600][15.266s] GC(10) Pause Young (Concurrent Start) (Metadata GC Threshold)
[2021-01-13T12:41:54.755-0600][15.266s] GC(10) Using 13 workers of 13 for evacuation
[2021-01-13T12:41:54.762-0600][15.273s] GC(10)   Pre Evacuate Collection Set: 0.0ms
[2021-01-13T12:41:54.762-0600][15.273s] GC(10)   Evacuate Collection Set: 6.4ms
[2021-01-13T12:41:54.762-0600][15.273s] GC(10)   Post Evacuate Collection Set: 0.5ms
[2021-01-13T12:41:54.762-0600][15.273s] GC(10)   Other: 0.2ms
[2021-01-13T12:41:54.762-0600][15.273s] GC(10) Eden regions: 98->0(281)
[2021-01-13T12:41:54.762-0600][15.273s] GC(10) Survivor regions: 17->26(39)
[2021-01-13T12:41:54.762-0600][15.273s] GC(10) Old regions: 20->20
[2021-01-13T12:41:54.762-0600][15.273s] GC(10) Humongous regions: 5->5
[2021-01-13T12:41:54.762-0600][15.273s] GC(10) Metaspace: 59213K->59213K(1101824K)
[2021-01-13T12:41:54.762-0600][15.273s] GC(10) Pause Young (Concurrent Start) (Metadata GC Threshold) 139M->49M(512M) 7.288ms
[2021-01-13T12:41:54.762-0600][15.273s] GC(10) User=0.00s Sys=0.00s Real=0.01s
[2021-01-13T12:41:54.762-0600][15.273s] GC(11) Concurrent Cycle
[2021-01-13T12:41:54.762-0600][15.273s] GC(11) Concurrent Clear Claimed Marks
[2021-01-13T12:41:54.763-0600][15.273s] GC(11) Concurrent Clear Claimed Marks 0.096ms
[2021-01-13T12:41:54.763-0600][15.273s] GC(11) Concurrent Scan Root Regions
[2021-01-13T12:41:54.767-0600][15.277s] GC(11) Concurrent Scan Root Regions 4.153ms
[2021-01-13T12:41:54.767-0600][15.277s] GC(11) Concurrent Mark (15.277s)
[2021-01-13T12:41:54.767-0600][15.277s] GC(11) Concurrent Mark From Roots
[2021-01-13T12:41:54.767-0600][15.277s] GC(11) Using 3 workers of 3 for marking
[2021-01-13T12:41:54.775-0600][15.286s] GC(11) Concurrent Mark From Roots 8.670ms
[2021-01-13T12:41:54.776-0600][15.286s] GC(11) Concurrent Preclean
[2021-01-13T12:41:54.776-0600][15.286s] GC(11) Concurrent Preclean 0.152ms
[2021-01-13T12:41:54.776-0600][15.286s] GC(11) Concurrent Mark (15.277s, 15.286s) 8.903ms
[2021-01-13T12:41:54.776-0600][15.286s] GC(11) Pause Remark
[2021-01-13T12:41:54.779-0600][15.289s] GC(11) Cleaned string and symbol table, strings: 29365 processed, 0 removed, symbols: 182066 processed, 651 removed
[2021-01-13T12:41:54.779-0600][15.290s] GC(11) Pause Remark 52M->52M(512M) 3.308ms
[2021-01-13T12:41:54.779-0600][15.290s] GC(11) User=0.00s Sys=0.00s Real=0.00s
[2021-01-13T12:41:54.779-0600][15.290s] GC(11) Concurrent Rebuild Remembered Sets
[2021-01-13T12:41:54.784-0600][15.294s] GC(11) Concurrent Rebuild Remembered Sets 4.550ms
[2021-01-13T12:41:54.784-0600][15.294s] GC(11) Pause Cleanup
[2021-01-13T12:41:54.784-0600][15.294s] GC(11) Pause Cleanup 52M->52M(512M) 0.080ms
[2021-01-13T12:41:54.784-0600][15.294s] GC(11) User=0.00s Sys=0.00s Real=0.00s
[2021-01-13T12:41:54.784-0600][15.294s] GC(11) Concurrent Cleanup for Next Mark
[2021-01-13T12:41:54.784-0600][15.295s] GC(11) Concurrent Cleanup for Next Mark 0.312ms
[2021-01-13T12:41:54.784-0600][15.295s] GC(11) Concurrent Cycle 21.882ms
