[2021-01-13T12:56:11.873-0600][0.017s] Heap region size: 1M
[2021-01-13T12:56:12.019-0600][0.162s] Using G1
[2021-01-13T12:56:12.019-0600][0.162s] Heap address: 0x00000000e0000000, size: 512 MB, Compressed Oops mode: 32-bit
[2021-01-13T12:56:12.670-0600][0.813s] GC(0) Pause Young (Normal) (G1 Evacuation Pause)
[2021-01-13T12:56:12.671-0600][0.814s] GC(0) Using 12 workers of 13 for evacuation
[2021-01-13T12:56:12.673-0600][0.817s] GC(0)   Pre Evacuate Collection Set: 0.0ms
[2021-01-13T12:56:12.673-0600][0.817s] GC(0)   Evacuate Collection Set: 2.2ms
[2021-01-13T12:56:12.673-0600][0.817s] GC(0)   Post Evacuate Collection Set: 0.3ms
[2021-01-13T12:56:12.674-0600][0.817s] GC(0)   Other: 0.9ms
[2021-01-13T12:56:12.674-0600][0.817s] GC(0) Eden regions: 30->0(304)
[2021-01-13T12:56:12.674-0600][0.817s] GC(0) Survivor regions: 0->3(4)
[2021-01-13T12:56:12.674-0600][0.817s] GC(0) Old regions: 0->0
[2021-01-13T12:56:12.674-0600][0.817s] GC(0) Humongous regions: 0->0
[2021-01-13T12:56:12.674-0600][0.817s] GC(0) Metaspace: 13067K->13067K(1060864K)
[2021-01-13T12:56:12.674-0600][0.817s] GC(0) Pause Young (Normal) (G1 Evacuation Pause) 30M->2M(512M) 4.208ms
[2021-01-13T12:56:12.674-0600][0.817s] GC(0) User=0.00s Sys=0.00s Real=0.00s
[2021-01-13T12:56:13.102-0600][1.245s] GC(1) Pause Young (Concurrent Start) (Metadata GC Threshold)
[2021-01-13T12:56:13.102-0600][1.245s] GC(1) Using 12 workers of 13 for evacuation
[2021-01-13T12:56:13.113-0600][1.257s] GC(1)   Pre Evacuate Collection Set: 0.0ms
[2021-01-13T12:56:13.113-0600][1.257s] GC(1)   Evacuate Collection Set: 10.6ms
[2021-01-13T12:56:13.113-0600][1.257s] GC(1)   Post Evacuate Collection Set: 0.5ms
[2021-01-13T12:56:13.113-0600][1.257s] GC(1)   Other: 0.2ms
[2021-01-13T12:56:13.113-0600][1.257s] GC(1) Eden regions: 41->0(58)
[2021-01-13T12:56:13.113-0600][1.257s] GC(1) Survivor regions: 3->12(39)
[2021-01-13T12:56:13.113-0600][1.257s] GC(1) Old regions: 0->0
[2021-01-13T12:56:13.113-0600][1.257s] GC(1) Humongous regions: 4->4
[2021-01-13T12:56:13.113-0600][1.257s] GC(1) Metaspace: 20735K->20735K(1069056K)
[2021-01-13T12:56:13.114-0600][1.257s] GC(1) Pause Young (Concurrent Start) (Metadata GC Threshold) 47M->15M(512M) 11.495ms
[2021-01-13T12:56:13.114-0600][1.257s] GC(1) User=0.19s Sys=0.00s Real=0.01s
[2021-01-13T12:56:13.114-0600][1.257s] GC(2) Concurrent Cycle
[2021-01-13T12:56:13.114-0600][1.257s] GC(2) Concurrent Clear Claimed Marks
[2021-01-13T12:56:13.114-0600][1.257s] GC(2) Concurrent Clear Claimed Marks 0.046ms
[2021-01-13T12:56:13.114-0600][1.257s] GC(2) Concurrent Scan Root Regions
[2021-01-13T12:56:13.116-0600][1.259s] GC(2) Concurrent Scan Root Regions 2.544ms
[2021-01-13T12:56:13.116-0600][1.259s] GC(2) Concurrent Mark (1.259s)
[2021-01-13T12:56:13.116-0600][1.260s] GC(2) Concurrent Mark From Roots
[2021-01-13T12:56:13.116-0600][1.260s] GC(2) Using 3 workers of 3 for marking
[2021-01-13T12:56:13.117-0600][1.260s] GC(2) Concurrent Mark From Roots 0.623ms
[2021-01-13T12:56:13.117-0600][1.260s] GC(2) Concurrent Preclean
[2021-01-13T12:56:13.117-0600][1.260s] GC(2) Concurrent Preclean 0.110ms
[2021-01-13T12:56:13.117-0600][1.260s] GC(2) Concurrent Mark (1.259s, 1.260s) 0.780ms
[2021-01-13T12:56:13.117-0600][1.260s] GC(2) Pause Remark
[2021-01-13T12:56:13.118-0600][1.261s] GC(2) Cleaned string and symbol table, strings: 10179 processed, 0 removed, symbols: 67896 processed, 17 removed
[2021-01-13T12:56:13.118-0600][1.261s] GC(2) Pause Remark 16M->16M(512M) 1.121ms
[2021-01-13T12:56:13.118-0600][1.261s] GC(2) User=0.00s Sys=0.00s Real=0.00s
[2021-01-13T12:56:13.118-0600][1.262s] GC(2) Concurrent Rebuild Remembered Sets
[2021-01-13T12:56:13.119-0600][1.263s] GC(2) Concurrent Rebuild Remembered Sets 1.216ms
[2021-01-13T12:56:13.120-0600][1.263s] GC(2) Pause Cleanup
[2021-01-13T12:56:13.120-0600][1.263s] GC(2) Pause Cleanup 16M->16M(512M) 0.067ms
[2021-01-13T12:56:13.120-0600][1.263s] GC(2) User=0.00s Sys=0.00s Real=0.00s
[2021-01-13T12:56:13.120-0600][1.263s] GC(2) Concurrent Cleanup for Next Mark
[2021-01-13T12:56:13.120-0600][1.263s] GC(2) Concurrent Cleanup for Next Mark 0.305ms
[2021-01-13T12:56:13.120-0600][1.263s] GC(2) Concurrent Cycle 6.477ms
[2021-01-13T12:56:13.951-0600][2.095s] GC(3) Pause Young (Normal) (G1 Evacuation Pause)
[2021-01-13T12:56:13.952-0600][2.095s] GC(3) Using 13 workers of 13 for evacuation
[2021-01-13T12:56:13.959-0600][2.102s] GC(3)   Pre Evacuate Collection Set: 0.0ms
[2021-01-13T12:56:13.959-0600][2.102s] GC(3)   Evacuate Collection Set: 6.7ms
[2021-01-13T12:56:13.959-0600][2.102s] GC(3)   Post Evacuate Collection Set: 0.6ms
[2021-01-13T12:56:13.959-0600][2.102s] GC(3)   Other: 0.2ms
[2021-01-13T12:56:13.959-0600][2.102s] GC(3) Eden regions: 46->0(69)
[2021-01-13T12:56:13.959-0600][2.103s] GC(3) Survivor regions: 12->8(8)
[2021-01-13T12:56:13.959-0600][2.103s] GC(3) Old regions: 0->12
[2021-01-13T12:56:13.959-0600][2.103s] GC(3) Humongous regions: 4->4
[2021-01-13T12:56:13.959-0600][2.103s] GC(3) Metaspace: 26114K->26114K(1073152K)
[2021-01-13T12:56:13.959-0600][2.103s] GC(3) Pause Young (Normal) (G1 Evacuation Pause) 61M->23M(512M) 7.745ms
[2021-01-13T12:56:13.959-0600][2.103s] GC(3) User=0.20s Sys=0.02s Real=0.01s
[2021-01-13T12:56:14.694-0600][2.838s] GC(4) Pause Young (Concurrent Start) (Metadata GC Threshold)
[2021-01-13T12:56:14.694-0600][2.838s] GC(4) Using 13 workers of 13 for evacuation
[2021-01-13T12:56:14.697-0600][2.840s] GC(4)   Pre Evacuate Collection Set: 0.0ms
[2021-01-13T12:56:14.697-0600][2.840s] GC(4)   Evacuate Collection Set: 2.3ms
[2021-01-13T12:56:14.697-0600][2.840s] GC(4)   Post Evacuate Collection Set: 0.2ms
[2021-01-13T12:56:14.697-0600][2.841s] GC(4)   Other: 0.2ms
[2021-01-13T12:56:14.697-0600][2.841s] GC(4) Eden regions: 66->0(105)
[2021-01-13T12:56:14.697-0600][2.841s] GC(4) Survivor regions: 8->2(10)
[2021-01-13T12:56:14.697-0600][2.841s] GC(4) Old regions: 12->20
[2021-01-13T12:56:14.697-0600][2.841s] GC(4) Humongous regions: 4->4
[2021-01-13T12:56:14.697-0600][2.841s] GC(4) Metaspace: 35266K->35266K(1081344K)
[2021-01-13T12:56:14.697-0600][2.841s] GC(4) Pause Young (Concurrent Start) (Metadata GC Threshold) 89M->24M(512M) 2.898ms
[2021-01-13T12:56:14.697-0600][2.841s] GC(4) User=0.00s Sys=0.00s Real=0.00s
[2021-01-13T12:56:14.697-0600][2.841s] GC(5) Concurrent Cycle
[2021-01-13T12:56:14.697-0600][2.841s] GC(5) Concurrent Clear Claimed Marks
[2021-01-13T12:56:14.697-0600][2.841s] GC(5) Concurrent Clear Claimed Marks 0.026ms
[2021-01-13T12:56:14.697-0600][2.841s] GC(5) Concurrent Scan Root Regions
[2021-01-13T12:56:14.698-0600][2.842s] GC(5) Concurrent Scan Root Regions 0.944ms
[2021-01-13T12:56:14.698-0600][2.842s] GC(5) Concurrent Mark (2.842s)
[2021-01-13T12:56:14.698-0600][2.842s] GC(5) Concurrent Mark From Roots
[2021-01-13T12:56:14.698-0600][2.842s] GC(5) Using 3 workers of 3 for marking
[2021-01-13T12:56:14.712-0600][2.855s] GC(5) Concurrent Mark From Roots 13.633ms
[2021-01-13T12:56:14.712-0600][2.855s] GC(5) Concurrent Preclean
[2021-01-13T12:56:14.712-0600][2.856s] GC(5) Concurrent Preclean 0.249ms
[2021-01-13T12:56:14.712-0600][2.856s] GC(5) Concurrent Mark (2.842s, 2.856s) 13.981ms
[2021-01-13T12:56:14.712-0600][2.856s] GC(5) Pause Remark
[2021-01-13T12:56:14.714-0600][2.858s] GC(5) Cleaned string and symbol table, strings: 16748 processed, 22 removed, symbols: 114898 processed, 43 removed
[2021-01-13T12:56:14.714-0600][2.858s] GC(5) Pause Remark 25M->25M(512M) 2.178ms
[2021-01-13T12:56:14.714-0600][2.858s] GC(5) User=0.00s Sys=0.00s Real=0.00s
[2021-01-13T12:56:14.714-0600][2.858s] GC(5) Concurrent Rebuild Remembered Sets
[2021-01-13T12:56:14.719-0600][2.863s] GC(5) Concurrent Rebuild Remembered Sets 4.793ms
[2021-01-13T12:56:14.719-0600][2.863s] GC(5) Pause Cleanup
[2021-01-13T12:56:14.719-0600][2.863s] GC(5) Pause Cleanup 26M->26M(512M) 0.091ms
[2021-01-13T12:56:14.719-0600][2.863s] GC(5) User=0.00s Sys=0.00s Real=0.00s
[2021-01-13T12:56:14.719-0600][2.863s] GC(5) Concurrent Cleanup for Next Mark
[2021-01-13T12:56:14.720-0600][2.863s] GC(5) Concurrent Cleanup for Next Mark 0.384ms
[2021-01-13T12:56:14.720-0600][2.863s] GC(5) Concurrent Cycle 22.821ms
[2021-01-13T12:56:19.723-0600][7.867s] GC(6) Pause Young (Concurrent Start) (G1 Evacuation Pause)
[2021-01-13T12:56:19.723-0600][7.867s] GC(6) Using 13 workers of 13 for evacuation
[2021-01-13T12:56:19.727-0600][7.871s] GC(6)   Pre Evacuate Collection Set: 0.0ms
[2021-01-13T12:56:19.728-0600][7.871s] GC(6)   Evacuate Collection Set: 4.0ms
[2021-01-13T12:56:19.728-0600][7.871s] GC(6)   Post Evacuate Collection Set: 0.5ms
[2021-01-13T12:56:19.728-0600][7.871s] GC(6)   Other: 0.2ms
[2021-01-13T12:56:19.728-0600][7.871s] GC(6) Eden regions: 105->0(154)
[2021-01-13T12:56:19.728-0600][7.871s] GC(6) Survivor regions: 2->9(14)
[2021-01-13T12:56:19.728-0600][7.871s] GC(6) Old regions: 20->20
[2021-01-13T12:56:19.728-0600][7.871s] GC(6) Humongous regions: 5->5
[2021-01-13T12:56:19.728-0600][7.871s] GC(6) Metaspace: 43146K->43146K(1089536K)
[2021-01-13T12:56:19.728-0600][7.872s] GC(6) Pause Young (Concurrent Start) (G1 Evacuation Pause) 130M->32M(512M) 4.977ms
[2021-01-13T12:56:19.728-0600][7.872s] GC(6) User=0.00s Sys=0.00s Real=0.00s
[2021-01-13T12:56:19.728-0600][7.872s] GC(7) Concurrent Cycle
[2021-01-13T12:56:19.728-0600][7.872s] GC(7) Concurrent Clear Claimed Marks
[2021-01-13T12:56:19.728-0600][7.872s] GC(7) Concurrent Clear Claimed Marks 0.042ms
[2021-01-13T12:56:19.728-0600][7.872s] GC(7) Concurrent Scan Root Regions
[2021-01-13T12:56:19.730-0600][7.874s] GC(7) Concurrent Scan Root Regions 1.969ms
[2021-01-13T12:56:19.730-0600][7.874s] GC(7) Concurrent Mark (7.874s)
[2021-01-13T12:56:19.730-0600][7.874s] GC(7) Concurrent Mark From Roots
[2021-01-13T12:56:19.730-0600][7.874s] GC(7) Using 3 workers of 3 for marking
[2021-01-13T12:56:19.742-0600][7.886s] GC(7) Concurrent Mark From Roots 12.058ms
[2021-01-13T12:56:19.742-0600][7.886s] GC(7) Concurrent Preclean
[2021-01-13T12:56:19.742-0600][7.886s] GC(7) Concurrent Preclean 0.262ms
[2021-01-13T12:56:19.742-0600][7.886s] GC(7) Concurrent Mark (7.874s, 7.886s) 12.416ms
[2021-01-13T12:56:19.742-0600][7.886s] GC(7) Pause Remark
[2021-01-13T12:56:19.745-0600][7.889s] GC(7) Cleaned string and symbol table, strings: 19955 processed, 4 removed, symbols: 139060 processed, 65 removed
[2021-01-13T12:56:19.745-0600][7.889s] GC(7) Pause Remark 37M->37M(512M) 2.871ms
[2021-01-13T12:56:19.745-0600][7.889s] GC(7) User=0.00s Sys=0.00s Real=0.00s
[2021-01-13T12:56:19.745-0600][7.889s] GC(7) Concurrent Rebuild Remembered Sets
[2021-01-13T12:56:19.752-0600][7.896s] GC(7) Concurrent Rebuild Remembered Sets 6.372ms
[2021-01-13T12:56:19.752-0600][7.896s] GC(7) Pause Cleanup
[2021-01-13T12:56:19.752-0600][7.896s] GC(7) Pause Cleanup 38M->38M(512M) 0.095ms
[2021-01-13T12:56:19.752-0600][7.896s] GC(7) User=0.00s Sys=0.00s Real=0.00s
[2021-01-13T12:56:19.752-0600][7.896s] GC(7) Concurrent Cleanup for Next Mark
[2021-01-13T12:56:19.753-0600][7.896s] GC(7) Concurrent Cleanup for Next Mark 0.469ms
[2021-01-13T12:56:19.753-0600][7.896s] GC(7) Concurrent Cycle 24.839ms
[2021-01-13T12:56:19.946-0600][8.090s] GC(8) Pause Young (Normal) (G1 Evacuation Pause)
[2021-01-13T12:56:19.946-0600][8.090s] GC(8) Using 13 workers of 13 for evacuation
[2021-01-13T12:56:19.950-0600][8.094s] GC(8)   Pre Evacuate Collection Set: 0.0ms
[2021-01-13T12:56:19.951-0600][8.094s] GC(8)   Evacuate Collection Set: 3.4ms
[2021-01-13T12:56:19.951-0600][8.094s] GC(8)   Post Evacuate Collection Set: 0.5ms
[2021-01-13T12:56:19.951-0600][8.094s] GC(8)   Other: 0.2ms
[2021-01-13T12:56:19.951-0600][8.094s] GC(8) Eden regions: 159->0(226)
[2021-01-13T12:56:19.951-0600][8.094s] GC(8) Survivor regions: 9->12(21)
[2021-01-13T12:56:19.951-0600][8.095s] GC(8) Old regions: 20->20
[2021-01-13T12:56:19.951-0600][8.095s] GC(8) Humongous regions: 6->5
[2021-01-13T12:56:19.951-0600][8.095s] GC(8) Metaspace: 45635K->45635K(1091584K)
[2021-01-13T12:56:19.951-0600][8.095s] GC(8) Pause Young (Normal) (G1 Evacuation Pause) 192M->35M(512M) 4.344ms
[2021-01-13T12:56:19.951-0600][8.095s] GC(8) User=0.00s Sys=0.00s Real=0.00s
[2021-01-13T12:56:20.384-0600][8.528s] GC(9) Pause Young (Normal) (G1 Evacuation Pause)
[2021-01-13T12:56:20.384-0600][8.528s] GC(9) Using 13 workers of 13 for evacuation
[2021-01-13T12:56:20.390-0600][8.534s] GC(9)   Pre Evacuate Collection Set: 0.0ms
[2021-01-13T12:56:20.390-0600][8.534s] GC(9)   Evacuate Collection Set: 5.3ms
[2021-01-13T12:56:20.390-0600][8.534s] GC(9)   Post Evacuate Collection Set: 0.5ms
[2021-01-13T12:56:20.391-0600][8.534s] GC(9)   Other: 0.3ms
[2021-01-13T12:56:20.391-0600][8.535s] GC(9) Eden regions: 226->0(294)
[2021-01-13T12:56:20.391-0600][8.535s] GC(9) Survivor regions: 12->13(30)
[2021-01-13T12:56:20.391-0600][8.535s] GC(9) Old regions: 20->20
[2021-01-13T12:56:20.391-0600][8.535s] GC(9) Humongous regions: 5->5
[2021-01-13T12:56:20.391-0600][8.535s] GC(9) Metaspace: 48408K->48408K(1093632K)
[2021-01-13T12:56:20.391-0600][8.535s] GC(9) Pause Young (Normal) (G1 Evacuation Pause) 261M->36M(512M) 6.278ms
[2021-01-13T12:56:20.391-0600][8.535s] GC(9) User=0.00s Sys=0.00s Real=0.01s
