[2021-01-15T16:45:39.886-0600][0.042s] Heap region size: 1M
[2021-01-15T16:45:40.034-0600][0.190s] Using G1
[2021-01-15T16:45:40.034-0600][0.190s] Heap address: 0x00000000e0000000, size: 512 MB, Compressed Oops mode: 32-bit
[2021-01-15T16:45:42.955-0600][3.112s] GC(0) Pause Young (Normal) (G1 Evacuation Pause)
[2021-01-15T16:45:42.956-0600][3.113s] GC(0) Using 12 workers of 13 for evacuation
[2021-01-15T16:45:42.960-0600][3.117s] GC(0)   Pre Evacuate Collection Set: 0.0ms
[2021-01-15T16:45:42.960-0600][3.117s] GC(0)   Evacuate Collection Set: 2.5ms
[2021-01-15T16:45:42.960-0600][3.117s] GC(0)   Post Evacuate Collection Set: 1.2ms
[2021-01-15T16:45:42.960-0600][3.117s] GC(0)   Other: 2.7ms
[2021-01-15T16:45:42.960-0600][3.117s] GC(0) Eden regions: 30->0(304)
[2021-01-15T16:45:42.961-0600][3.117s] GC(0) Survivor regions: 0->3(4)
[2021-01-15T16:45:42.961-0600][3.117s] GC(0) Old regions: 0->0
[2021-01-15T16:45:42.961-0600][3.117s] GC(0) Humongous regions: 0->0
[2021-01-15T16:45:42.961-0600][3.118s] GC(0) Metaspace: 13090K->13090K(1060864K)
[2021-01-15T16:45:42.961-0600][3.118s] GC(0) Pause Young (Normal) (G1 Evacuation Pause) 30M->2M(512M) 5.685ms
[2021-01-15T16:45:42.961-0600][3.118s] GC(0) User=0.00s Sys=0.00s Real=0.01s
[2021-01-15T16:45:43.961-0600][4.117s] GC(1) Pause Young (Concurrent Start) (Metadata GC Threshold)
[2021-01-15T16:45:43.961-0600][4.117s] GC(1) Using 12 workers of 13 for evacuation
[2021-01-15T16:45:43.967-0600][4.123s] GC(1)   Pre Evacuate Collection Set: 0.0ms
[2021-01-15T16:45:43.967-0600][4.123s] GC(1)   Evacuate Collection Set: 5.3ms
[2021-01-15T16:45:43.967-0600][4.123s] GC(1)   Post Evacuate Collection Set: 0.6ms
[2021-01-15T16:45:43.967-0600][4.123s] GC(1)   Other: 0.2ms
[2021-01-15T16:45:43.967-0600][4.123s] GC(1) Eden regions: 40->0(58)
[2021-01-15T16:45:43.967-0600][4.123s] GC(1) Survivor regions: 3->12(39)
[2021-01-15T16:45:43.967-0600][4.123s] GC(1) Old regions: 0->0
[2021-01-15T16:45:43.967-0600][4.123s] GC(1) Humongous regions: 4->4
[2021-01-15T16:45:43.967-0600][4.123s] GC(1) Metaspace: 20735K->20735K(1069056K)
[2021-01-15T16:45:43.967-0600][4.123s] GC(1) Pause Young (Concurrent Start) (Metadata GC Threshold) 46M->15M(512M) 6.274ms
[2021-01-15T16:45:43.967-0600][4.123s] GC(1) User=0.02s Sys=0.00s Real=0.01s
[2021-01-15T16:45:43.967-0600][4.123s] GC(2) Concurrent Cycle
[2021-01-15T16:45:43.967-0600][4.123s] GC(2) Concurrent Clear Claimed Marks
[2021-01-15T16:45:43.967-0600][4.123s] GC(2) Concurrent Clear Claimed Marks 0.047ms
[2021-01-15T16:45:43.967-0600][4.123s] GC(2) Concurrent Scan Root Regions
[2021-01-15T16:45:43.970-0600][4.126s] GC(2) Concurrent Scan Root Regions 2.943ms
[2021-01-15T16:45:43.970-0600][4.126s] GC(2) Concurrent Mark (4.126s)
[2021-01-15T16:45:43.970-0600][4.126s] GC(2) Concurrent Mark From Roots
[2021-01-15T16:45:43.970-0600][4.126s] GC(2) Using 3 workers of 3 for marking
[2021-01-15T16:45:43.971-0600][4.127s] GC(2) Concurrent Mark From Roots 0.717ms
[2021-01-15T16:45:43.971-0600][4.127s] GC(2) Concurrent Preclean
[2021-01-15T16:45:43.971-0600][4.127s] GC(2) Concurrent Preclean 0.134ms
[2021-01-15T16:45:43.971-0600][4.127s] GC(2) Concurrent Mark (4.126s, 4.127s) 0.917ms
[2021-01-15T16:45:43.971-0600][4.127s] GC(2) Pause Remark
[2021-01-15T16:45:43.973-0600][4.129s] GC(2) Cleaned string and symbol table, strings: 10157 processed, 0 removed, symbols: 67757 processed, 18 removed
[2021-01-15T16:45:43.973-0600][4.129s] GC(2) Pause Remark 16M->16M(512M) 1.821ms
[2021-01-15T16:45:43.973-0600][4.129s] GC(2) User=0.00s Sys=0.00s Real=0.00s
[2021-01-15T16:45:43.973-0600][4.129s] GC(2) Concurrent Rebuild Remembered Sets
[2021-01-15T16:45:43.975-0600][4.131s] GC(2) Concurrent Rebuild Remembered Sets 1.601ms
[2021-01-15T16:45:43.975-0600][4.131s] GC(2) Pause Cleanup
[2021-01-15T16:45:43.975-0600][4.131s] GC(2) Pause Cleanup 16M->16M(512M) 0.066ms
[2021-01-15T16:45:43.975-0600][4.131s] GC(2) User=0.00s Sys=0.00s Real=0.00s
[2021-01-15T16:45:43.975-0600][4.131s] GC(2) Concurrent Cleanup for Next Mark
[2021-01-15T16:45:43.975-0600][4.131s] GC(2) Concurrent Cleanup for Next Mark 0.360ms
[2021-01-15T16:45:43.975-0600][4.131s] GC(2) Concurrent Cycle 8.282ms
[2021-01-15T16:45:45.808-0600][5.965s] GC(3) Pause Young (Normal) (G1 Evacuation Pause)
[2021-01-15T16:45:45.809-0600][5.965s] GC(3) Using 13 workers of 13 for evacuation
[2021-01-15T16:45:45.821-0600][5.977s] GC(3)   Pre Evacuate Collection Set: 0.0ms
[2021-01-15T16:45:45.821-0600][5.977s] GC(3)   Evacuate Collection Set: 11.2ms
[2021-01-15T16:45:45.821-0600][5.977s] GC(3)   Post Evacuate Collection Set: 0.9ms
[2021-01-15T16:45:45.821-0600][5.977s] GC(3)   Other: 0.7ms
[2021-01-15T16:45:45.821-0600][5.977s] GC(3) Eden regions: 48->0(74)
[2021-01-15T16:45:45.821-0600][5.977s] GC(3) Survivor regions: 12->8(8)
[2021-01-15T16:45:45.821-0600][5.977s] GC(3) Old regions: 0->12
[2021-01-15T16:45:45.821-0600][5.977s] GC(3) Humongous regions: 4->4
[2021-01-15T16:45:45.821-0600][5.977s] GC(3) Metaspace: 26386K->26386K(1073152K)
[2021-01-15T16:45:45.821-0600][5.978s] GC(3) Pause Young (Normal) (G1 Evacuation Pause) 63M->23M(512M) 12.955ms
[2021-01-15T16:45:45.821-0600][5.978s] GC(3) User=0.02s Sys=0.00s Real=0.01s
[2021-01-15T16:45:46.749-0600][6.906s] GC(4) Pause Young (Concurrent Start) (Metadata GC Threshold)
[2021-01-15T16:45:46.749-0600][6.906s] GC(4) Using 13 workers of 13 for evacuation
[2021-01-15T16:45:46.752-0600][6.909s] GC(4)   Pre Evacuate Collection Set: 0.0ms
[2021-01-15T16:45:46.752-0600][6.909s] GC(4)   Evacuate Collection Set: 2.6ms
[2021-01-15T16:45:46.752-0600][6.909s] GC(4)   Post Evacuate Collection Set: 0.3ms
[2021-01-15T16:45:46.752-0600][6.909s] GC(4)   Other: 0.2ms
[2021-01-15T16:45:46.752-0600][6.909s] GC(4) Eden regions: 62->0(101)
[2021-01-15T16:45:46.752-0600][6.909s] GC(4) Survivor regions: 8->2(11)
[2021-01-15T16:45:46.752-0600][6.909s] GC(4) Old regions: 12->20
[2021-01-15T16:45:46.752-0600][6.909s] GC(4) Humongous regions: 4->4
[2021-01-15T16:45:46.752-0600][6.909s] GC(4) Metaspace: 34900K->34900K(1081344K)
[2021-01-15T16:45:46.752-0600][6.909s] GC(4) Pause Young (Concurrent Start) (Metadata GC Threshold) 85M->25M(512M) 3.246ms
[2021-01-15T16:45:46.753-0600][6.909s] GC(4) User=0.00s Sys=0.00s Real=0.00s
[2021-01-15T16:45:46.753-0600][6.909s] GC(5) Concurrent Cycle
[2021-01-15T16:45:46.753-0600][6.909s] GC(5) Concurrent Clear Claimed Marks
[2021-01-15T16:45:46.753-0600][6.909s] GC(5) Concurrent Clear Claimed Marks 0.031ms
[2021-01-15T16:45:46.753-0600][6.909s] GC(5) Concurrent Scan Root Regions
[2021-01-15T16:45:46.754-0600][6.910s] GC(5) Concurrent Scan Root Regions 0.996ms
[2021-01-15T16:45:46.754-0600][6.910s] GC(5) Concurrent Mark (6.910s)
[2021-01-15T16:45:46.754-0600][6.910s] GC(5) Concurrent Mark From Roots
[2021-01-15T16:45:46.754-0600][6.910s] GC(5) Using 3 workers of 3 for marking
[2021-01-15T16:45:46.776-0600][6.933s] GC(5) Concurrent Mark From Roots 22.796ms
[2021-01-15T16:45:46.776-0600][6.933s] GC(5) Concurrent Preclean
[2021-01-15T16:45:46.777-0600][6.933s] GC(5) Concurrent Preclean 0.255ms
[2021-01-15T16:45:46.777-0600][6.933s] GC(5) Concurrent Mark (6.910s, 6.933s) 23.141ms
[2021-01-15T16:45:46.777-0600][6.934s] GC(5) Pause Remark
[2021-01-15T16:45:46.779-0600][6.936s] GC(5) Cleaned string and symbol table, strings: 15920 processed, 22 removed, symbols: 113369 processed, 43 removed
[2021-01-15T16:45:46.779-0600][6.936s] GC(5) Pause Remark 26M->26M(512M) 2.152ms
[2021-01-15T16:45:46.779-0600][6.936s] GC(5) User=0.00s Sys=0.00s Real=0.00s
[2021-01-15T16:45:46.779-0600][6.936s] GC(5) Concurrent Rebuild Remembered Sets
[2021-01-15T16:45:46.788-0600][6.945s] GC(5) Concurrent Rebuild Remembered Sets 8.986ms
[2021-01-15T16:45:46.789-0600][6.946s] GC(5) Pause Cleanup
[2021-01-15T16:45:46.790-0600][6.946s] GC(5) Pause Cleanup 26M->26M(512M) 0.118ms
[2021-01-15T16:45:46.790-0600][6.946s] GC(5) User=0.00s Sys=0.00s Real=0.00s
[2021-01-15T16:45:46.790-0600][6.946s] GC(5) Concurrent Cleanup for Next Mark
[2021-01-15T16:45:46.790-0600][6.947s] GC(5) Concurrent Cleanup for Next Mark 0.419ms
[2021-01-15T16:45:46.790-0600][6.947s] GC(5) Concurrent Cycle 37.486ms
[2021-01-15T16:45:52.587-0600][12.744s] GC(6) Pause Young (Concurrent Start) (G1 Evacuation Pause)
[2021-01-15T16:45:52.587-0600][12.744s] GC(6) Using 13 workers of 13 for evacuation
[2021-01-15T16:45:52.592-0600][12.749s] GC(6)   Pre Evacuate Collection Set: 0.0ms
[2021-01-15T16:45:52.592-0600][12.749s] GC(6)   Evacuate Collection Set: 4.3ms
[2021-01-15T16:45:52.592-0600][12.749s] GC(6)   Post Evacuate Collection Set: 0.5ms
[2021-01-15T16:45:52.592-0600][12.749s] GC(6)   Other: 0.2ms
[2021-01-15T16:45:52.592-0600][12.749s] GC(6) Eden regions: 101->0(167)
[2021-01-15T16:45:52.592-0600][12.749s] GC(6) Survivor regions: 2->7(13)
[2021-01-15T16:45:52.593-0600][12.749s] GC(6) Old regions: 20->20
[2021-01-15T16:45:52.593-0600][12.749s] GC(6) Humongous regions: 4->4
[2021-01-15T16:45:52.593-0600][12.749s] GC(6) Metaspace: 42930K->42930K(1087488K)
[2021-01-15T16:45:52.593-0600][12.749s] GC(6) Pause Young (Concurrent Start) (G1 Evacuation Pause) 126M->29M(512M) 5.137ms
[2021-01-15T16:45:52.593-0600][12.749s] GC(6) User=0.00s Sys=0.00s Real=0.01s
[2021-01-15T16:45:52.593-0600][12.749s] GC(7) Concurrent Cycle
[2021-01-15T16:45:52.593-0600][12.749s] GC(7) Concurrent Clear Claimed Marks
[2021-01-15T16:45:52.593-0600][12.749s] GC(7) Concurrent Clear Claimed Marks 0.068ms
[2021-01-15T16:45:52.593-0600][12.749s] GC(7) Concurrent Scan Root Regions
[2021-01-15T16:45:52.595-0600][12.752s] GC(7) Concurrent Scan Root Regions 2.489ms
[2021-01-15T16:45:52.595-0600][12.752s] GC(7) Concurrent Mark (12.752s)
[2021-01-15T16:45:52.595-0600][12.752s] GC(7) Concurrent Mark From Roots
[2021-01-15T16:45:52.595-0600][12.752s] GC(7) Using 3 workers of 3 for marking
[2021-01-15T16:45:52.606-0600][12.763s] GC(7) Concurrent Mark From Roots 11.183ms
[2021-01-15T16:45:52.607-0600][12.763s] GC(7) Concurrent Preclean
[2021-01-15T16:45:52.607-0600][12.763s] GC(7) Concurrent Preclean 0.189ms
[2021-01-15T16:45:52.607-0600][12.763s] GC(7) Concurrent Mark (12.752s, 12.763s) 11.460ms
[2021-01-15T16:45:52.607-0600][12.763s] GC(7) Pause Remark
[2021-01-15T16:45:52.609-0600][12.765s] GC(7) Cleaned string and symbol table, strings: 19827 processed, 4 removed, symbols: 137320 processed, 76 removed
[2021-01-15T16:45:52.609-0600][12.765s] GC(7) Pause Remark 34M->34M(512M) 2.316ms
[2021-01-15T16:45:52.609-0600][12.765s] GC(7) User=0.00s Sys=0.00s Real=0.00s
[2021-01-15T16:45:52.609-0600][12.766s] GC(7) Concurrent Rebuild Remembered Sets
[2021-01-15T16:45:52.614-0600][12.770s] GC(7) Concurrent Rebuild Remembered Sets 4.406ms
[2021-01-15T16:45:52.614-0600][12.770s] GC(7) Pause Cleanup
[2021-01-15T16:45:52.614-0600][12.770s] GC(7) Pause Cleanup 34M->34M(512M) 0.107ms
[2021-01-15T16:45:52.614-0600][12.770s] GC(7) User=0.00s Sys=0.00s Real=0.00s
[2021-01-15T16:45:52.614-0600][12.770s] GC(7) Concurrent Cleanup for Next Mark
[2021-01-15T16:45:52.614-0600][12.771s] GC(7) Concurrent Cleanup for Next Mark 0.354ms
[2021-01-15T16:45:52.614-0600][12.771s] GC(7) Concurrent Cycle 21.700ms
[2021-01-15T16:45:53.560-0600][13.717s] GC(8) Pause Young (Normal) (G1 Evacuation Pause)
[2021-01-15T16:45:53.560-0600][13.717s] GC(8) Using 13 workers of 13 for evacuation
[2021-01-15T16:45:53.564-0600][13.720s] GC(8)   Pre Evacuate Collection Set: 0.0ms
[2021-01-15T16:45:53.564-0600][13.720s] GC(8)   Evacuate Collection Set: 3.1ms
[2021-01-15T16:45:53.564-0600][13.720s] GC(8)   Post Evacuate Collection Set: 0.3ms
[2021-01-15T16:45:53.564-0600][13.720s] GC(8)   Other: 0.2ms
[2021-01-15T16:45:53.564-0600][13.720s] GC(8) Eden regions: 174->0(296)
[2021-01-15T16:45:53.564-0600][13.720s] GC(8) Survivor regions: 7->11(23)
[2021-01-15T16:45:53.564-0600][13.720s] GC(8) Old regions: 20->20
[2021-01-15T16:45:53.564-0600][13.720s] GC(8) Humongous regions: 6->5
[2021-01-15T16:45:53.564-0600][13.720s] GC(8) Metaspace: 46725K->46725K(1091584K)
[2021-01-15T16:45:53.564-0600][13.720s] GC(8) Pause Young (Normal) (G1 Evacuation Pause) 205M->35M(512M) 3.774ms
[2021-01-15T16:45:53.564-0600][13.721s] GC(8) User=0.00s Sys=0.00s Real=0.00s
[2021-01-15T16:45:59.628-0600][19.785s] GC(9) Pause Young (Normal) (G1 Evacuation Pause)
[2021-01-15T16:45:59.628-0600][19.785s] GC(9) Using 13 workers of 13 for evacuation
[2021-01-15T16:45:59.634-0600][19.791s] GC(9)   Pre Evacuate Collection Set: 0.0ms
[2021-01-15T16:45:59.634-0600][19.791s] GC(9)   Evacuate Collection Set: 4.9ms
[2021-01-15T16:45:59.634-0600][19.791s] GC(9)   Post Evacuate Collection Set: 0.5ms
[2021-01-15T16:45:59.634-0600][19.791s] GC(9)   Other: 0.2ms
[2021-01-15T16:45:59.634-0600][19.791s] GC(9) Eden regions: 296->0(290)
[2021-01-15T16:45:59.634-0600][19.791s] GC(9) Survivor regions: 11->17(39)
[2021-01-15T16:45:59.634-0600][19.791s] GC(9) Old regions: 20->20
[2021-01-15T16:45:59.634-0600][19.791s] GC(9) Humongous regions: 5->5
[2021-01-15T16:45:59.634-0600][19.791s] GC(9) Metaspace: 52884K->52884K(1097728K)
[2021-01-15T16:45:59.634-0600][19.791s] GC(9) Pause Young (Normal) (G1 Evacuation Pause) 331M->41M(512M) 5.763ms
[2021-01-15T16:45:59.634-0600][19.791s] GC(9) User=0.20s Sys=0.00s Real=0.01s
[2021-01-15T16:53:01.133-0600][441.289s] GC(10) Pause Young (Normal) (G1 Evacuation Pause)
[2021-01-15T16:53:01.133-0600][441.289s] GC(10) Using 13 workers of 13 for evacuation
[2021-01-15T16:53:01.146-0600][441.303s] GC(10)   Pre Evacuate Collection Set: 0.0ms
[2021-01-15T16:53:01.146-0600][441.303s] GC(10)   Evacuate Collection Set: 11.2ms
[2021-01-15T16:53:01.146-0600][441.303s] GC(10)   Post Evacuate Collection Set: 2.2ms
[2021-01-15T16:53:01.146-0600][441.303s] GC(10)   Other: 0.2ms
[2021-01-15T16:53:01.146-0600][441.303s] GC(10) Eden regions: 290->0(275)
[2021-01-15T16:53:01.146-0600][441.303s] GC(10) Survivor regions: 17->32(39)
[2021-01-15T16:53:01.146-0600][441.303s] GC(10) Old regions: 20->20
[2021-01-15T16:53:01.146-0600][441.303s] GC(10) Humongous regions: 16->16
[2021-01-15T16:53:01.146-0600][441.303s] GC(10) Metaspace: 68417K->68417K(1112064K)
[2021-01-15T16:53:01.146-0600][441.303s] GC(10) Pause Young (Normal) (G1 Evacuation Pause) 342M->67M(512M) 13.820ms
[2021-01-15T16:53:01.146-0600][441.303s] GC(10) User=0.00s Sys=0.00s Real=0.01s
[2021-01-15T16:57:38.348-0600][718.505s] GC(11) Pause Young (Normal) (G1 Evacuation Pause)
[2021-01-15T16:57:38.348-0600][718.505s] GC(11) Using 13 workers of 13 for evacuation
[2021-01-15T16:57:38.360-0600][718.517s] GC(11)   Pre Evacuate Collection Set: 0.0ms
[2021-01-15T16:57:38.360-0600][718.517s] GC(11)   Evacuate Collection Set: 9.7ms
[2021-01-15T16:57:38.360-0600][718.517s] GC(11)   Post Evacuate Collection Set: 2.0ms
[2021-01-15T16:57:38.360-0600][718.517s] GC(11)   Other: 0.2ms
[2021-01-15T16:57:38.360-0600][718.517s] GC(11) Eden regions: 275->0(283)
[2021-01-15T16:57:38.360-0600][718.517s] GC(11) Survivor regions: 32->24(39)
[2021-01-15T16:57:38.360-0600][718.517s] GC(11) Old regions: 20->36
[2021-01-15T16:57:38.360-0600][718.517s] GC(11) Humongous regions: 16->16
[2021-01-15T16:57:38.360-0600][718.517s] GC(11) Metaspace: 70166K->70166K(1112064K)
[2021-01-15T16:57:38.360-0600][718.517s] GC(11) Pause Young (Normal) (G1 Evacuation Pause) 342M->74M(512M) 12.095ms
[2021-01-15T16:57:38.360-0600][718.517s] GC(11) User=0.22s Sys=0.00s Real=0.01s
[2021-01-15T16:59:49.370-0600][849.527s] GC(12) Pause Young (Concurrent Start) (Metadata GC Threshold)
[2021-01-15T16:59:49.370-0600][849.527s] GC(12) Using 13 workers of 13 for evacuation
[2021-01-15T16:59:49.380-0600][849.537s] GC(12)   Pre Evacuate Collection Set: 0.1ms
[2021-01-15T16:59:49.380-0600][849.537s] GC(12)   Evacuate Collection Set: 9.2ms
[2021-01-15T16:59:49.380-0600][849.537s] GC(12)   Post Evacuate Collection Set: 0.5ms
[2021-01-15T16:59:49.380-0600][849.537s] GC(12)   Other: 0.2ms
[2021-01-15T16:59:49.380-0600][849.537s] GC(12) Eden regions: 33->0(301)
[2021-01-15T16:59:49.380-0600][849.537s] GC(12) Survivor regions: 24->6(39)
[2021-01-15T16:59:49.380-0600][849.537s] GC(12) Old regions: 36->50
[2021-01-15T16:59:49.380-0600][849.537s] GC(12) Humongous regions: 34->17
[2021-01-15T16:59:49.380-0600][849.537s] GC(12) Metaspace: 71451K->71451K(1114112K)
[2021-01-15T16:59:49.381-0600][849.537s] GC(12) Pause Young (Concurrent Start) (Metadata GC Threshold) 125M->72M(512M) 10.238ms
[2021-01-15T16:59:49.381-0600][849.537s] GC(12) User=0.00s Sys=0.00s Real=0.01s
[2021-01-15T16:59:49.381-0600][849.537s] GC(13) Concurrent Cycle
[2021-01-15T16:59:49.381-0600][849.537s] GC(13) Concurrent Clear Claimed Marks
[2021-01-15T16:59:49.381-0600][849.537s] GC(13) Concurrent Clear Claimed Marks 0.124ms
[2021-01-15T16:59:49.381-0600][849.538s] GC(13) Concurrent Scan Root Regions
[2021-01-15T16:59:49.382-0600][849.538s] GC(13) Concurrent Scan Root Regions 0.869ms
[2021-01-15T16:59:49.382-0600][849.538s] GC(13) Concurrent Mark (849.538s)
[2021-01-15T16:59:49.382-0600][849.538s] GC(13) Concurrent Mark From Roots
[2021-01-15T16:59:49.382-0600][849.538s] GC(13) Using 3 workers of 3 for marking
[2021-01-15T16:59:49.405-0600][849.561s] GC(13) Concurrent Mark From Roots 22.984ms
[2021-01-15T16:59:49.405-0600][849.561s] GC(13) Concurrent Preclean
[2021-01-15T16:59:49.405-0600][849.562s] GC(13) Concurrent Preclean 0.344ms
[2021-01-15T16:59:49.405-0600][849.562s] GC(13) Concurrent Mark (849.538s, 849.562s) 23.405ms
[2021-01-15T16:59:49.406-0600][849.562s] GC(13) Pause Remark
[2021-01-15T16:59:49.413-0600][849.570s] GC(13) Cleaned string and symbol table, strings: 38138 processed, 1132 removed, symbols: 218252 processed, 617 removed
[2021-01-15T16:59:49.414-0600][849.570s] GC(13) Pause Remark 76M->76M(512M) 7.915ms
[2021-01-15T16:59:49.414-0600][849.570s] GC(13) User=0.02s Sys=0.00s Real=0.01s
[2021-01-15T16:59:49.414-0600][849.570s] GC(13) Concurrent Rebuild Remembered Sets
[2021-01-15T16:59:49.426-0600][849.583s] GC(13) Concurrent Rebuild Remembered Sets 12.484ms
[2021-01-15T16:59:49.426-0600][849.583s] GC(13) Pause Cleanup
[2021-01-15T16:59:49.426-0600][849.583s] GC(13) Pause Cleanup 78M->78M(512M) 0.116ms
[2021-01-15T16:59:49.426-0600][849.583s] GC(13) User=0.00s Sys=0.00s Real=0.00s
[2021-01-15T16:59:49.427-0600][849.583s] GC(13) Concurrent Cleanup for Next Mark
[2021-01-15T16:59:49.428-0600][849.585s] GC(13) Concurrent Cleanup for Next Mark 1.687ms
[2021-01-15T16:59:49.428-0600][849.585s] GC(13) Concurrent Cycle 47.650ms
